<html>
<body>
<pre>
<h1>µVision Build Log</h1>
<h2>Tool Versions:</h2>
IDE-Version: ¦ÌVision V5.24.2.0
Copyright (C) 2017 ARM Ltd and ARM Germany GmbH. All rights reserved.
License Information: 11 3058650751@qq.com, 1, LIC=21E4T-R2YH9-KPHZY-IAL21-1FV8K-UCIBY
 
Tool Versions:
Toolchain:       MDK-ARM Plus  Version: 5.24.1
Toolchain Path:  D:\keil_mdk\ARM\ARMCC\Bin
C Compiler:      Armcc.exe V5.06 update 5 (build 528)
Assembler:       Armasm.exe V5.06 update 5 (build 528)
Linker/Locator:  ArmLink.exe V5.06 update 5 (build 528)
Library Manager: ArmAr.exe V5.06 update 5 (build 528)
Hex Converter:   FromElf.exe V5.06 update 5 (build 528)
CPU DLL:         SARMCM3.DLL V5.24.1
Dialog DLL:      DCM.DLL V1.16.0.0
Target DLL:      CMSIS_AGDI.dll V1.28.3.0
Dialog DLL:      TCM.DLL V1.32.0.0
 
<h2>Project:</h2>
D:\GitHub\blance_car\MDK-ARM\blance_car.uvprojx
Project File Date:  12/09/2025

<h2>Output:</h2>
*** Using Compiler 'V5.06 update 5 (build 528)', folder: 'D:\keil_mdk\ARM\ARMCC\Bin'
Build target 'blance_car'
assembling startup_stm32h723xx.s...
compiling stm32h7xx_it.c...
compiling spi.c...
compiling stm32h7xx_hal_timebase_tim.c...
compiling stm32h7xx_hal_msp.c...
compiling adc.c...
compiling dma.c...
compiling octospi.c...
compiling tim.c...
compiling fdcan.c...
compiling gpio.c...
compiling usart.c...
compiling freertos.c...
compiling main.c...
compiling stm32h7xx_hal_pcd_ex.c...
compiling stm32h7xx_hal_pcd.c...
compiling stm32h7xx_hal_gpio.c...
compiling usb_device.c...
compiling usbd_conf.c...
compiling stm32h7xx_hal_flash.c...
compiling stm32h7xx_hal_hsem.c...
compiling stm32h7xx_hal_flash_ex.c...
compiling usbd_desc.c...
compiling usbd_cdc_if.c...
compiling stm32h7xx_ll_usb.c...
compiling stm32h7xx_hal_rcc.c...
compiling stm32h7xx_hal_rcc_ex.c...
compiling stm32h7xx_hal_pwr.c...
compiling stm32h7xx_hal_i2c_ex.c...
compiling stm32h7xx_hal_mdma.c...
compiling stm32h7xx_hal_cortex.c...
compiling stm32h7xx_hal_exti.c...
compiling stm32h7xx_hal.c...
compiling stm32h7xx_hal_pwr_ex.c...
compiling stm32h7xx_hal_dma_ex.c...
compiling stm32h7xx_hal_adc_ex.c...
compiling croutine.c...
compiling stm32h7xx_hal_i2c.c...
compiling list.c...
compiling event_groups.c...
compiling queue.c...
compiling stream_buffer.c...
compiling timers.c...
compiling tasks.c...
compiling heap_4.c...
compiling cmsis_os.c...
compiling port.c...
compiling stm32h7xx_hal_fdcan.c...
compiling stm32h7xx_hal_adc.c...
compiling stm32h7xx_hal_dma.c...
compiling stm32h7xx_hal_spi_ex.c...
compiling First_order_filter.cpp...
compiling pid.cpp...
..\user_code\algorithm\Pid.h(52): warning:  #1-D: last line of file ends without a newline
  #endif
..\user_code\algorithm\pid.cpp(52): warning:  #1-D: last line of file ends without a newline
  }
..\user_code\algorithm\pid.cpp: 2 warnings, 0 errors
compiling stm32h7xx_hal_ospi.c...
compiling stm32h7xx_hal_spi.c...
compiling stm32h7xx_hal_tim_ex.c...
compiling stm32h7xx_hal_uart_ex.c...
compiling stm32h7xx_hal_uart.c...
compiling system_stm32h7xx.c...
compiling stm32h7xx_hal_tim.c...
compiling usbd_ctlreq.c...
compiling usbd_core.c...
compiling usbd_ioreq.c...
compiling user_lib.cpp...
compiling usbd_cdc.c...
compiling can_receive.cpp...
compiling bsp_fdcan.cpp...
compiling bsp_buzzer.cpp...
compiling ws2812.cpp...
compiling bsp_uart.cpp...
compiling balance_task.cpp...
..\user_code\algorithm\pid.h(52): warning:  #1-D: last line of file ends without a newline
  #endif
..\user_code\device\motor.h(49): warning:  #1-D: last line of file ends without a newline
  #endif
..\user_code\module\car.h(48): warning:  #382-D: in-class initializer for nonstatic member is nonstandard
      const fp32 STOP_ANGLE = 40.0f; // å€’åœ°é˜ˆå€?
..\user_code\module\car.h(52): warning:  #1-D: last line of file ends without a newline
  #endif
..\user_code\application\balance_task.cpp(32): warning:  #1-D: last line of file ends without a newline
  }
..\user_code\application\balance_task.cpp: 5 warnings, 0 errors
compiling communicate_task.cpp...
compiling car.cpp...
..\user_code\algorithm\pid.h(52): warning:  #1-D: last line of file ends without a newline
  #endif
..\user_code\device\motor.h(49): warning:  #1-D: last line of file ends without a newline
  #endif
..\user_code\module\Car.h(48): warning:  #382-D: in-class initializer for nonstatic member is nonstandard
      const fp32 STOP_ANGLE = 40.0f; // å€’åœ°é˜ˆå€?
..\user_code\module\Car.h(52): warning:  #1-D: last line of file ends without a newline
  #endif
..\user_code\module\car.cpp(129): warning:  #1-D: last line of file ends without a newline
  }
..\user_code\module\car.cpp: 5 warnings, 0 errors
compiling communicate.cpp...
compiling imu.cpp...
compiling Motor.cpp...
..\user_code\device\motor.h(49): warning:  #1-D: last line of file ends without a newline
  #endif
..\user_code\device\Motor.cpp(75): warning:  #1-D: last line of file ends without a newline
  }
..\user_code\device\Motor.cpp: 2 warnings, 0 errors
linking...
Program Size: Code=46960 RO-data=1068 RW-data=200 ZI-data=24712  
FromELF: creating hex file...
"blance_car\blance_car.axf" - 0 Error(s), 14 Warning(s).

<h2>Software Packages used:</h2>

Package Vendor: ARM
                http://www.keil.com/pack/ARM.CMSIS.5.0.1.pack
                ARM.CMSIS.5.0.1
                CMSIS (Cortex Microcontroller Software Interface Standard)
   * Component: CORE Version: 5.0.1

Package Vendor: Keil
                https://www.keil.com/pack/Keil.STM32H7xx_DFP.3.1.1.pack
                Keil.STM32H7xx_DFP.3.1.1
                STMicroelectronics STM32H7 Series Device Support and Examples

<h2>Collection of Component include folders:</h2>
  .\RTE\_blance_car
  D:\keil_mdk\ARM\PACK\ARM\CMSIS\5.0.1\CMSIS\Include
  D:\keil_mdk\ARM\PACK\Keil\STM32H7xx_DFP\3.1.1\Drivers\CMSIS\Device\ST\STM32H7xx\Include

<h2>Collection of Component Files used:</h2>

   * Component: ARM::CMSIS:CORE:5.0.1
Build Time Elapsed:  00:04:49
</pre>
</body>
</html>
