Component: ARM Compiler 5.06 update 5 (build 528) Tool: armlink [4d35e2]

==============================================================================

Section Cross References

    startup_stm32h723xx.o(STACK) refers (Special) to heapauxi.o(.text) for __use_two_region_memory
    startup_stm32h723xx.o(HEAP) refers (Special) to heapauxi.o(.text) for __use_two_region_memory
    startup_stm32h723xx.o(RESET) refers (Special) to heapauxi.o(.text) for __use_two_region_memory
    startup_stm32h723xx.o(RESET) refers to startup_stm32h723xx.o(STACK) for __initial_sp
    startup_stm32h723xx.o(RESET) refers to startup_stm32h723xx.o(.text) for Reset_Handler
    startup_stm32h723xx.o(RESET) refers to stm32h7xx_it.o(i.NMI_Handler) for NMI_Handler
    startup_stm32h723xx.o(RESET) refers to stm32h7xx_it.o(i.HardFault_Handler) for HardFault_Handler
    startup_stm32h723xx.o(RESET) refers to stm32h7xx_it.o(i.MemManage_Handler) for MemManage_Handler
    startup_stm32h723xx.o(RESET) refers to stm32h7xx_it.o(i.BusFault_Handler) for BusFault_Handler
    startup_stm32h723xx.o(RESET) refers to stm32h7xx_it.o(i.UsageFault_Handler) for UsageFault_Handler
    startup_stm32h723xx.o(RESET) refers to port.o(.emb_text) for SVC_Handler
    startup_stm32h723xx.o(RESET) refers to stm32h7xx_it.o(i.DebugMon_Handler) for DebugMon_Handler
    startup_stm32h723xx.o(RESET) refers to port.o(i.SysTick_Handler) for SysTick_Handler
    startup_stm32h723xx.o(RESET) refers to stm32h7xx_it.o(i.DMA1_Stream0_IRQHandler) for DMA1_Stream0_IRQHandler
    startup_stm32h723xx.o(RESET) refers to stm32h7xx_it.o(i.DMA1_Stream1_IRQHandler) for DMA1_Stream1_IRQHandler
    startup_stm32h723xx.o(RESET) refers to stm32h7xx_it.o(i.FDCAN1_IT0_IRQHandler) for FDCAN1_IT0_IRQHandler
    startup_stm32h723xx.o(RESET) refers to stm32h7xx_it.o(i.FDCAN2_IT0_IRQHandler) for FDCAN2_IT0_IRQHandler
    startup_stm32h723xx.o(RESET) refers to stm32h7xx_it.o(i.FDCAN1_IT1_IRQHandler) for FDCAN1_IT1_IRQHandler
    startup_stm32h723xx.o(RESET) refers to stm32h7xx_it.o(i.FDCAN2_IT1_IRQHandler) for FDCAN2_IT1_IRQHandler
    startup_stm32h723xx.o(RESET) refers to stm32h7xx_it.o(i.USART1_IRQHandler) for USART1_IRQHandler
    startup_stm32h723xx.o(RESET) refers to stm32h7xx_it.o(i.USART2_IRQHandler) for USART2_IRQHandler
    startup_stm32h723xx.o(RESET) refers to stm32h7xx_it.o(i.USART3_IRQHandler) for USART3_IRQHandler
    startup_stm32h723xx.o(RESET) refers to stm32h7xx_it.o(i.OTG_HS_IRQHandler) for OTG_HS_IRQHandler
    startup_stm32h723xx.o(RESET) refers to stm32h7xx_it.o(i.UART7_IRQHandler) for UART7_IRQHandler
    startup_stm32h723xx.o(RESET) refers to stm32h7xx_it.o(i.USART10_IRQHandler) for USART10_IRQHandler
    startup_stm32h723xx.o(RESET) refers to stm32h7xx_it.o(i.FDCAN3_IT0_IRQHandler) for FDCAN3_IT0_IRQHandler
    startup_stm32h723xx.o(RESET) refers to stm32h7xx_it.o(i.FDCAN3_IT1_IRQHandler) for FDCAN3_IT1_IRQHandler
    startup_stm32h723xx.o(RESET) refers to stm32h7xx_it.o(i.TIM23_IRQHandler) for TIM23_IRQHandler
    startup_stm32h723xx.o(.text) refers (Special) to heapauxi.o(.text) for __use_two_region_memory
    startup_stm32h723xx.o(.text) refers to system_stm32h7xx.o(i.SystemInit) for SystemInit
    startup_stm32h723xx.o(.text) refers to __main.o(!!!main) for __main
    startup_stm32h723xx.o(.text) refers to startup_stm32h723xx.o(HEAP) for Heap_Mem
    startup_stm32h723xx.o(.text) refers to startup_stm32h723xx.o(STACK) for Stack_Mem
    main.o(i.HAL_TIM_PeriodElapsedCallback) refers to stm32h7xx_hal.o(i.HAL_IncTick) for HAL_IncTick
    main.o(i.SystemClock_Config) refers to rt_memclr_w.o(.text) for __aeabi_memclr4
    main.o(i.SystemClock_Config) refers to stm32h7xx_hal_pwr_ex.o(i.HAL_PWREx_ConfigSupply) for HAL_PWREx_ConfigSupply
    main.o(i.SystemClock_Config) refers to stm32h7xx_hal_rcc.o(i.HAL_RCC_OscConfig) for HAL_RCC_OscConfig
    main.o(i.SystemClock_Config) refers to stm32h7xx_hal_rcc.o(i.HAL_RCC_ClockConfig) for HAL_RCC_ClockConfig
    main.o(i.SystemClock_Config) refers to stm32h7xx_hal_rcc.o(i.HAL_RCC_MCOConfig) for HAL_RCC_MCOConfig
    main.o(i.main) refers to stm32h7xx_hal.o(i.HAL_Init) for HAL_Init
    main.o(i.main) refers to main.o(i.SystemClock_Config) for SystemClock_Config
    main.o(i.main) refers to gpio.o(i.MX_GPIO_Init) for MX_GPIO_Init
    main.o(i.main) refers to dma.o(i.MX_DMA_Init) for MX_DMA_Init
    main.o(i.main) refers to adc.o(i.MX_ADC1_Init) for MX_ADC1_Init
    main.o(i.main) refers to tim.o(i.MX_TIM12_Init) for MX_TIM12_Init
    main.o(i.main) refers to spi.o(i.MX_SPI1_Init) for MX_SPI1_Init
    main.o(i.main) refers to spi.o(i.MX_SPI6_Init) for MX_SPI6_Init
    main.o(i.main) refers to tim.o(i.MX_TIM3_Init) for MX_TIM3_Init
    main.o(i.main) refers to usart.o(i.MX_USART1_UART_Init) for MX_USART1_UART_Init
    main.o(i.main) refers to usart.o(i.MX_USART2_UART_Init) for MX_USART2_UART_Init
    main.o(i.main) refers to usart.o(i.MX_USART3_UART_Init) for MX_USART3_UART_Init
[...]
    USB_EP0_OutStart                         0x0800ae4d   Thumb Code    84  stm32h7xx_ll_usb.o(i.USB_EP0_OutStart)
    USB_EPClearStall                         0x0800aea5   Thumb Code    88  stm32h7xx_ll_usb.o(i.USB_EPClearStall)
    USB_EPSetStall                           0x0800aefd   Thumb Code    88  stm32h7xx_ll_usb.o(i.USB_EPSetStall)
    USB_EPStartXfer                          0x0800af55   Thumb Code   562  stm32h7xx_ll_usb.o(i.USB_EPStartXfer)
    USB_EPStopXfer                           0x0800b18d   Thumb Code   158  stm32h7xx_ll_usb.o(i.USB_EPStopXfer)
    USB_EnableGlobalInt                      0x0800b22b   Thumb Code    12  stm32h7xx_ll_usb.o(i.USB_EnableGlobalInt)
    USB_FlushRxFifo                          0x0800b237   Thumb Code    56  stm32h7xx_ll_usb.o(i.USB_FlushRxFifo)
    USB_FlushTxFifo                          0x0800b26f   Thumb Code    60  stm32h7xx_ll_usb.o(i.USB_FlushTxFifo)
    USB_GetDevSpeed                          0x0800b2ab   Thumb Code    26  stm32h7xx_ll_usb.o(i.USB_GetDevSpeed)
    USB_GetMode                              0x0800b2c5   Thumb Code     8  stm32h7xx_ll_usb.o(i.USB_GetMode)
    USB_ReadDevAllInEpInterrupt              0x0800b2cd   Thumb Code    14  stm32h7xx_ll_usb.o(i.USB_ReadDevAllInEpInterrupt)
    USB_ReadDevAllOutEpInterrupt             0x0800b2db   Thumb Code    14  stm32h7xx_ll_usb.o(i.USB_ReadDevAllOutEpInterrupt)
    USB_ReadDevInEPInterrupt                 0x0800b2e9   Thumb Code    36  stm32h7xx_ll_usb.o(i.USB_ReadDevInEPInterrupt)
    USB_ReadDevOutEPInterrupt                0x0800b30d   Thumb Code    16  stm32h7xx_ll_usb.o(i.USB_ReadDevOutEPInterrupt)
    USB_ReadInterrupts                       0x0800b31d   Thumb Code     8  stm32h7xx_ll_usb.o(i.USB_ReadInterrupts)
    USB_ReadPacket                           0x0800b325   Thumb Code    64  stm32h7xx_ll_usb.o(i.USB_ReadPacket)
    USB_SetCurrentMode                       0x0800b365   Thumb Code    94  stm32h7xx_ll_usb.o(i.USB_SetCurrentMode)
    USB_SetDevAddress                        0x0800b3c3   Thumb Code    34  stm32h7xx_ll_usb.o(i.USB_SetDevAddress)
    USB_SetTurnaroundTime                    0x0800b3e5   Thumb Code   158  stm32h7xx_ll_usb.o(i.USB_SetTurnaroundTime)
    USB_WritePacket                          0x0800b4cd   Thumb Code    40  stm32h7xx_ll_usb.o(i.USB_WritePacket)
    UsageFault_Handler                       0x0800b4f5   Thumb Code     2  stm32h7xx_it.o(i.UsageFault_Handler)
    can_bsp_init()                           0x0800b4f9   Thumb Code    58  bsp_fdcan.o(i._Z12can_bsp_initv)
    get_fdcan_dlc(unsigned)                  0x0800b541   Thumb Code    52  bsp_fdcan.o(i._Z13get_fdcan_dlcj)
    fdcanx_receive(FDCAN_HandleTypeDef*, unsigned char*) 0x0800b575   Thumb Code    28  bsp_fdcan.o(i._Z14fdcanx_receiveP19FDCAN_HandleTypeDefPh)
    can_filter_init()                        0x0800b591   Thumb Code   124  bsp_fdcan.o(i._Z15can_filter_initv)
    fdcanx_send_data(FDCAN_HandleTypeDef*, unsigned short, unsigned char*, unsigned) 0x0800b619   Thumb Code    50  bsp_fdcan.o(i._Z16fdcanx_send_dataP19FDCAN_HandleTypeDeftPhj)
    fdcan1_rx_callback()                     0x0800b64d   Thumb Code    56  communicate.o(i._Z18fdcan1_rx_callbackv)
    fdcan2_rx_callback()                     0x0800b691   Thumb Code    18  communicate.o(i._Z18fdcan2_rx_callbackv)
    fdcan3_rx_callback()                     0x0800b6ad   Thumb Code    38  communicate.o(i._Z18fdcan3_rx_callbackv)
    UART_Init(__UART_HandleTypeDef*, unsigned char*, unsigned short) 0x0800b6e1   Thumb Code     4  bsp_uart.o(i._Z9UART_InitP20__UART_HandleTypeDefPht)
    Can_receive::uint_to_float(int, float, float, int) 0x0800b6e5   Thumb Code    40  can_receive.o(i._ZN11Can_receive13uint_to_floatEiffi)
    Can_receive::can_cmd_leg_motor(short, short, unsigned short) 0x0800b70d   Thumb Code    58  can_receive.o(i._ZN11Can_receive17can_cmd_leg_motorEsst)
    Can_receive::get_dm_imu_measure(dm_imu_measure_t*, unsigned char*) 0x0800b74d   Thumb Code   170  can_receive.o(i._ZN11Can_receive18get_dm_imu_measureEP16dm_imu_measure_tPh)
    Can_receive::get_dji_motor_measure(dji_motor_measure_t*, unsigned char*) 0x0800b811   Thumb Code    28  can_receive.o(i._ZN11Can_receive21get_dji_motor_measureEP19dji_motor_measure_tPh)
    Can_receive::can_cmd_imu_request_gyro(unsigned short) 0x0800b82d   Thumb Code    42  can_receive.o(i._ZN11Can_receive24can_cmd_imu_request_gyroEt)
    Can_receive::get_dm_imu_measure_point()  0x0800b85d   Thumb Code     4  can_receive.o(i._ZN11Can_receive24get_dm_imu_measure_pointEv)
    Can_receive::can_cmd_imu_request_euler(unsigned short) 0x0800b861   Thumb Code    42  can_receive.o(i._ZN11Can_receive25can_cmd_imu_request_eulerEt)
    Can_receive::get_dji_motor_measure_point(unsigned char) 0x0800b891   Thumb Code    10  can_receive.o(i._ZN11Can_receive27get_dji_motor_measure_pointEh)
    Can_receive::init()                      0x0800b89b   Thumb Code     4  can_receive.o(i._ZN11Can_receive4initEv)
    Communicate::run()                       0x0800b8a1   Thumb Code    40  communicate.o(i._ZN11Communicate3runEv)
    Communicate::init()                      0x0800b8d1   Thumb Code    24  communicate.o(i._ZN11Communicate4initEv)
    Car::set_control()                       0x0800b8f9   Thumb Code    18  car.o(i._ZN3Car11set_controlEv)
    Car::feedback_update()                   0x0800b911   Thumb Code    94  car.o(i._ZN3Car15feedback_updateEv)
    Car::solve()                             0x0800b971   Thumb Code    64  car.o(i._ZN3Car5solveEv)
    Car::output()                            0x0800b9b5   Thumb Code    32  car.o(i._ZN3Car6outputEv)
    Car::Car(const dji_motor_measure_t*, const dji_motor_measure_t*, const dm_imu_measure_t*, const PidParam&, const PidParam&, const PidParam&, const RC_ctrl_t*) 0x0800b9d9   Thumb Code    92  car.o(i._ZN3CarC1EPK19dji_motor_measure_tS2_PK16dm_imu_measure_tRK8PidParamS8_S8_PK9RC_ctrl_t)
    Car::Car__sub_object(const dji_motor_measure_t*, const dji_motor_measure_t*, const dm_imu_measure_t*, const PidParam&, const PidParam&, const PidParam&, const RC_ctrl_t*) 0x0800b9d9   Thumb Code     0  car.o(i._ZN3CarC1EPK19dji_motor_measure_tS2_PK16dm_imu_measure_tRK8PidParamS8_S8_PK9RC_ctrl_t)
    DT7::get_remote_control_point()          0x0800ba35   Thumb Code     4  dt7.o(i._ZN3DT724get_remote_control_pointEv)
    DT7::init(__UART_HandleTypeDef*, unsigned char*, unsigned short) 0x0800ba39   Thumb Code    20  dt7.o(i._ZN3DT74initEP20__UART_HandleTypeDefPht)
    DT7::unpack()                            0x0800ba4d   Thumb Code   154  dt7.o(i._ZN3DT76unpackEv)
    Imu::update()                            0x0800bae9   Thumb Code   100  imu.o(i._ZN3Imu6updateEv)
    Imu::Imu(const dm_imu_measure_t*)        0x0800bb55   Thumb Code     4  imu.o(i._ZN3ImuC1EPK16dm_imu_measure_t)
    Imu::Imu__sub_object(const dm_imu_measure_t*) 0x0800bb55   Thumb Code     0  imu.o(i._ZN3ImuC1EPK16dm_imu_measure_t)
    Pid::AngleFormat(float)                  0x0800bb59   Thumb Code    40  pid.o(i._ZN3Pid11AngleFormatEf)
    Pid::Calc(float, float)                  0x0800bb8d   Thumb Code   132  pid.o(i._ZN3Pid4CalcEff)
    Pid::Limit(float&, float)                0x0800bc11   Thumb Code    34  pid.o(i._ZN3Pid5LimitERff)
    Pid::Reset()                             0x0800bc35   Thumb Code    18  pid.o(i._ZN3Pid5ResetEv)
    Pid::Pid(PidMode, const PidParam&)       0x0800bc4d   Thumb Code    28  pid.o(i._ZN3PidC1E7PidModeRK8PidParam)
    Pid::Pid__sub_object(PidMode, const PidParam&) 0x0800bc4d   Thumb Code     0  pid.o(i._ZN3PidC1E7PidModeRK8PidParam)
    Motor::Motor()                           0x0800bc69   Thumb Code    26  motor.o(i._ZN5MotorC1Ev)
    Motor::Motor__sub_object()               0x0800bc69   Thumb Code     0  motor.o(i._ZN5MotorC1Ev)
    DJI_Motor::update()                      0x0800bc89   Thumb Code   142  motor.o(i._ZN9DJI_Motor6updateEv)
    DJI_Motor::DJI_Motor(const dji_motor_measure_t*, unsigned short, unsigned short) 0x0800bd21   Thumb Code    32  motor.o(i._ZN9DJI_MotorC1EPK19dji_motor_measure_ttt)
    DJI_Motor::DJI_Motor__sub_object(const dji_motor_measure_t*, unsigned short, unsigned short) 0x0800bd21   Thumb Code     0  motor.o(i._ZN9DJI_MotorC1EPK19dji_motor_measure_ttt)
    balance_Task                             0x0800bdb9   Thumb Code    36  balance_task.o(i.balance_Task)
    communicate_Task                         0x0800bde1   Thumb Code    26  communicate_task.o(i.communicate_Task)
    main                                     0x0800be01   Thumb Code    94  main.o(i.main)
    osDelay                                  0x0800be6d   Thumb Code    14  cmsis_os.o(i.osDelay)
    osKernelStart                            0x0800be7b   Thumb Code    10  cmsis_os.o(i.osKernelStart)
    osThreadCreate                           0x0800be85   Thumb Code    84  cmsis_os.o(i.osThreadCreate)
    pvPortMalloc                             0x0800c685   Thumb Code   216  heap_4.o(i.pvPortMalloc)
    pxPortInitialiseStack                    0x0800c761   Thumb Code    42  port.o(i.pxPortInitialiseStack)
    uxListRemove                             0x0800c791   Thumb Code    38  list.o(i.uxListRemove)
    vApplicationGetIdleTaskMemory            0x0800c7b9   Thumb Code    18  freertos.o(i.vApplicationGetIdleTaskMemory)
    vApplicationGetTimerTaskMemory           0x0800c7d1   Thumb Code    20  freertos.o(i.vApplicationGetTimerTaskMemory)
    vListInitialise                          0x0800c7e9   Thumb Code    22  list.o(i.vListInitialise)
    vListInitialiseItem                      0x0800c7ff   Thumb Code     6  list.o(i.vListInitialiseItem)
    vListInsert                              0x0800c805   Thumb Code    48  list.o(i.vListInsert)
    vListInsertEnd                           0x0800c835   Thumb Code    24  list.o(i.vListInsertEnd)
    vPortEnterCritical                       0x0800c84d   Thumb Code    54  port.o(i.vPortEnterCritical)
    vPortExitCritical                        0x0800c88d   Thumb Code    34  port.o(i.vPortExitCritical)
    vPortFree                                0x0800c8b5   Thumb Code    94  heap_4.o(i.vPortFree)
    vPortSetupTimerInterrupt                 0x0800c919   Thumb Code    32  port.o(i.vPortSetupTimerInterrupt)
    vPortValidateInterruptPriority           0x0800c93d   Thumb Code    74  port.o(i.vPortValidateInterruptPriority)
    vQueueAddToRegistry                      0x0800c991   Thumb Code    34  queue.o(i.vQueueAddToRegistry)
    vQueueWaitForMessageRestricted           0x0800c9b9   Thumb Code    68  queue.o(i.vQueueWaitForMessageRestricted)
    vTaskDelay                               0x0800c9fd   Thumb Code    66  tasks.o(i.vTaskDelay)
    vTaskInternalSetTimeOutState             0x0800ca49   Thumb Code    12  tasks.o(i.vTaskInternalSetTimeOutState)
    vTaskMissedYield                         0x0800ca59   Thumb Code     8  tasks.o(i.vTaskMissedYield)
    vTaskPlaceOnEventList                    0x0800ca65   Thumb Code    44  tasks.o(i.vTaskPlaceOnEventList)
    vTaskPlaceOnEventListRestricted          0x0800ca95   Thumb Code    52  tasks.o(i.vTaskPlaceOnEventListRestricted)
    vTaskStartScheduler                      0x0800cacd   Thumb Code   118  tasks.o(i.vTaskStartScheduler)
    vTaskSuspendAll                          0x0800cb55   Thumb Code    10  tasks.o(i.vTaskSuspendAll)
    vTaskSwitchContext                       0x0800cb65   Thumb Code    82  tasks.o(i.vTaskSwitchContext)
    xPortStartScheduler                      0x0800cbc1   Thumb Code   222  port.o(i.xPortStartScheduler)
    xQueueGenericCreateStatic                0x0800ccb5   Thumb Code   102  queue.o(i.xQueueGenericCreateStatic)
    xQueueGenericReset                       0x0800cd1d   Thumb Code   144  queue.o(i.xQueueGenericReset)
    xQueueGenericSend                        0x0800cdb1   Thumb Code   346  queue.o(i.xQueueGenericSend)
    xQueueGenericSendFromISR                 0x0800cf11   Thumb Code   190  queue.o(i.xQueueGenericSendFromISR)
    xQueueReceive                            0x0800cfd1   Thumb Code   310  queue.o(i.xQueueReceive)
    xTaskCheckForTimeOut                     0x0800d10d   Thumb Code   116  tasks.o(i.xTaskCheckForTimeOut)
    xTaskCreate                              0x0800d185   Thumb Code    90  tasks.o(i.xTaskCreate)
    xTaskCreateStatic                        0x0800d1df   Thumb Code    86  tasks.o(i.xTaskCreateStatic)
    xTaskGetSchedulerState                   0x0800d235   Thumb Code    22  tasks.o(i.xTaskGetSchedulerState)
    xTaskGetTickCount                        0x0800d251   Thumb Code     6  tasks.o(i.xTaskGetTickCount)
    xTaskIncrementTick                       0x0800d25d   Thumb Code   194  tasks.o(i.xTaskIncrementTick)
    xTaskPriorityDisinherit                  0x0800d329   Thumb Code   150  tasks.o(i.xTaskPriorityDisinherit)
    xTaskRemoveFromEventList                 0x0800d3c9   Thumb Code   108  tasks.o(i.xTaskRemoveFromEventList)
    xTaskResumeAll                           0x0800d43d   Thumb Code   184  tasks.o(i.xTaskResumeAll)
    xTimerCreateTimerTask                    0x0800d501   Thumb Code    78  timers.o(i.xTimerCreateTimerTask)
    xTimerGenericCommand                     0x0800d561   Thumb Code    98  timers.o(i.xTimerGenericCommand)
    _fp_init                                 0x0800d5c9   Thumb Code    10  fpinit.o(x$fpl$fpinit)
    __fplib_config_fpu_vfp                   0x0800d5d1   Thumb Code     0  fpinit.o(x$fpl$fpinit)
    __fplib_config_pureend_doubles           0x0800d5d1   Thumb Code     0  fpinit.o(x$fpl$fpinit)
    UARTPrescTable                           0x0800d6fc   Data          24  stm32h7xx_hal_uart.o(.constdata)
    D1CorePrescTable                         0x0800d724   Data          16  system_stm32h7xx.o(.constdata)
    Region$$Table$$Base                      0x0800d7c4   Number         0  anon$$obj.o(Region$$Table)
    Region$$Table$$Limit                     0x0800d804   Number         0  anon$$obj.o(Region$$Table)
    SHT$$INIT_ARRAY$$Base                    0x0800d804   Number         0  car.o(.init_array)
    SHT$$INIT_ARRAY$$Limit                   0x0800d808   Number         0  init_aeabi.o(.init_array)
    USBD_LangIDDesc                          0x20000004   Data           4  usbd_desc.o(.data)
    USBD_HS_DeviceDesc                       0x20000008   Data          18  usbd_desc.o(.data)
    USBD_HS_BOSDesc                          0x2000001c   Data          12  usbd_desc.o(.data)
    USBD_StringSerial                        0x20000028   Data          26  usbd_desc.o(.data)
    USBD_Interface_fops_HS                   0x20000044   Data          20  usbd_cdc_if.o(.data)
    USBD_CDC                                 0x20000098   Data          56  usbd_cdc.o(.data)
    target                                   0x200000d0   Data           4  car.o(.data)
    communicate                              0x200000d4   Data           1  communicate.o(.data)
    KeyTaskBuffer                            0x200000d8   Data         512  freertos.o(.bss)
    KeyTaskControlBlock                      0x200002d8   Data          92  freertos.o(.bss)
    ImuTaskControlBlock                      0x20000334   Data          92  freertos.o(.bss)
    hospi2                                   0x20000390   Data          92  octospi.o(.bss)
    hspi1                                    0x200003ec   Data         136  spi.o(.bss)
    hspi6                                    0x20000474   Data         136  spi.o(.bss)
    htim1                                    0x200004fc   Data          76  tim.o(.bss)
    htim2                                    0x20000548   Data          76  tim.o(.bss)
    htim3                                    0x20000594   Data          76  tim.o(.bss)
    htim12                                   0x200005e0   Data          76  tim.o(.bss)
    htim23                                   0x2000062c   Data          76  stm32h7xx_hal_timebase_tim.o(.bss)
    hUsbDeviceHS                             0x20000678   Data         732  usb_device.o(.bss)
    USBD_StrDesc                             0x20000954   Data         512  usbd_desc.o(.bss)
    dt7                                      0x20004844   Data          52  dt7.o(.bss)
    __libspace_start                         0x20004878   Data          96  libspace.o(.bss)
    __temporary_stack_top$libspace           0x200048d8   Data           0  libspace.o(.bss)
    defaultTaskHandle                        0x24000000   Data           4  freertos.o(.data)
    KeyTaskHandle                            0x24000004   Data           4  freertos.o(.data)
    LcdTaskHandle                            0x24000008   Data           4  freertos.o(.data)
    ImuTaskHandle                            0x2400000c   Data           4  freertos.o(.data)
    FunTestHandle                            0x24000010   Data           4  freertos.o(.data)
    communicateTaskHandle                    0x24000014   Data           4  freertos.o(.data)
    balanceTaskHandle                        0x24000018   Data           4  freertos.o(.data)
    HS_Desc                                  0x2400001c   Data          32  usbd_desc.o(.data)
    uwTickFreq                               0x2400003c   Data           1  stm32h7xx_hal.o(.data)
    uwTickPrio                               0x24000040   Data           4  stm32h7xx_hal.o(.data)
    uwTick                                   0x24000044   Data           4  stm32h7xx_hal.o(.data)
    SystemCoreClock                          0x24000048   Data           4  system_stm32h7xx.o(.data)
    SystemD2Clock                            0x2400004c   Data           4  system_stm32h7xx.o(.data)
    pxCurrentTCB                             0x24000050   Data           4  tasks.o(.data)
    id1                                      0x240000e4   Data           2  communicate.o(.data)
    id2                                      0x240000e6   Data           2  communicate.o(.data)
    id3                                      0x240000e8   Data           2  communicate.o(.data)
    tickt                                    0x240000ec   Data           4  communicate.o(.data)
    g_UartErrorDebug                         0x240000f0   Data           4  communicate.o(.data)
    rx_data1                                 0x240000f4   Data           8  communicate.o(.data)
    rx_data2                                 0x240000fc   Data           8  communicate.o(.data)
    rx_data3                                 0x24000104   Data           8  communicate.o(.data)
    LcdTaskBuffer                            0x2400010c   Data        1024  freertos.o(.bss)
    LcdTaskControlBlock                      0x2400050c   Data          92  freertos.o(.bss)
    ImuTaskBuffer                            0x24000568   Data        4096  freertos.o(.bss)
    FunTestBuffer                            0x24001568   Data         512  freertos.o(.bss)
    FunTestControlBlock                      0x24001768   Data          92  freertos.o(.bss)
    hadc1                                    0x24001e7c   Data         112  adc.o(.bss)
    hdma_adc1                                0x24001eec   Data         120  adc.o(.bss)
    hfdcan1                                  0x24001f64   Data         160  fdcan.o(.bss)
    hfdcan2                                  0x24002004   Data         160  fdcan.o(.bss)
    hfdcan3                                  0x240020a4   Data         160  fdcan.o(.bss)
    huart5                                   0x24002144   Data         148  usart.o(.bss)
    huart7                                   0x240021d8   Data         148  usart.o(.bss)
    huart1                                   0x2400226c   Data         148  usart.o(.bss)
    huart2                                   0x24002300   Data         148  usart.o(.bss)
    huart3                                   0x24002394   Data         148  usart.o(.bss)
    huart10                                  0x24002428   Data         148  usart.o(.bss)
    hdma_uart5_rx                            0x240024bc   Data         120  usart.o(.bss)
    UserRxBufferHS                           0x24002534   Data        2048  usbd_cdc_if.o(.bss)
    UserTxBufferHS                           0x24002d34   Data        2048  usbd_cdc_if.o(.bss)
    hpcd_USB_OTG_HS                          0x24003754   Data        1252  usbd_conf.o(.bss)
    xQueueRegistry                           0x24003c38   Data          64  queue.o(.bss)
    can_receive                              0x24003d90   Data          56  can_receive.o(.bss)
    car                                      0x24003dc8   Data         252  car.o(.bss)
    DT7_Rx_Buffer                            0x24003ec4   Data          18  dt7.o(.bss)



==============================================================================

Memory Map of the image

  Image Entry point : 0x080002cd

  Load Region LR_IROM1 (Base: 0x08000000, Size: 0x0000d9ec, Max: 0x00100000, ABSOLUTE)

    Execution Region ER_IROM1 (Exec base: 0x08000000, Load base: 0x08000000, Size: 0x0000d808, Max: 0x00100000, ABSOLUTE)

    Exec Addr    Load Addr    Size         Type   Attr      Idx    E Section Name        Object

    0x08000000   0x08000000   0x000002cc   Data   RO            3    RESET               startup_stm32h723xx.o
    0x080002cc   0x080002cc   0x00000008   Code   RO        11129  * !!!main             c_w.l(__main.o)
    0x080002d4   0x080002d4   0x00000034   Code   RO        11306    !!!scatter          c_w.l(__scatter.o)
    0x08000308   0x08000308   0x0000005a   Code   RO        11304    !!dczerorl2         c_w.l(__dczerorl2.o)
    0x08000362   0x08000362   0x00000002   PAD
    0x08000364   0x08000364   0x0000001a   Code   RO        11308    !!handler_copy      c_w.l(__scatter_copy.o)
    0x0800037e   0x0800037e   0x00000002   PAD
    0x08000380   0x08000380   0x0000001c   Code   RO        11310    !!handler_zi        c_w.l(__scatter_zi.o)
    0x0800039c   0x0800039c   0x00000002   Code   RO        11227    .ARM.Collect$$libinit$$00000000  c_w.l(libinit.o)
    0x0800039e   0x0800039e   0x00000004   Code   RO        11144    .ARM.Collect$$libinit$$00000001  c_w.l(libinit2.o)
    0x080003a2   0x080003a2   0x00000000   Code   RO        11147    .ARM.Collect$$libinit$$00000004  c_w.l(libinit2.o)
    0x080003a2   0x080003a2   0x00000000   Code   RO        11150    .ARM.Collect$$libinit$$0000000A  c_w.l(libinit2.o)
    0x080003a2   0x080003a2   0x00000000   Code   RO        11152    .ARM.Collect$$libinit$$0000000C  c_w.l(libinit2.o)
    0x080003a2   0x080003a2   0x00000000   Code   RO        11154    .ARM.Collect$$libinit$$0000000E  c_w.l(libinit2.o)
    0x080003a2   0x080003a2   0x00000000   Code   RO        11157    .ARM.Collect$$libinit$$00000011  c_w.l(libinit2.o)
    0x080003a2   0x080003a2   0x00000000   Code   RO        11159    .ARM.Collect$$libinit$$00000013  c_w.l(libinit2.o)
    0x080003a2   0x080003a2   0x00000000   Code   RO        11161    .ARM.Collect$$libinit$$00000015  c_w.l(libinit2.o)
    0x080003a2   0x080003a2   0x00000000   Code   RO        11163    .ARM.Collect$$libinit$$00000017  c_w.l(libinit2.o)
    0x080003a2   0x080003a2   0x00000000   Code   RO        11165    .ARM.Collect$$libinit$$00000019  c_w.l(libinit2.o)
    0x080003a2   0x080003a2   0x00000000   Code   RO        11167    .ARM.Collect$$libinit$$0000001B  c_w.l(libinit2.o)
    0x080003a2   0x080003a2   0x00000000   Code   RO        11169    .ARM.Collect$$libinit$$0000001D  c_w.l(libinit2.o)
    0x080003a2   0x080003a2   0x00000000   Code   RO        11171    .ARM.Collect$$libinit$$0000001F  c_w.l(libinit2.o)
    0x080003a2   0x080003a2   0x00000000   Code   RO        11173    .ARM.Collect$$libinit$$00000021  c_w.l(libinit2.o)
    0x080003a2   0x080003a2   0x00000000   Code   RO        11175    .ARM.Collect$$libinit$$00000023  c_w.l(libinit2.o)
    0x080003a2   0x080003a2   0x00000000   Code   RO        11177    .ARM.Collect$$libinit$$00000025  c_w.l(libinit2.o)
    0x080003a2   0x080003a2   0x00000000   Code   RO        11181    .ARM.Collect$$libinit$$0000002C  c_w.l(libinit2.o)
    0x080003a2   0x080003a2   0x00000000   Code   RO        11183    .ARM.Collect$$libinit$$0000002E  c_w.l(libinit2.o)
    0x080003a2   0x080003a2   0x00000000   Code   RO        11185    .ARM.Collect$$libinit$$00000030  c_w.l(libinit2.o)
    0x080003a2   0x080003a2   0x00000004   Code   RO        11186    .ARM.Collect$$libinit$$00000031  c_w.l(libinit2.o)
    0x080003a6   0x080003a6   0x00000000   Code   RO        11187    .ARM.Collect$$libinit$$00000032  c_w.l(libinit2.o)
    0x080003a6   0x080003a6   0x00000002   Code   RO        11188    .ARM.Collect$$libinit$$00000033  c_w.l(libinit2.o)
    0x080003a8   0x080003a8   0x00000002   Code   RO        11271    .ARM.Collect$$libshutdown$$00000000  c_w.l(libshutdown.o)
    0x080003aa   0x080003aa   0x00000000   Code   RO        11287    .ARM.Collect$$libshutdown$$00000002  c_w.l(libshutdown2.o)
    0x080003aa   0x080003aa   0x00000000   Code   RO        11289    .ARM.Collect$$libshutdown$$00000004  c_w.l(libshutdown2.o)
    0x080003aa   0x080003aa   0x00000000   Code   RO        11292    .ARM.Collect$$libshutdown$$00000007  c_w.l(libshutdown2.o)
    0x080003aa   0x080003aa   0x00000000   Code   RO        11295    .ARM.Collect$$libshutdown$$0000000A  c_w.l(libshutdown2.o)
    0x080003aa   0x080003aa   0x00000000   Code   RO        11297    .ARM.Collect$$libshutdown$$0000000C  c_w.l(libshutdown2.o)
    0x080003aa   0x080003aa   0x00000000   Code   RO        11300    .ARM.Collect$$libshutdown$$0000000F  c_w.l(libshutdown2.o)
    0x080003aa   0x080003aa   0x00000002   Code   RO        11301    .ARM.Collect$$libshutdown$$00000010  c_w.l(libshutdown2.o)
    0x080003ac   0x080003ac   0x00000000   Code   RO        11137    .ARM.Collect$$rtentry$$00000000  c_w.l(__rtentry.o)
    0x080003ac   0x080003ac   0x00000000   Code   RO        11190    .ARM.Collect$$rtentry$$00000002  c_w.l(__rtentry2.o)
    0x080003ac   0x080003ac   0x00000006   Code   RO        11202    .ARM.Collect$$rtentry$$00000004  c_w.l(__rtentry4.o)
    0x080003b2   0x080003b2   0x00000000   Code   RO        11192    .ARM.Collect$$rtentry$$00000009  c_w.l(__rtentry2.o)
    0x080003b2   0x080003b2   0x00000004   Code   RO        11193    .ARM.Collect$$rtentry$$0000000A  c_w.l(__rtentry2.o)
    0x080003b6   0x080003b6   0x00000000   Code   RO        11195    .ARM.Collect$$rtentry$$0000000C  c_w.l(__rtentry2.o)
    0x080003b6   0x080003b6   0x00000008   Code   RO        11196    .ARM.Collect$$rtentry$$0000000D  c_w.l(__rtentry2.o)
    0x080003be   0x080003be   0x00000002   Code   RO        11233    .ARM.Collect$$rtexit$$00000000  c_w.l(rtexit.o)
    0x080003c0   0x080003c0   0x00000000   Code   RO        11253    .ARM.Collect$$rtexit$$00000002  c_w.l(rtexit2.o)
    0x080003c0   0x080003c0   0x00000004   Code   RO        11254    .ARM.Collect$$rtexit$$00000003  c_w.l(rtexit2.o)
    0x080003c4   0x080003c4   0x00000006   Code   RO        11255    .ARM.Collect$$rtexit$$00000004  c_w.l(rtexit2.o)
    0x080003ca   0x080003ca   0x00000002   PAD
    0x080003cc   0x080003cc   0x000000be   Code   RO         9224    .emb_text           port.o
    0x0800048a   0x0800048a   0x00000002   PAD
    0x0800048c   0x0800048c   0x00000040   Code   RO            4    .text               startup_stm32h723xx.o
    0x080004cc   0x080004cc   0x000000ee   Code   RO        11115    .text               c_w.l(lludivv7m.o)
    0x080005ba   0x080005ba   0x0000008a   Code   RO        11117    .text               c_w.l(rt_memcpy_v6.o)
    0x08000644   0x08000644   0x00000064   Code   RO        11119    .text               c_w.l(rt_memcpy_w.o)
    0x080006a8   0x080006a8   0x00000010   Code   RO        11123    .text               c_w.l(aeabi_memset.o)
    0x080006b8   0x080006b8   0x0000004e   Code   RO        11125    .text               c_w.l(rt_memclr_w.o)
    0x08000706   0x08000706   0x00000006   Code   RO        11127    .text               c_w.l(heapauxi.o)
    0x0800070c   0x0800070c   0x00000024   Code   RO        11134    .text               c_w.l(init_aeabi.o)
    0x08000730   0x08000730   0x00000044   Code   RO        11142    .text               c_w.l(rt_memclr.o)
    0x08000774   0x08000774   0x0000004a   Code   RO        11210    .text               c_w.l(sys_stackheap_outer.o)
    0x080007be   0x080007be   0x00000012   Code   RO        11212    .text               c_w.l(exit.o)
    0x080007d0   0x080007d0   0x00000008   Code   RO        11230    .text               c_w.l(libspace.o)
    0x080007d8   0x080007d8   0x0000000c   Code   RO        11247    .text               c_w.l(sys_exit.o)
    0x080007e4   0x080007e4   0x00000002   Code   RO        11249    .text               c_w.l(use_no_semi.o)
    0x080007e6   0x080007e6   0x00000000   Code   RO        11251    .text               c_w.l(indicate_semi.o)
    0x080007e6   0x080007e6   0x00000002   PAD
    0x080007e8   0x080007e8   0x000000e4   Code   RO         4411    i.ADC_ConfigureBoostMode  stm32h7xx_hal_adc.o
    0x080008cc   0x080008cc   0x00000002   Code   RO          773    i.BusFault_Handler  stm32h7xx_it.o
    0x080008ce   0x080008ce   0x00000004   Code   RO         1124    i.CDC_Control_HS    usbd_cdc_if.o
    0x080008d2   0x080008d2   0x00000004   Code   RO         1125    i.CDC_DeInit_HS     usbd_cdc_if.o
    0x080008d6   0x080008d6   0x00000002   PAD
    0x080008d8   0x080008d8   0x00000024   Code   RO         1126    i.CDC_Init_HS       usbd_cdc_if.o
    0x080008fc   0x080008fc   0x00000018   Code   RO         1127    i.CDC_Receive_HS    usbd_cdc_if.o
    0x08000914   0x08000914   0x00000004   Code   RO         1128    i.CDC_TransmitCplt_HS  usbd_cdc_if.o
    0x08000918   0x08000918   0x0000000c   Code   RO          774    i.DMA1_Stream0_IRQHandler  stm32h7xx_it.o
    0x08000924   0x08000924   0x0000000c   Code   RO          775    i.DMA1_Stream1_IRQHandler  stm32h7xx_it.o
    0x08000930   0x08000930   0x000000b4   Code   RO         2617    i.DMA_CalcBaseAndBitshift  stm32h7xx_hal_dma.o
    0x080009e4   0x080009e4   0x0000009c   Code   RO         2618    i.DMA_CalcDMAMUXChannelBaseAndMask  stm32h7xx_hal_dma.o
    0x08000a80   0x08000a80   0x00000074   Code   RO         2619    i.DMA_CalcDMAMUXRequestGenBaseAndMask  stm32h7xx_hal_dma.o
    0x08000af4   0x08000af4   0x00000054   Code   RO         2620    i.DMA_CheckFifoParam  stm32h7xx_hal_dma.o
    0x08000b48   0x08000b48   0x00000220   Code   RO         2621    i.DMA_SetConfig     stm32h7xx_hal_dma.o
    0x08000d68   0x08000d68   0x00000002   Code   RO          776    i.DebugMon_Handler  stm32h7xx_it.o
    0x08000d6a   0x08000d6a   0x00000004   Code   RO           13    i.Error_Handler     main.o
    0x08000d6e   0x08000d6e   0x00000002   PAD
    0x08000d70   0x08000d70   0x0000000c   Code   RO          777    i.FDCAN1_IT0_IRQHandler  stm32h7xx_it.o
    0x08000d7c   0x08000d7c   0x0000000c   Code   RO          778    i.FDCAN1_IT1_IRQHandler  stm32h7xx_it.o
    0x08000d88   0x08000d88   0x0000000c   Code   RO          779    i.FDCAN2_IT0_IRQHandler  stm32h7xx_it.o
    0x08000d94   0x08000d94   0x0000000c   Code   RO          780    i.FDCAN2_IT1_IRQHandler  stm32h7xx_it.o
    0x08000da0   0x08000da0   0x0000000c   Code   RO          781    i.FDCAN3_IT0_IRQHandler  stm32h7xx_it.o
    0x08000dac   0x08000dac   0x0000000c   Code   RO          782    i.FDCAN3_IT1_IRQHandler  stm32h7xx_it.o
    0x08000db8   0x08000db8   0x000001c8   Code   RO         4877    i.FDCAN_CalcultateRamBlockAddresses  stm32h7xx_hal_fdcan.o
    0x08000f80   0x08000f80   0x0000006c   Code   RO         4878    i.FDCAN_CopyMessageToRAM  stm32h7xx_hal_fdcan.o
    0x08000fec   0x08000fec   0x00000008   Code   RO          318    i.FunTest_Entry     freertos.o
    0x08000ff4   0x08000ff4   0x00000128   Code   RO         4663    i.HAL_ADCEx_MultiModeConfigChannel  stm32h7xx_hal_adc_ex.o
    0x0800111c   0x0800111c   0x0000059c   Code   RO         4419    i.HAL_ADC_ConfigChannel  stm32h7xx_hal_adc.o
    0x080016b8   0x080016b8   0x000002a8   Code   RO         4428    i.HAL_ADC_Init      stm32h7xx_hal_adc.o
    0x08001960   0x08001960   0x000000f4   Code   RO          407    i.HAL_ADC_MspInit   adc.o
    0x08001a54   0x08001a54   0x00000360   Code   RO         2622    i.HAL_DMA_Abort     stm32h7xx_hal_dma.o
    0x08001db4   0x08001db4   0x00000284   Code   RO         2623    i.HAL_DMA_Abort_IT  stm32h7xx_hal_dma.o
    0x08002038   0x08002038   0x00000004   Code   RO         2625    i.HAL_DMA_GetError  stm32h7xx_hal_dma.o
    0x0800203c   0x0800203c   0x000006e8   Code   RO         2627    i.HAL_DMA_IRQHandler  stm32h7xx_hal_dma.o
    0x08002724   0x08002724   0x000003bc   Code   RO         2628    i.HAL_DMA_Init      stm32h7xx_hal_dma.o
    0x08002ae0   0x08002ae0   0x0000029c   Code   RO         2632    i.HAL_DMA_Start_IT  stm32h7xx_hal_dma.o
    0x08002d7c   0x08002d7c   0x00000024   Code   RO         3472    i.HAL_Delay         stm32h7xx_hal.o
    0x08002da0   0x08002da0   0x00000088   Code   RO         4880    i.HAL_FDCAN_ActivateNotification  stm32h7xx_hal_fdcan.o
    0x08002e28   0x08002e28   0x00000066   Code   RO         4882    i.HAL_FDCAN_AddMessageToTxFifoQ  stm32h7xx_hal_fdcan.o
    0x08002e8e   0x08002e8e   0x00000002   Code   RO         4883    i.HAL_FDCAN_ClockCalibrationCallback  stm32h7xx_hal_fdcan.o
    0x08002e90   0x08002e90   0x0000005a   Code   RO         4886    i.HAL_FDCAN_ConfigFifoWatermark  stm32h7xx_hal_fdcan.o
    0x08002eea   0x08002eea   0x0000007e   Code   RO         4887    i.HAL_FDCAN_ConfigFilter  stm32h7xx_hal_fdcan.o
    0x08002f68   0x08002f68   0x00000032   Code   RO         4888    i.HAL_FDCAN_ConfigGlobalFilter  stm32h7xx_hal_fdcan.o
    0x08002f9a   0x08002f9a   0x00000002   Code   RO         4909    i.HAL_FDCAN_ErrorCallback  stm32h7xx_hal_fdcan.o
    0x08002f9c   0x08002f9c   0x00000002   Code   RO         4910    i.HAL_FDCAN_ErrorStatusCallback  stm32h7xx_hal_fdcan.o
    0x08002f9e   0x08002f9e   0x00000002   PAD
    0x08002fa0   0x08002fa0   0x0000018c   Code   RO         4921    i.HAL_FDCAN_GetRxMessage  stm32h7xx_hal_fdcan.o
    0x0800312c   0x0800312c   0x00000002   Code   RO         4927    i.HAL_FDCAN_HighPriorityMessageCallback  stm32h7xx_hal_fdcan.o
    0x0800312e   0x0800312e   0x00000002   PAD
    0x08003130   0x08003130   0x00000320   Code   RO         4928    i.HAL_FDCAN_IRQHandler  stm32h7xx_hal_fdcan.o
    0x08003450   0x08003450   0x00000244   Code   RO         4929    i.HAL_FDCAN_Init    stm32h7xx_hal_fdcan.o
    0x08003694   0x08003694   0x000001cc   Code   RO          473    i.HAL_FDCAN_MspInit  fdcan.o
    0x08003860   0x08003860   0x00000002   Code   RO         4938    i.HAL_FDCAN_RxBufferNewMessageCallback  stm32h7xx_hal_fdcan.o
    0x08003862   0x08003862   0x00000002   PAD
    0x08003864   0x08003864   0x00000038   Code   RO        10728    i.HAL_FDCAN_RxFifo0Callback  communicate.o
    0x0800389c   0x0800389c   0x00000002   Code   RO         4940    i.HAL_FDCAN_RxFifo1Callback  stm32h7xx_hal_fdcan.o
    0x0800389e   0x0800389e   0x00000032   Code   RO         4941    i.HAL_FDCAN_Start   stm32h7xx_hal_fdcan.o
    0x080038d0   0x080038d0   0x00000002   Code   RO         4963    i.HAL_FDCAN_TT_GlobalTimeCallback  stm32h7xx_hal_fdcan.o
    0x080038d2   0x080038d2   0x00000002   Code   RO         4964    i.HAL_FDCAN_TT_ScheduleSyncCallback  stm32h7xx_hal_fdcan.o
    0x080038d4   0x080038d4   0x00000002   Code   RO         4969    i.HAL_FDCAN_TT_StopWatchCallback  stm32h7xx_hal_fdcan.o
    0x080038d6   0x080038d6   0x00000002   Code   RO         4970    i.HAL_FDCAN_TT_TimeMarkCallback  stm32h7xx_hal_fdcan.o
    0x080038d8   0x080038d8   0x00000002   Code   RO         4971    i.HAL_FDCAN_TimeoutOccurredCallback  stm32h7xx_hal_fdcan.o
    0x080038da   0x080038da   0x00000002   Code   RO         4972    i.HAL_FDCAN_TimestampWraparoundCallback  stm32h7xx_hal_fdcan.o
    0x080038dc   0x080038dc   0x00000002   Code   RO         4973    i.HAL_FDCAN_TxBufferAbortCallback  stm32h7xx_hal_fdcan.o
    0x080038de   0x080038de   0x00000002   Code   RO         4974    i.HAL_FDCAN_TxBufferCompleteCallback  stm32h7xx_hal_fdcan.o
    0x080038e0   0x080038e0   0x00000002   Code   RO         4975    i.HAL_FDCAN_TxEventFifoCallback  stm32h7xx_hal_fdcan.o
    0x080038e2   0x080038e2   0x00000002   Code   RO         4976    i.HAL_FDCAN_TxFifoEmptyCallback  stm32h7xx_hal_fdcan.o
    0x080038e4   0x080038e4   0x0000021c   Code   RO         2470    i.HAL_GPIO_Init     stm32h7xx_hal_gpio.o
    0x08003b00   0x08003b00   0x0000000a   Code   RO         2474    i.HAL_GPIO_WritePin  stm32h7xx_hal_gpio.o
    0x08003b0a   0x08003b0a   0x00000002   PAD
    0x08003b0c   0x08003b0c   0x0000000c   Code   RO         3488    i.HAL_GetTick       stm32h7xx_hal.o
    0x08003b18   0x08003b18   0x00000010   Code   RO         3494    i.HAL_IncTick       stm32h7xx_hal.o
    0x08003b28   0x08003b28   0x0000005c   Code   RO         3495    i.HAL_Init          stm32h7xx_hal.o
    0x08003b84   0x08003b84   0x00000084   Code   RO          945    i.HAL_InitTick      stm32h7xx_hal_timebase_tim.o
    0x08003c08   0x08003c08   0x00000024   Code   RO          921    i.HAL_MspInit       stm32h7xx_hal_msp.o
    0x08003c2c   0x08003c2c   0x0000001a   Code   RO         3320    i.HAL_NVIC_EnableIRQ  stm32h7xx_hal_cortex.o
    0x08003c46   0x08003c46   0x00000002   PAD
    0x08003c48   0x08003c48   0x00000040   Code   RO         3326    i.HAL_NVIC_SetPriority  stm32h7xx_hal_cortex.o
    0x08003c88   0x08003c88   0x00000024   Code   RO         3327    i.HAL_NVIC_SetPriorityGrouping  stm32h7xx_hal_cortex.o
    0x08003cac   0x08003cac   0x00000418   Code   RO         5495    i.HAL_OSPIM_Config  stm32h7xx_hal_ospi.o
    0x080040c4   0x080040c4   0x00000108   Code   RO         5513    i.HAL_OSPI_Init     stm32h7xx_hal_ospi.o
    0x080041cc   0x080041cc   0x00000150   Code   RO          546    i.HAL_OSPI_MspInit  octospi.o
    0x0800431c   0x0800431c   0x00000028   Code   RO         1621    i.HAL_PCDEx_ActivateLPM  stm32h7xx_hal_pcd_ex.o
    0x08004344   0x08004344   0x00000002   Code   RO         1626    i.HAL_PCDEx_LPM_Callback  stm32h7xx_hal_pcd_ex.o
    0x08004346   0x08004346   0x00000008   Code   RO         1627    i.HAL_PCDEx_SetRxFiFo  stm32h7xx_hal_pcd_ex.o
    0x0800434e   0x0800434e   0x00000046   Code   RO         1628    i.HAL_PCDEx_SetTxFiFo  stm32h7xx_hal_pcd_ex.o
    0x08004394   0x08004394   0x00000008   Code   RO         1181    i.HAL_PCD_ConnectCallback  usbd_conf.o
    0x0800439c   0x0800439c   0x00000012   Code   RO         1182    i.HAL_PCD_DataInStageCallback  usbd_conf.o
    0x080043ae   0x080043ae   0x00000014   Code   RO         1183    i.HAL_PCD_DataOutStageCallback  usbd_conf.o
    0x080043c2   0x080043c2   0x00000008   Code   RO         1184    i.HAL_PCD_DisconnectCallback  usbd_conf.o
    0x080043ca   0x080043ca   0x0000001e   Code   RO         1397    i.HAL_PCD_EP_Abort  stm32h7xx_hal_pcd.o
    0x080043e8   0x080043e8   0x0000004a   Code   RO         1398    i.HAL_PCD_EP_Close  stm32h7xx_hal_pcd.o
    0x08004432   0x08004432   0x0000005a   Code   RO         1399    i.HAL_PCD_EP_ClrStall  stm32h7xx_hal_pcd.o
    0x0800448c   0x0800448c   0x00000012   Code   RO         1401    i.HAL_PCD_EP_GetRxCount  stm32h7xx_hal_pcd.o
    0x0800449e   0x0800449e   0x0000005e   Code   RO         1402    i.HAL_PCD_EP_Open   stm32h7xx_hal_pcd.o
    0x080044fc   0x080044fc   0x00000034   Code   RO         1403    i.HAL_PCD_EP_Receive  stm32h7xx_hal_pcd.o
    0x08004530   0x08004530   0x00000072   Code   RO         1404    i.HAL_PCD_EP_SetStall  stm32h7xx_hal_pcd.o
    0x080045a2   0x080045a2   0x00000034   Code   RO         1405    i.HAL_PCD_EP_Transmit  stm32h7xx_hal_pcd.o
    0x080045d6   0x080045d6   0x00000002   PAD
    0x080045d8   0x080045d8   0x00000594   Code   RO         1407    i.HAL_PCD_IRQHandler  stm32h7xx_hal_pcd.o
    0x08004b6c   0x08004b6c   0x00000008   Code   RO         1185    i.HAL_PCD_ISOINIncompleteCallback  usbd_conf.o
    0x08004b74   0x08004b74   0x00000008   Code   RO         1186    i.HAL_PCD_ISOOUTIncompleteCallback  usbd_conf.o
    0x08004b7c   0x08004b7c   0x000000cc   Code   RO         1410    i.HAL_PCD_Init      stm32h7xx_hal_pcd.o
    0x08004c48   0x08004c48   0x00000064   Code   RO         1188    i.HAL_PCD_MspInit   usbd_conf.o
    0x08004cac   0x08004cac   0x0000002c   Code   RO         1189    i.HAL_PCD_ResetCallback  usbd_conf.o
    0x08004cd8   0x08004cd8   0x00000008   Code   RO         1190    i.HAL_PCD_ResumeCallback  usbd_conf.o
    0x08004ce0   0x08004ce0   0x00000008   Code   RO         1191    i.HAL_PCD_SOFCallback  usbd_conf.o
    0x08004ce8   0x08004ce8   0x00000026   Code   RO         1416    i.HAL_PCD_SetAddress  stm32h7xx_hal_pcd.o
    0x08004d0e   0x08004d0e   0x0000000e   Code   RO         1192    i.HAL_PCD_SetupStageCallback  usbd_conf.o
    0x08004d1c   0x08004d1c   0x00000042   Code   RO         1419    i.HAL_PCD_Start     stm32h7xx_hal_pcd.o
    0x08004d5e   0x08004d5e   0x00000002   PAD
    0x08004d60   0x08004d60   0x00000030   Code   RO         1193    i.HAL_PCD_SuspendCallback  usbd_conf.o
    0x08004d90   0x08004d90   0x00000054   Code   RO         3071    i.HAL_PWREx_ConfigSupply  stm32h7xx_hal_pwr_ex.o
    0x08004de4   0x08004de4   0x00000010   Code   RO         3088    i.HAL_PWREx_EnableUSBVoltageDetector  stm32h7xx_hal_pwr_ex.o
    0x08004df4   0x08004df4   0x00000024   Code   RO         2113    i.HAL_RCCEx_GetD3PCLK1Freq  stm32h7xx_hal_rcc_ex.o
    0x08004e18   0x08004e18   0x00000148   Code   RO         2114    i.HAL_RCCEx_GetPLL1ClockFreq  stm32h7xx_hal_rcc_ex.o
    0x08004f60   0x08004f60   0x00000144   Code   RO         2115    i.HAL_RCCEx_GetPLL2ClockFreq  stm32h7xx_hal_rcc_ex.o
    0x080050a4   0x080050a4   0x00000144   Code   RO         2116    i.HAL_RCCEx_GetPLL3ClockFreq  stm32h7xx_hal_rcc_ex.o
    0x080051e8   0x080051e8   0x0000029c   Code   RO         2118    i.HAL_RCCEx_GetPeriphCLKFreq  stm32h7xx_hal_rcc_ex.o
    0x08005484   0x08005484   0x0000093a   Code   RO         2122    i.HAL_RCCEx_PeriphCLKConfig  stm32h7xx_hal_rcc_ex.o
    0x08005dbe   0x08005dbe   0x00000002   PAD
    0x08005dc0   0x08005dc0   0x0000025c   Code   RO         1998    i.HAL_RCC_ClockConfig  stm32h7xx_hal_rcc.o
    0x0800601c   0x0800601c   0x0000005c   Code   RO         2002    i.HAL_RCC_GetClockConfig  stm32h7xx_hal_rcc.o
    0x08006078   0x08006078   0x00000044   Code   RO         2003    i.HAL_RCC_GetHCLKFreq  stm32h7xx_hal_rcc.o
    0x080060bc   0x080060bc   0x00000024   Code   RO         2005    i.HAL_RCC_GetPCLK1Freq  stm32h7xx_hal_rcc.o
    0x080060e0   0x080060e0   0x00000024   Code   RO         2006    i.HAL_RCC_GetPCLK2Freq  stm32h7xx_hal_rcc.o
    0x08006104   0x08006104   0x00000138   Code   RO         2007    i.HAL_RCC_GetSysClockFreq  stm32h7xx_hal_rcc.o
    0x0800623c   0x0800623c   0x00000094   Code   RO         2008    i.HAL_RCC_MCOConfig  stm32h7xx_hal_rcc.o
    0x080062d0   0x080062d0   0x00000526   Code   RO         2010    i.HAL_RCC_OscConfig  stm32h7xx_hal_rcc.o
    0x080067f6   0x080067f6   0x00000002   PAD
    0x080067f8   0x080067f8   0x0000008c   Code   RO         7531    i.HAL_RS485Ex_Init  stm32h7xx_hal_uart_ex.o
    0x08006884   0x08006884   0x0000017c   Code   RO         5775    i.HAL_SPI_Init      stm32h7xx_hal_spi.o
    0x08006a00   0x08006a00   0x00000140   Code   RO          588    i.HAL_SPI_MspInit   spi.o
    0x08006b40   0x08006b40   0x00000002   Code   RO         6809    i.HAL_TIMEx_Break2Callback  stm32h7xx_hal_tim_ex.o
    0x08006b42   0x08006b42   0x00000002   Code   RO         6810    i.HAL_TIMEx_BreakCallback  stm32h7xx_hal_tim_ex.o
    0x08006b44   0x08006b44   0x00000002   Code   RO         6811    i.HAL_TIMEx_CommutCallback  stm32h7xx_hal_tim_ex.o
    0x08006b46   0x08006b46   0x00000002   PAD
    0x08006b48   0x08006b48   0x000000a0   Code   RO         6813    i.HAL_TIMEx_ConfigBreakDeadTime  stm32h7xx_hal_tim_ex.o
    0x08006be8   0x08006be8   0x000000b8   Code   RO         6832    i.HAL_TIMEx_MasterConfigSynchronization  stm32h7xx_hal_tim_ex.o
    0x08006ca0   0x08006ca0   0x00000062   Code   RO         6095    i.HAL_TIM_Base_Init  stm32h7xx_hal_tim.o
    0x08006d02   0x08006d02   0x00000002   Code   RO         6097    i.HAL_TIM_Base_MspInit  stm32h7xx_hal_tim.o
    0x08006d04   0x08006d04   0x000000a0   Code   RO         6100    i.HAL_TIM_Base_Start_IT  stm32h7xx_hal_tim.o
    0x08006da4   0x08006da4   0x00000002   Code   RO         6129    i.HAL_TIM_IC_CaptureCallback  stm32h7xx_hal_tim.o
    0x08006da6   0x08006da6   0x00000148   Code   RO         6143    i.HAL_TIM_IRQHandler  stm32h7xx_hal_tim.o
    0x08006eee   0x08006eee   0x00000002   PAD
    0x08006ef0   0x08006ef0   0x000000d8   Code   RO          635    i.HAL_TIM_MspPostInit  tim.o
    0x08006fc8   0x08006fc8   0x00000002   Code   RO         6146    i.HAL_TIM_OC_DelayElapsedCallback  stm32h7xx_hal_tim.o
    0x08006fca   0x08006fca   0x00000124   Code   RO         6167    i.HAL_TIM_PWM_ConfigChannel  stm32h7xx_hal_tim.o
    0x080070ee   0x080070ee   0x00000062   Code   RO         6170    i.HAL_TIM_PWM_Init  stm32h7xx_hal_tim.o
    0x08007150   0x08007150   0x00000068   Code   RO          637    i.HAL_TIM_PWM_MspInit  tim.o
    0x080071b8   0x080071b8   0x00000002   Code   RO         6173    i.HAL_TIM_PWM_PulseFinishedCallback  stm32h7xx_hal_tim.o
    0x080071ba   0x080071ba   0x00000002   PAD
    0x080071bc   0x080071bc   0x00000014   Code   RO           14    i.HAL_TIM_PeriodElapsedCallback  main.o
    0x080071d0   0x080071d0   0x00000002   Code   RO         6186    i.HAL_TIM_TriggerCallback  stm32h7xx_hal_tim.o
    0x080071d2   0x080071d2   0x00000040   Code   RO         7532    i.HAL_UARTEx_DisableFifoMode  stm32h7xx_hal_uart_ex.o
    0x08007212   0x08007212   0x0000004a   Code   RO         7538    i.HAL_UARTEx_ReceiveToIdle_DMA  stm32h7xx_hal_uart_ex.o
    0x0800725c   0x0800725c   0x0000002c   Code   RO        10729    i.HAL_UARTEx_RxEventCallback  communicate.o
    0x08007288   0x08007288   0x00000002   Code   RO         7540    i.HAL_UARTEx_RxFifoFullCallback  stm32h7xx_hal_uart_ex.o
    0x0800728a   0x0800728a   0x0000004c   Code   RO         7541    i.HAL_UARTEx_SetRxFifoThreshold  stm32h7xx_hal_uart_ex.o
    0x080072d6   0x080072d6   0x0000004c   Code   RO         7542    i.HAL_UARTEx_SetTxFifoThreshold  stm32h7xx_hal_uart_ex.o
    0x08007322   0x08007322   0x00000002   Code   RO         7544    i.HAL_UARTEx_TxFifoEmptyCallback  stm32h7xx_hal_uart_ex.o
    0x08007324   0x08007324   0x00000002   Code   RO         7545    i.HAL_UARTEx_WakeupCallback  stm32h7xx_hal_uart_ex.o
    0x08007326   0x08007326   0x00000092   Code   RO         7133    i.HAL_UART_DMAStop  stm32h7xx_hal_uart.o
    0x080073b8   0x080073b8   0x00000070   Code   RO        10730    i.HAL_UART_ErrorCallback  communicate.o
    0x08007428   0x08007428   0x00000388   Code   RO         7140    i.HAL_UART_IRQHandler  stm32h7xx_hal_uart.o
    0x080077b0   0x080077b0   0x0000006a   Code   RO         7141    i.HAL_UART_Init     stm32h7xx_hal_uart.o
    0x0800781a   0x0800781a   0x00000002   PAD
    0x0800781c   0x0800781c   0x00000350   Code   RO          702    i.HAL_UART_MspInit  usart.o
    0x08007b6c   0x08007b6c   0x00000002   Code   RO         7148    i.HAL_UART_RxCpltCallback  stm32h7xx_hal_uart.o
    0x08007b6e   0x08007b6e   0x00000002   Code   RO         7149    i.HAL_UART_RxHalfCpltCallback  stm32h7xx_hal_uart.o
    0x08007b70   0x08007b70   0x00000002   Code   RO         7153    i.HAL_UART_TxCpltCallback  stm32h7xx_hal_uart.o
    0x08007b72   0x08007b72   0x00000002   Code   RO          783    i.HardFault_Handler  stm32h7xx_it.o
    0x08007b74   0x08007b74   0x00000008   Code   RO          319    i.ImuTask_Entry     freertos.o
    0x08007b7c   0x08007b7c   0x00000038   Code   RO         1032    i.IntToUnicode      usbd_desc.o
    0x08007bb4   0x08007bb4   0x00000008   Code   RO          320    i.KeyTask_Entry     freertos.o
    0x08007bbc   0x08007bbc   0x0000000c   Code   RO         4440    i.LL_ADC_GetOffsetChannel  stm32h7xx_hal_adc.o
    0x08007bc8   0x08007bc8   0x00000008   Code   RO         4441    i.LL_ADC_INJ_IsConversionOngoing  stm32h7xx_hal_adc.o
    0x08007bd0   0x08007bd0   0x00000008   Code   RO         4442    i.LL_ADC_REG_IsConversionOngoing  stm32h7xx_hal_adc.o
    0x08007bd8   0x08007bd8   0x00000008   Code   RO         4673    i.LL_ADC_REG_IsConversionOngoing  stm32h7xx_hal_adc_ex.o
    0x08007be0   0x08007be0   0x0000001e   Code   RO         4445    i.LL_ADC_SetChannelSamplingTime  stm32h7xx_hal_adc.o
    0x08007bfe   0x08007bfe   0x00000002   PAD
    0x08007c00   0x08007c00   0x00000018   Code   RO         4446    i.LL_ADC_SetOffsetState  stm32h7xx_hal_adc.o
    0x08007c18   0x08007c18   0x00000008   Code   RO          321    i.LcdTask_Entry     freertos.o
    0x08007c20   0x08007c20   0x000000b4   Code   RO          408    i.MX_ADC1_Init      adc.o
    0x08007cd4   0x08007cd4   0x0000003c   Code   RO          448    i.MX_DMA_Init       dma.o
    0x08007d10   0x08007d10   0x00000064   Code   RO          474    i.MX_FDCAN1_Init    fdcan.o
    0x08007d74   0x08007d74   0x00000068   Code   RO          475    i.MX_FDCAN2_Init    fdcan.o
    0x08007ddc   0x08007ddc   0x00000068   Code   RO          476    i.MX_FDCAN3_Init    fdcan.o
    0x08007e44   0x08007e44   0x000000ac   Code   RO          322    i.MX_FREERTOS_Init  freertos.o
    0x08007ef0   0x08007ef0   0x00000180   Code   RO          294    i.MX_GPIO_Init      gpio.o
    0x08008070   0x08008070   0x00000074   Code   RO          547    i.MX_OCTOSPI2_Init  octospi.o
    0x080080e4   0x080080e4   0x00000060   Code   RO          589    i.MX_SPI1_Init      spi.o
    0x08008144   0x08008144   0x00000064   Code   RO          590    i.MX_SPI6_Init      spi.o
    0x080081a8   0x080081a8   0x00000074   Code   RO          638    i.MX_TIM12_Init     tim.o
    0x0800821c   0x0800821c   0x000000c0   Code   RO          639    i.MX_TIM1_Init      tim.o
    0x080082dc   0x080082dc   0x00000084   Code   RO          640    i.MX_TIM2_Init      tim.o
    0x08008360   0x08008360   0x00000074   Code   RO          641    i.MX_TIM3_Init      tim.o
    0x080083d4   0x080083d4   0x0000006c   Code   RO          703    i.MX_UART5_Init     usart.o
    0x08008440   0x08008440   0x00000068   Code   RO          704    i.MX_UART7_Init     usart.o
    0x080084a8   0x080084a8   0x00000068   Code   RO          705    i.MX_USART10_UART_Init  usart.o
    0x08008510   0x08008510   0x00000068   Code   RO          706    i.MX_USART1_UART_Init  usart.o
    0x08008578   0x08008578   0x0000006c   Code   RO          707    i.MX_USART2_UART_Init  usart.o
    0x080085e4   0x080085e4   0x0000006c   Code   RO          708    i.MX_USART3_UART_Init  usart.o
    0x08008650   0x08008650   0x00000054   Code   RO          984    i.MX_USB_DEVICE_Init  usb_device.o
    0x080086a4   0x080086a4   0x00000002   Code   RO          784    i.MemManage_Handler  stm32h7xx_it.o
    0x080086a6   0x080086a6   0x00000002   Code   RO          785    i.NMI_Handler       stm32h7xx_it.o
    0x080086a8   0x080086a8   0x000000dc   Code   RO         5531    i.OSPIM_GetConfig   stm32h7xx_hal_ospi.o
    0x08008784   0x08008784   0x00000048   Code   RO         5537    i.OSPI_WaitFlagStateUntilTimeout  stm32h7xx_hal_ospi.o
    0x080087cc   0x080087cc   0x0000000c   Code   RO          786    i.OTG_HS_IRQHandler  stm32h7xx_it.o
    0x080087d8   0x080087d8   0x000000cc   Code   RO         1422    i.PCD_EP_OutXfrComplete_int  stm32h7xx_hal_pcd.o
    0x080088a4   0x080088a4   0x000000a2   Code   RO         1423    i.PCD_WriteEmptyTxFifo  stm32h7xx_hal_pcd.o
    0x08008946   0x08008946   0x00000002   PAD
    0x08008948   0x08008948   0x00000120   Code   RO         2125    i.RCCEx_PLL2_Config  stm32h7xx_hal_rcc_ex.o
    0x08008a68   0x08008a68   0x00000120   Code   RO         2126    i.RCCEx_PLL3_Config  stm32h7xx_hal_rcc_ex.o
    0x08008b88   0x08008b88   0x0000000a   Code   RO         9463    i.SWAPBYTE          usbd_ctlreq.o
    0x08008b92   0x08008b92   0x0000000c   Code   RO          323    i.StartDefaultTask  freertos.o
    0x08008b9e   0x08008b9e   0x00000002   PAD
    0x08008ba0   0x08008ba0   0x0000002c   Code   RO         9225    i.SysTick_Handler   port.o
    0x08008bcc   0x08008bcc   0x000000a8   Code   RO           15    i.SystemClock_Config  main.o
    0x08008c74   0x08008c74   0x000000c0   Code   RO         7651    i.SystemInit        system_stm32h7xx.o
    0x08008d34   0x08008d34   0x0000000c   Code   RO          787    i.TIM23_IRQHandler  stm32h7xx_it.o
    0x08008d40   0x08008d40   0x000000e4   Code   RO         6188    i.TIM_Base_SetConfig  stm32h7xx_hal_tim.o
    0x08008e24   0x08008e24   0x000000a4   Code   RO         6201    i.TIM_OC1_SetConfig  stm32h7xx_hal_tim.o
    0x08008ec8   0x08008ec8   0x00000098   Code   RO         6202    i.TIM_OC2_SetConfig  stm32h7xx_hal_tim.o
    0x08008f60   0x08008f60   0x00000098   Code   RO         6203    i.TIM_OC3_SetConfig  stm32h7xx_hal_tim.o
    0x08008ff8   0x08008ff8   0x00000078   Code   RO         6204    i.TIM_OC4_SetConfig  stm32h7xx_hal_tim.o
    0x08009070   0x08009070   0x00000074   Code   RO         6205    i.TIM_OC5_SetConfig  stm32h7xx_hal_tim.o
    0x080090e4   0x080090e4   0x00000074   Code   RO         6206    i.TIM_OC6_SetConfig  stm32h7xx_hal_tim.o
    0x08009158   0x08009158   0x0000000c   Code   RO          788    i.UART7_IRQHandler  stm32h7xx_it.o
    0x08009164   0x08009164   0x00000044   Code   RO         7546    i.UARTEx_SetNbDataToProcess  stm32h7xx_hal_uart_ex.o
    0x080091a8   0x080091a8   0x000000c8   Code   RO         7155    i.UART_AdvFeatureConfig  stm32h7xx_hal_uart.o
    0x08009270   0x08009270   0x000000aa   Code   RO         7156    i.UART_CheckIdleState  stm32h7xx_hal_uart.o
    0x0800931a   0x0800931a   0x00000014   Code   RO         7157    i.UART_DMAAbortOnError  stm32h7xx_hal_uart.o
    0x0800932e   0x0800932e   0x0000004e   Code   RO         7158    i.UART_DMAError     stm32h7xx_hal_uart.o
    0x0800937c   0x0800937c   0x00000082   Code   RO         7159    i.UART_DMAReceiveCplt  stm32h7xx_hal_uart.o
    0x080093fe   0x080093fe   0x00000020   Code   RO         7161    i.UART_DMARxHalfCplt  stm32h7xx_hal_uart.o
    0x0800941e   0x0800941e   0x00000002   PAD
    0x08009420   0x08009420   0x00000054   Code   RO         7167    i.UART_EndRxTransfer  stm32h7xx_hal_uart.o
    0x08009474   0x08009474   0x0000002e   Code   RO         7168    i.UART_EndTxTransfer  stm32h7xx_hal_uart.o
    0x080094a2   0x080094a2   0x00000002   PAD
    0x080094a4   0x080094a4   0x000003dc   Code   RO         7173    i.UART_SetConfig    stm32h7xx_hal_uart.o
    0x08009880   0x08009880   0x000000a8   Code   RO         7174    i.UART_Start_Receive_DMA  stm32h7xx_hal_uart.o
    0x08009928   0x08009928   0x00000094   Code   RO         7180    i.UART_WaitOnFlagUntilTimeout  stm32h7xx_hal_uart.o
    0x080099bc   0x080099bc   0x0000000c   Code   RO          789    i.USART10_IRQHandler  stm32h7xx_it.o
    0x080099c8   0x080099c8   0x0000000c   Code   RO          790    i.USART1_IRQHandler  stm32h7xx_it.o
    0x080099d4   0x080099d4   0x0000000c   Code   RO          791    i.USART2_IRQHandler  stm32h7xx_it.o
    0x080099e0   0x080099e0   0x0000000c   Code   RO          792    i.USART3_IRQHandler  stm32h7xx_it.o
    0x080099ec   0x080099ec   0x00000076   Code   RO         9601    i.USBD_CDC_DataIn   usbd_cdc.o
    0x08009a62   0x08009a62   0x0000003c   Code   RO         9602    i.USBD_CDC_DataOut  usbd_cdc.o
    0x08009a9e   0x08009a9e   0x00000002   PAD
    0x08009aa0   0x08009aa0   0x00000090   Code   RO         9603    i.USBD_CDC_DeInit   usbd_cdc.o
    0x08009b30   0x08009b30   0x00000036   Code   RO         9604    i.USBD_CDC_EP0_RxReady  usbd_cdc.o
    0x08009b66   0x08009b66   0x00000002   PAD
    0x08009b68   0x08009b68   0x0000000c   Code   RO         9605    i.USBD_CDC_GetDeviceQualifierDescriptor  usbd_cdc.o
    0x08009b74   0x08009b74   0x00000040   Code   RO         9606    i.USBD_CDC_GetFSCfgDesc  usbd_cdc.o
    0x08009bb4   0x08009bb4   0x00000040   Code   RO         9607    i.USBD_CDC_GetHSCfgDesc  usbd_cdc.o
    0x08009bf4   0x08009bf4   0x00000040   Code   RO         9608    i.USBD_CDC_GetOtherSpeedCfgDesc  usbd_cdc.o
    0x08009c34   0x08009c34   0x0000011c   Code   RO         9609    i.USBD_CDC_Init     usbd_cdc.o
    0x08009d50   0x08009d50   0x00000038   Code   RO         9610    i.USBD_CDC_ReceivePacket  usbd_cdc.o
    0x08009d88   0x08009d88   0x00000016   Code   RO         9611    i.USBD_CDC_RegisterInterface  usbd_cdc.o
    0x08009d9e   0x08009d9e   0x0000001a   Code   RO         9612    i.USBD_CDC_SetRxBuffer  usbd_cdc.o
    0x08009db8   0x08009db8   0x0000001e   Code   RO         9613    i.USBD_CDC_SetTxBuffer  usbd_cdc.o
    0x08009dd6   0x08009dd6   0x000000ce   Code   RO         9614    i.USBD_CDC_Setup    usbd_cdc.o
    0x08009ea4   0x08009ea4   0x00000014   Code   RO         9304    i.USBD_ClrClassConfig  usbd_core.o
    0x08009eb8   0x08009eb8   0x00000004   Code   RO         9305    i.USBD_CoreFindEP   usbd_core.o
    0x08009ebc   0x08009ebc   0x00000004   Code   RO         9306    i.USBD_CoreFindIF   usbd_core.o
    0x08009ec0   0x08009ec0   0x00000010   Code   RO         9541    i.USBD_CtlContinueRx  usbd_ioreq.o
    0x08009ed0   0x08009ed0   0x00000010   Code   RO         9542    i.USBD_CtlContinueSendData  usbd_ioreq.o
    0x08009ee0   0x08009ee0   0x00000016   Code   RO         9464    i.USBD_CtlError     usbd_ctlreq.o
    0x08009ef6   0x08009ef6   0x0000001e   Code   RO         9543    i.USBD_CtlPrepareRx  usbd_ioreq.o
    0x08009f14   0x08009f14   0x00000016   Code   RO         9544    i.USBD_CtlReceiveStatus  usbd_ioreq.o
    0x08009f2a   0x08009f2a   0x0000001a   Code   RO         9545    i.USBD_CtlSendData  usbd_ioreq.o
    0x08009f44   0x08009f44   0x00000016   Code   RO         9546    i.USBD_CtlSendStatus  usbd_ioreq.o
    0x08009f5a   0x08009f5a   0x000000fa   Code   RO         9465    i.USBD_GetDescriptor  usbd_ctlreq.o
    0x0800a054   0x0800a054   0x0000003a   Code   RO         9308    i.USBD_GetEpDesc    usbd_core.o
    0x0800a08e   0x0800a08e   0x00000014   Code   RO         9466    i.USBD_GetLen       usbd_ctlreq.o
    0x0800a0a2   0x0800a0a2   0x0000000e   Code   RO         9309    i.USBD_GetNextDesc  usbd_core.o
    0x0800a0b0   0x0800a0b0   0x0000004e   Code   RO         9467    i.USBD_GetString    usbd_ctlreq.o
    0x0800a0fe   0x0800a0fe   0x00000018   Code   RO         1194    i.USBD_Get_USB_Status  usbd_conf.o
    0x0800a116   0x0800a116   0x00000002   PAD
    0x0800a118   0x0800a118   0x00000020   Code   RO         1033    i.USBD_HS_ConfigStrDescriptor  usbd_desc.o
    0x0800a138   0x0800a138   0x0000000c   Code   RO         1034    i.USBD_HS_DeviceDescriptor  usbd_desc.o
    0x0800a144   0x0800a144   0x00000024   Code   RO         1035    i.USBD_HS_InterfaceStrDescriptor  usbd_desc.o
    0x0800a168   0x0800a168   0x0000000c   Code   RO         1036    i.USBD_HS_LangIDStrDescriptor  usbd_desc.o
    0x0800a174   0x0800a174   0x00000028   Code   RO         1037    i.USBD_HS_ManufacturerStrDescriptor  usbd_desc.o
    0x0800a19c   0x0800a19c   0x0000002c   Code   RO         1038    i.USBD_HS_ProductStrDescriptor  usbd_desc.o
    0x0800a1c8   0x0800a1c8   0x0000003c   Code   RO         1039    i.USBD_HS_SerialStrDescriptor  usbd_desc.o
    0x0800a204   0x0800a204   0x00000026   Code   RO         9310    i.USBD_Init         usbd_core.o
    0x0800a22a   0x0800a22a   0x00000012   Code   RO         1195    i.USBD_LL_ClearStallEP  usbd_conf.o
    0x0800a23c   0x0800a23c   0x00000012   Code   RO         1196    i.USBD_LL_CloseEP   usbd_conf.o
    0x0800a24e   0x0800a24e   0x000000b8   Code   RO         9311    i.USBD_LL_DataInStage  usbd_core.o
    0x0800a306   0x0800a306   0x00000090   Code   RO         9312    i.USBD_LL_DataOutStage  usbd_core.o
    0x0800a396   0x0800a396   0x00000004   Code   RO         9313    i.USBD_LL_DevConnected  usbd_core.o
    0x0800a39a   0x0800a39a   0x00000020   Code   RO         9314    i.USBD_LL_DevDisconnected  usbd_core.o
    0x0800a3ba   0x0800a3ba   0x00000008   Code   RO         1200    i.USBD_LL_GetRxDataSize  usbd_conf.o
    0x0800a3c2   0x0800a3c2   0x00000002   PAD
    0x0800a3c4   0x0800a3c4   0x00000068   Code   RO         1201    i.USBD_LL_Init      usbd_conf.o
    0x0800a42c   0x0800a42c   0x0000001e   Code   RO         1202    i.USBD_LL_IsStallEP  usbd_conf.o
    0x0800a44a   0x0800a44a   0x00000028   Code   RO         9315    i.USBD_LL_IsoINIncomplete  usbd_core.o
    0x0800a472   0x0800a472   0x00000028   Code   RO         9316    i.USBD_LL_IsoOUTIncomplete  usbd_core.o
    0x0800a49a   0x0800a49a   0x00000018   Code   RO         1203    i.USBD_LL_OpenEP    usbd_conf.o
    0x0800a4b2   0x0800a4b2   0x00000012   Code   RO         1204    i.USBD_LL_PrepareReceive  usbd_conf.o
    0x0800a4c4   0x0800a4c4   0x0000005e   Code   RO         9317    i.USBD_LL_Reset     usbd_core.o
    0x0800a522   0x0800a522   0x00000014   Code   RO         9318    i.USBD_LL_Resume    usbd_core.o
    0x0800a536   0x0800a536   0x0000001a   Code   RO         9319    i.USBD_LL_SOF       usbd_core.o
    0x0800a550   0x0800a550   0x00000006   Code   RO         9320    i.USBD_LL_SetSpeed  usbd_core.o
    0x0800a556   0x0800a556   0x00000012   Code   RO         1205    i.USBD_LL_SetUSBAddress  usbd_conf.o
    0x0800a568   0x0800a568   0x00000060   Code   RO         9321    i.USBD_LL_SetupStage  usbd_core.o
    0x0800a5c8   0x0800a5c8   0x00000012   Code   RO         1206    i.USBD_LL_StallEP   usbd_conf.o
    0x0800a5da   0x0800a5da   0x00000012   Code   RO         1207    i.USBD_LL_Start     usbd_conf.o
    0x0800a5ec   0x0800a5ec   0x0000001a   Code   RO         9322    i.USBD_LL_Suspend   usbd_core.o
    0x0800a606   0x0800a606   0x00000012   Code   RO         1209    i.USBD_LL_Transmit  usbd_conf.o
    0x0800a618   0x0800a618   0x0000002a   Code   RO         9468    i.USBD_ParseSetupRequest  usbd_ctlreq.o
    0x0800a642   0x0800a642   0x0000003a   Code   RO         9323    i.USBD_RegisterClass  usbd_core.o
    0x0800a67c   0x0800a67c   0x00000014   Code   RO         9325    i.USBD_SetClassConfig  usbd_core.o
    0x0800a690   0x0800a690   0x000000bc   Code   RO         9469    i.USBD_SetConfig    usbd_ctlreq.o
    0x0800a74c   0x0800a74c   0x00000004   Code   RO         9326    i.USBD_Start        usbd_core.o
    0x0800a750   0x0800a750   0x0000012e   Code   RO         9470    i.USBD_StdDevReq    usbd_ctlreq.o
    0x0800a87e   0x0800a87e   0x00000164   Code   RO         9471    i.USBD_StdEPReq     usbd_ctlreq.o
    0x0800a9e2   0x0800a9e2   0x00000074   Code   RO         9472    i.USBD_StdItfReq    usbd_ctlreq.o
    0x0800aa56   0x0800aa56   0x00000002   Code   RO         1210    i.USBD_static_free  usbd_conf.o
    0x0800aa58   0x0800aa58   0x00000008   Code   RO         1211    i.USBD_static_malloc  usbd_conf.o
    0x0800aa60   0x0800aa60   0x00000080   Code   RO         1693    i.USB_ActivateEndpoint  stm32h7xx_ll_usb.o
    0x0800aae0   0x0800aae0   0x0000001c   Code   RO         1695    i.USB_ActivateSetup  stm32h7xx_ll_usb.o
    0x0800aafc   0x0800aafc   0x00000098   Code   RO         1697    i.USB_CoreInit      stm32h7xx_ll_usb.o
    0x0800ab94   0x0800ab94   0x0000003c   Code   RO         1698    i.USB_CoreReset     stm32h7xx_ll_usb.o
    0x0800abd0   0x0800abd0   0x000000cc   Code   RO         1701    i.USB_DeactivateEndpoint  stm32h7xx_ll_usb.o
    0x0800ac9c   0x0800ac9c   0x0000001c   Code   RO         1702    i.USB_DevConnect    stm32h7xx_ll_usb.o
    0x0800acb8   0x0800acb8   0x0000001c   Code   RO         1703    i.USB_DevDisconnect  stm32h7xx_ll_usb.o
    0x0800acd4   0x0800acd4   0x0000016c   Code   RO         1704    i.USB_DevInit       stm32h7xx_ll_usb.o
    0x0800ae40   0x0800ae40   0x0000000c   Code   RO         1705    i.USB_DisableGlobalInt  stm32h7xx_ll_usb.o
    0x0800ae4c   0x0800ae4c   0x00000058   Code   RO         1708    i.USB_EP0_OutStart  stm32h7xx_ll_usb.o
    0x0800aea4   0x0800aea4   0x00000058   Code   RO         1709    i.USB_EPClearStall  stm32h7xx_ll_usb.o
    0x0800aefc   0x0800aefc   0x00000058   Code   RO         1710    i.USB_EPSetStall    stm32h7xx_ll_usb.o
    0x0800af54   0x0800af54   0x00000238   Code   RO         1711    i.USB_EPStartXfer   stm32h7xx_ll_usb.o
    0x0800b18c   0x0800b18c   0x0000009e   Code   RO         1712    i.USB_EPStopXfer    stm32h7xx_ll_usb.o
    0x0800b22a   0x0800b22a   0x0000000c   Code   RO         1713    i.USB_EnableGlobalInt  stm32h7xx_ll_usb.o
    0x0800b236   0x0800b236   0x00000038   Code   RO         1714    i.USB_FlushRxFifo   stm32h7xx_ll_usb.o
    0x0800b26e   0x0800b26e   0x0000003c   Code   RO         1715    i.USB_FlushTxFifo   stm32h7xx_ll_usb.o
    0x0800b2aa   0x0800b2aa   0x0000001a   Code   RO         1717    i.USB_GetDevSpeed   stm32h7xx_ll_usb.o
    0x0800b2c4   0x0800b2c4   0x00000008   Code   RO         1719    i.USB_GetMode       stm32h7xx_ll_usb.o
    0x0800b2cc   0x0800b2cc   0x0000000e   Code   RO         1727    i.USB_ReadDevAllInEpInterrupt  stm32h7xx_ll_usb.o
    0x0800b2da   0x0800b2da   0x0000000e   Code   RO         1728    i.USB_ReadDevAllOutEpInterrupt  stm32h7xx_ll_usb.o
    0x0800b2e8   0x0800b2e8   0x00000024   Code   RO         1729    i.USB_ReadDevInEPInterrupt  stm32h7xx_ll_usb.o
    0x0800b30c   0x0800b30c   0x00000010   Code   RO         1730    i.USB_ReadDevOutEPInterrupt  stm32h7xx_ll_usb.o
    0x0800b31c   0x0800b31c   0x00000008   Code   RO         1731    i.USB_ReadInterrupts  stm32h7xx_ll_usb.o
    0x0800b324   0x0800b324   0x00000040   Code   RO         1732    i.USB_ReadPacket    stm32h7xx_ll_usb.o
    0x0800b364   0x0800b364   0x0000005e   Code   RO         1734    i.USB_SetCurrentMode  stm32h7xx_ll_usb.o
    0x0800b3c2   0x0800b3c2   0x00000022   Code   RO         1735    i.USB_SetDevAddress  stm32h7xx_ll_usb.o
    0x0800b3e4   0x0800b3e4   0x000000e8   Code   RO         1737    i.USB_SetTurnaroundTime  stm32h7xx_ll_usb.o
    0x0800b4cc   0x0800b4cc   0x00000028   Code   RO         1740    i.USB_WritePacket   stm32h7xx_ll_usb.o
    0x0800b4f4   0x0800b4f4   0x00000002   Code   RO          793    i.UsageFault_Handler  stm32h7xx_it.o
    0x0800b4f6   0x0800b4f6   0x00000002   PAD
    0x0800b4f8   0x0800b4f8   0x00000048   Code   RO        10367    i._Z12can_bsp_initv  bsp_fdcan.o
    0x0800b540   0x0800b540   0x00000034   Code   RO        10368    i._Z13get_fdcan_dlcj  bsp_fdcan.o
    0x0800b574   0x0800b574   0x0000001c   Code   RO        10369    i._Z14fdcanx_receiveP19FDCAN_HandleTypeDefPh  bsp_fdcan.o
    0x0800b590   0x0800b590   0x00000088   Code   RO        10370    i._Z15can_filter_initv  bsp_fdcan.o
    0x0800b618   0x0800b618   0x00000032   Code   RO        10371    i._Z16fdcanx_send_dataP19FDCAN_HandleTypeDeftPhj  bsp_fdcan.o
    0x0800b64a   0x0800b64a   0x00000002   PAD
    0x0800b64c   0x0800b64c   0x00000044   Code   RO        10731    i._Z18fdcan1_rx_callbackv  communicate.o
    0x0800b690   0x0800b690   0x0000001c   Code   RO        10732    i._Z18fdcan2_rx_callbackv  communicate.o
    0x0800b6ac   0x0800b6ac   0x00000034   Code   RO        10733    i._Z18fdcan3_rx_callbackv  communicate.o
    0x0800b6e0   0x0800b6e0   0x00000004   Code   RO        10449    i._Z9UART_InitP20__UART_HandleTypeDefPht  bsp_uart.o
    0x0800b6e4   0x0800b6e4   0x00000028   Code   RO         9708    i._ZN11Can_receive13uint_to_floatEiffi  can_receive.o
    0x0800b70c   0x0800b70c   0x00000040   Code   RO         9709    i._ZN11Can_receive17can_cmd_leg_motorEsst  can_receive.o
    0x0800b74c   0x0800b74c   0x000000c4   Code   RO         9710    i._ZN11Can_receive18get_dm_imu_measureEP16dm_imu_measure_tPh  can_receive.o
    0x0800b810   0x0800b810   0x0000001c   Code   RO         9711    i._ZN11Can_receive21get_dji_motor_measureEP19dji_motor_measure_tPh  can_receive.o
    0x0800b82c   0x0800b82c   0x00000030   Code   RO         9712    i._ZN11Can_receive24can_cmd_imu_request_gyroEt  can_receive.o
    0x0800b85c   0x0800b85c   0x00000004   Code   RO         9713    i._ZN11Can_receive24get_dm_imu_measure_pointEv  can_receive.o
    0x0800b860   0x0800b860   0x00000030   Code   RO         9714    i._ZN11Can_receive25can_cmd_imu_request_eulerEt  can_receive.o
    0x0800b890   0x0800b890   0x0000000a   Code   RO         9715    i._ZN11Can_receive27get_dji_motor_measure_pointEh  can_receive.o
    0x0800b89a   0x0800b89a   0x00000004   Code   RO         9716    i._ZN11Can_receive4initEv  can_receive.o
    0x0800b89e   0x0800b89e   0x00000002   PAD
    0x0800b8a0   0x0800b8a0   0x00000030   Code   RO        10734    i._ZN11Communicate3runEv  communicate.o
    0x0800b8d0   0x0800b8d0   0x00000028   Code   RO        10735    i._ZN11Communicate4initEv  communicate.o
    0x0800b8f8   0x0800b8f8   0x00000018   Code   RO        10508    i._ZN3Car11set_controlEv  car.o
    0x0800b910   0x0800b910   0x0000005e   Code   RO        10509    i._ZN3Car15feedback_updateEv  car.o
    0x0800b96e   0x0800b96e   0x00000002   PAD
    0x0800b970   0x0800b970   0x00000044   Code   RO        10510    i._ZN3Car5solveEv   car.o
    0x0800b9b4   0x0800b9b4   0x00000024   Code   RO        10511    i._ZN3Car6outputEv  car.o
    0x0800b9d8   0x0800b9d8   0x0000005c   Code   RO        10512    i._ZN3CarC1EPK19dji_motor_measure_tS2_PK16dm_imu_measure_tRK8PidParamS8_S8_PK9RC_ctrl_t  car.o
    0x0800ba34   0x0800ba34   0x00000004   Code   RO        10927    i._ZN3DT724get_remote_control_pointEv  dt7.o
    0x0800ba38   0x0800ba38   0x00000014   Code   RO        10929    i._ZN3DT74initEP20__UART_HandleTypeDefPht  dt7.o
    0x0800ba4c   0x0800ba4c   0x0000009a   Code   RO        10931    i._ZN3DT76unpackEv  dt7.o
    0x0800bae6   0x0800bae6   0x00000002   PAD
    0x0800bae8   0x0800bae8   0x0000006c   Code   RO        10810    i._ZN3Imu6updateEv  imu.o
    0x0800bb54   0x0800bb54   0x00000004   Code   RO        10811    i._ZN3ImuC1EPK16dm_imu_measure_t  imu.o
    0x0800bb58   0x0800bb58   0x00000034   Code   RO        10010    i._ZN3Pid11AngleFormatEf  pid.o
    0x0800bb8c   0x0800bb8c   0x00000084   Code   RO        10011    i._ZN3Pid4CalcEff   pid.o
    0x0800bc10   0x0800bc10   0x00000022   Code   RO        10037    i._ZN3Pid5LimitERff  pid.o
    0x0800bc32   0x0800bc32   0x00000002   PAD
    0x0800bc34   0x0800bc34   0x00000018   Code   RO        10012    i._ZN3Pid5ResetEv   pid.o
    0x0800bc4c   0x0800bc4c   0x0000001c   Code   RO        10013    i._ZN3PidC1E7PidModeRK8PidParam  pid.o
    0x0800bc68   0x0800bc68   0x00000020   Code   RO        10843    i._ZN5MotorC1Ev     motor.o
    0x0800bc88   0x0800bc88   0x00000098   Code   RO        10844    i._ZN9DJI_Motor6updateEv  motor.o
    0x0800bd20   0x0800bd20   0x00000020   Code   RO        10845    i._ZN9DJI_MotorC1EPK19dji_motor_measure_ttt  motor.o
    0x0800bd40   0x0800bd40   0x00000022   Code   RO         3333    i.__NVIC_SetPriority  stm32h7xx_hal_cortex.o
    0x0800bd62   0x0800bd62   0x00000002   PAD
    0x0800bd64   0x0800bd64   0x00000054   Code   RO        10513    i.__sti___7_car_cpp_left  car.o
    0x0800bdb8   0x0800bdb8   0x00000028   Code   RO        10061    i.balance_Task      balance_task.o
    0x0800bde0   0x0800bde0   0x00000020   Code   RO        10126    i.communicate_Task  communicate_task.o
    0x0800be00   0x0800be00   0x0000005e   Code   RO           16    i.main              main.o
    0x0800be5e   0x0800be5e   0x0000000e   Code   RO         8790    i.makeFreeRtosPriority  cmsis_os.o
    0x0800be6c   0x0800be6c   0x0000000e   Code   RO         8792    i.osDelay           cmsis_os.o
    0x0800be7a   0x0800be7a   0x0000000a   Code   RO         8795    i.osKernelStart     cmsis_os.o
    0x0800be84   0x0800be84   0x00000054   Code   RO         8829    i.osThreadCreate    cmsis_os.o
    0x0800bed8   0x0800bed8   0x00000070   Code   RO         8255    i.prvAddCurrentTaskToDelayedList  tasks.o
    0x0800bf48   0x0800bf48   0x000000d0   Code   RO         8256    i.prvAddNewTaskToReadyList  tasks.o
    0x0800c018   0x0800c018   0x00000058   Code   RO         8620    i.prvCheckForValidListAndQueue  timers.o
    0x0800c070   0x0800c070   0x00000026   Code   RO         7852    i.prvCopyDataFromQueue  queue.o
    0x0800c096   0x0800c096   0x0000006c   Code   RO         7853    i.prvCopyDataToQueue  queue.o
    0x0800c102   0x0800c102   0x00000034   Code   RO         8257    i.prvDeleteTCB      tasks.o
    0x0800c136   0x0800c136   0x00000002   PAD
    0x0800c138   0x0800c138   0x00000050   Code   RO         9169    i.prvHeapInit       heap_4.o
    0x0800c188   0x0800c188   0x00000060   Code   RO         8258    i.prvIdleTask       tasks.o
    0x0800c1e8   0x0800c1e8   0x00000022   Code   RO         7855    i.prvInitialiseNewQueue  queue.o
    0x0800c20a   0x0800c20a   0x000000b0   Code   RO         8259    i.prvInitialiseNewTask  tasks.o
    0x0800c2ba   0x0800c2ba   0x00000002   PAD
    0x0800c2bc   0x0800c2bc   0x0000004c   Code   RO         9170    i.prvInsertBlockIntoFreeList  heap_4.o
    0x0800c308   0x0800c308   0x0000003c   Code   RO         8622    i.prvInsertTimerInActiveList  timers.o
    0x0800c344   0x0800c344   0x0000001c   Code   RO         7856    i.prvIsQueueEmpty   queue.o
    0x0800c360   0x0800c360   0x000000f8   Code   RO         8623    i.prvProcessReceivedCommands  timers.o
    0x0800c458   0x0800c458   0x000000c0   Code   RO         8624    i.prvProcessTimerOrBlockTask  timers.o
    0x0800c518   0x0800c518   0x00000020   Code   RO         8261    i.prvResetNextTaskUnblockTime  tasks.o
    0x0800c538   0x0800c538   0x00000028   Code   RO         8625    i.prvSampleTimeNow  timers.o
    0x0800c560   0x0800c560   0x0000006c   Code   RO         8626    i.prvSwitchTimerLists  timers.o
    0x0800c5cc   0x0800c5cc   0x00000028   Code   RO         9226    i.prvTaskExitError  port.o
    0x0800c5f4   0x0800c5f4   0x00000024   Code   RO         8627    i.prvTimerTask      timers.o
    0x0800c618   0x0800c618   0x0000006a   Code   RO         7857    i.prvUnlockQueue    queue.o
    0x0800c682   0x0800c682   0x00000002   PAD
    0x0800c684   0x0800c684   0x000000dc   Code   RO         9171    i.pvPortMalloc      heap_4.o
    0x0800c760   0x0800c760   0x00000030   Code   RO         9227    i.pxPortInitialiseStack  port.o
    0x0800c790   0x0800c790   0x00000026   Code   RO         7812    i.uxListRemove      list.o
    0x0800c7b6   0x0800c7b6   0x00000002   PAD
    0x0800c7b8   0x0800c7b8   0x00000018   Code   RO          324    i.vApplicationGetIdleTaskMemory  freertos.o
    0x0800c7d0   0x0800c7d0   0x00000018   Code   RO          325    i.vApplicationGetTimerTaskMemory  freertos.o
    0x0800c7e8   0x0800c7e8   0x00000016   Code   RO         7813    i.vListInitialise   list.o
    0x0800c7fe   0x0800c7fe   0x00000006   Code   RO         7814    i.vListInitialiseItem  list.o
    0x0800c804   0x0800c804   0x00000030   Code   RO         7815    i.vListInsert       list.o
    0x0800c834   0x0800c834   0x00000018   Code   RO         7816    i.vListInsertEnd    list.o
    0x0800c84c   0x0800c84c   0x00000040   Code   RO         9229    i.vPortEnterCritical  port.o
    0x0800c88c   0x0800c88c   0x00000028   Code   RO         9230    i.vPortExitCritical  port.o
    0x0800c8b4   0x0800c8b4   0x00000064   Code   RO         9172    i.vPortFree         heap_4.o
    0x0800c918   0x0800c918   0x00000024   Code   RO         9231    i.vPortSetupTimerInterrupt  port.o
    0x0800c93c   0x0800c93c   0x00000054   Code   RO         9232    i.vPortValidateInterruptPriority  port.o
    0x0800c990   0x0800c990   0x00000028   Code   RO         7863    i.vQueueAddToRegistry  queue.o
    0x0800c9b8   0x0800c9b8   0x00000044   Code   RO         7867    i.vQueueWaitForMessageRestricted  queue.o
    0x0800c9fc   0x0800c9fc   0x0000004c   Code   RO         8274    i.vTaskDelay        tasks.o
    0x0800ca48   0x0800ca48   0x00000010   Code   RO         8279    i.vTaskInternalSetTimeOutState  tasks.o
    0x0800ca58   0x0800ca58   0x0000000c   Code   RO         8280    i.vTaskMissedYield  tasks.o
    0x0800ca64   0x0800ca64   0x00000030   Code   RO         8282    i.vTaskPlaceOnEventList  tasks.o
    0x0800ca94   0x0800ca94   0x00000038   Code   RO         8283    i.vTaskPlaceOnEventListRestricted  tasks.o
    0x0800cacc   0x0800cacc   0x00000088   Code   RO         8291    i.vTaskStartScheduler  tasks.o
    0x0800cb54   0x0800cb54   0x00000010   Code   RO         8293    i.vTaskSuspendAll   tasks.o
    0x0800cb64   0x0800cb64   0x0000005c   Code   RO         8294    i.vTaskSwitchContext  tasks.o
    0x0800cbc0   0x0800cbc0   0x000000f4   Code   RO         9233    i.xPortStartScheduler  port.o
    0x0800ccb4   0x0800ccb4   0x00000066   Code   RO         7873    i.xQueueGenericCreateStatic  queue.o
    0x0800cd1a   0x0800cd1a   0x00000002   PAD
    0x0800cd1c   0x0800cd1c   0x00000094   Code   RO         7874    i.xQueueGenericReset  queue.o
    0x0800cdb0   0x0800cdb0   0x00000160   Code   RO         7875    i.xQueueGenericSend  queue.o
    0x0800cf10   0x0800cf10   0x000000be   Code   RO         7876    i.xQueueGenericSendFromISR  queue.o
    0x0800cfce   0x0800cfce   0x00000002   PAD
    0x0800cfd0   0x0800cfd0   0x0000013c   Code   RO         7885    i.xQueueReceive     queue.o
    0x0800d10c   0x0800d10c   0x00000078   Code   RO         8296    i.xTaskCheckForTimeOut  tasks.o
    0x0800d184   0x0800d184   0x0000005a   Code   RO         8297    i.xTaskCreate       tasks.o
    0x0800d1de   0x0800d1de   0x00000056   Code   RO         8298    i.xTaskCreateStatic  tasks.o
    0x0800d234   0x0800d234   0x0000001c   Code   RO         8302    i.xTaskGetSchedulerState  tasks.o
    0x0800d250   0x0800d250   0x0000000c   Code   RO         8303    i.xTaskGetTickCount  tasks.o
    0x0800d25c   0x0800d25c   0x000000cc   Code   RO         8305    i.xTaskIncrementTick  tasks.o
    0x0800d328   0x0800d328   0x000000a0   Code   RO         8308    i.xTaskPriorityDisinherit  tasks.o
    0x0800d3c8   0x0800d3c8   0x00000074   Code   RO         8310    i.xTaskRemoveFromEventList  tasks.o
    0x0800d43c   0x0800d43c   0x000000c4   Code   RO         8311    i.xTaskResumeAll    tasks.o
    0x0800d500   0x0800d500   0x00000060   Code   RO         8636    i.xTimerCreateTimerTask  timers.o
    0x0800d560   0x0800d560   0x00000068   Code   RO         8637    i.xTimerGenericCommand  timers.o
    0x0800d5c8   0x0800d5c8   0x0000000a   Code   RO        11208    x$fpl$fpinit        fz_wv.l(fpinit.o)
    0x0800d5d2   0x0800d5d2   0x00000002   PAD
    0x0800d5d4   0x0800d5d4   0x000000c4   Data   RO          335    .constdata          freertos.o
    0x0800d698   0x0800d698   0x00000008   Data   RO         2634    .constdata          stm32h7xx_hal_dma.o
    0x0800d6a0   0x0800d6a0   0x0000005c   Data   RO         4977    .constdata          stm32h7xx_hal_fdcan.o
    0x0800d6fc   0x0800d6fc   0x00000018   Data   RO         7181    .constdata          stm32h7xx_hal_uart.o
    0x0800d714   0x0800d714   0x00000010   Data   RO         7547    .constdata          stm32h7xx_hal_uart_ex.o
    0x0800d724   0x0800d724   0x00000010   Data   RO         7652    .constdata          system_stm32h7xx.o
    0x0800d734   0x0800d734   0x00000048   Data   RO        10521    .constdata          car.o
    0x0800d77c   0x0800d77c   0x00000048   Data   RO          336    .conststring        freertos.o
    0x0800d7c4   0x0800d7c4   0x00000040   Data   RO        11302    Region$$Table       anon$$obj.o
    0x0800d804   0x0800d804   0x00000004   Data   RO        10525    .init_array         car.o
    0x0800d808   0x0800d804   0x00000000   Data   RO        11132    .init_array         c_w.l(init_aeabi.o)


    Execution Region RW_IRAM1 (Exec base: 0x20000000, Load base: 0x0800d808, Size: 0x000048d8, Max: 0x00020000, ABSOLUTE)

    Exec Addr    Load Addr    Size         Type   Attr      Idx    E Section Name        Object

    0x20000000   0x0800d808   0x00000004   Data   RW          478    .data               fdcan.o
    0x20000004   0x0800d80c   0x0000003e   Data   RW         1043    .data               usbd_desc.o
    0x20000042   0x0800d84a   0x00000002   PAD
    0x20000044   0x0800d84c   0x00000014   Data   RW         1131    .data               usbd_cdc_if.o
    0x20000058   0x0800d860   0x00000014   Data   RW         8645    .data               timers.o
    0x2000006c   0x0800d874   0x00000020   Data   RW         9178    .data               heap_4.o
    0x2000008c   0x0800d894   0x0000000c   Data   RW         9234    .data               port.o
    0x20000098   0x0800d8a0   0x00000038   Data   RW         9617    .data               usbd_cdc.o
    0x200000d0   0x0800d8d8   0x00000004   Data   RW        10524    .data               car.o
    0x200000d4   0x0800d8dc   0x00000001   Data   RW        10745    .data               communicate.o
    0x200000d5   0x0800d8dd   0x00000003   PAD
    0x200000d8        -       0x00000200   Zero   RW          326    .bss                freertos.o
    0x200002d8        -       0x0000005c   Zero   RW          327    .bss                freertos.o
    0x20000334        -       0x0000005c   Zero   RW          331    .bss                freertos.o
    0x20000390        -       0x0000005c   Zero   RW          548    .bss                octospi.o
    0x200003ec        -       0x00000110   Zero   RW          591    .bss                spi.o
    0x200004fc        -       0x00000130   Zero   RW          642    .bss                tim.o
    0x2000062c        -       0x0000004c   Zero   RW          948    .bss                stm32h7xx_hal_timebase_tim.o
    0x20000678        -       0x000002dc   Zero   RW          985    .bss                usb_device.o
    0x20000954        -       0x00000200   Zero   RW         1041    .bss                usbd_desc.o
    0x20000b54        -       0x000000f0   Zero   RW         8313    .bss                tasks.o
    0x20000c44        -       0x00003c00   Zero   RW         9177    .bss                heap_4.o
    0x20004844        -       0x00000034   Zero   RW        10942    .bss                dt7.o
    0x20004878        -       0x00000060   Zero   RW        11231    .bss                c_w.l(libspace.o)


    Execution Region RW_IRAM2 (Exec base: 0x24000000, Load base: 0x0800d8e0, Size: 0x000048d8, Max: 0x00020000, ABSOLUTE)

    Exec Addr    Load Addr    Size         Type   Attr      Idx    E Section Name        Object

    0x24000000   0x0800d8e0   0x0000001c   Data   RW          337    .data               freertos.o
    0x2400001c   0x0800d8fc   0x00000020   Data   RW         1042    .data               usbd_desc.o
    0x2400003c   0x0800d91c   0x0000000c   Data   RW         3519    .data               stm32h7xx_hal.o
    0x24000048   0x0800d928   0x00000008   Data   RW         7653    .data               system_stm32h7xx.o
    0x24000050   0x0800d930   0x0000003c   Data   RW         8314    .data               tasks.o
    0x2400008c   0x0800d96c   0x00000001   Data   RW         9473    .data               usbd_ctlreq.o
    0x2400008d   0x0800d96d   0x00000003   PAD
    0x24000090   0x0800d970   0x00000053   Data   RW         9616    .data               usbd_cdc.o
    0x240000e3   0x0800d9c3   0x00000001   PAD
    0x240000e4   0x0800d9c4   0x00000028   Data   RW        10744    .data               communicate.o
    0x2400010c        -       0x00000400   Zero   RW          328    .bss                freertos.o
    0x2400050c        -       0x0000005c   Zero   RW          329    .bss                freertos.o
    0x24000568        -       0x00001000   Zero   RW          330    .bss                freertos.o
    0x24001568        -       0x00000200   Zero   RW          332    .bss                freertos.o
    0x24001768        -       0x0000005c   Zero   RW          333    .bss                freertos.o
    0x240017c4        -       0x000006b8   Zero   RW          334    .bss                freertos.o
    0x24001e7c        -       0x000000e8   Zero   RW          409    .bss                adc.o
    0x24001f64        -       0x000001e0   Zero   RW          477    .bss                fdcan.o
    0x24002144        -       0x000003f0   Zero   RW          709    .bss                usart.o
    0x24002534        -       0x00001000   Zero   RW         1130    .bss                usbd_cdc_if.o
    0x24003534        -       0x00000704   Zero   RW         1212    .bss                usbd_conf.o
    0x24003c38        -       0x00000040   Zero   RW         7889    .bss                queue.o
    0x24003c78        -       0x00000118   Zero   RW         8644    .bss                timers.o
    0x24003d90        -       0x00000038   Zero   RW         9727    .bss                can_receive.o
    0x24003dc8        -       0x000000fc   Zero   RW        10520    .bss                car.o
    0x24003ec4        -       0x00000012   Zero   RW        10943    .bss                dt7.o
    0x24003ed6   0x0800d9ec   0x00000002   PAD
    0x24003ed8        -       0x00000200   Zero   RW            2    HEAP                startup_stm32h723xx.o
    0x240040d8        -       0x00000800   Zero   RW            1    STACK               startup_stm32h723xx.o


==============================================================================

Image component sizes


      Code (inc. data)   RO Data    RW Data    ZI Data      Debug   Object Name

       424         44          0          0        232       1967   adc.o
        40          4          0          0          0       1247   balance_task.o
       338         34          0          0          0       3561   bsp_fdcan.o
         4          0          0          0          0        868   bsp_uart.o
       442         44          0          0         56     982903   can_receive.o
       398         30         76          4        252     939478   car.o
       122          0          0          0          0      23105   cmsis_os.o
       448         94          0         41          0       6013   communicate.o
        32          6          0          0          0     970334   communicate_task.o
        60          4          0          0          0        750   dma.o
       178          0          0          0         70     931627   dt7.o
         0          0          0          0          0      19728   event_groups.o
       768         54          0          4        480       3349   fdcan.o
       264         20        268         28       8232       6011   freertos.o
       384         24          0          0          0       1123   gpio.o
       476         24          0         32      15360       4775   heap_4.o
       112          8          0          0          0       1496   imu.o
       138          0          0          0          0       3458   list.o
       286         12          0          0          0    1353424   main.o
       216         16          0          0          0       4894   motor.o
       452         36          0          0         92       1995   octospi.o
       270         18          0          0          0       4080   pid.o
       790         84          0         12          0      11681   port.o
      1530         22          0          0         64      17236   queue.o
       516         48          0          0        272       2542   spi.o
        64         26        716          0       2560        828   startup_stm32h723xx.o
       156         32          0         12          0      22750   stm32h7xx_hal.o
      2426        156          0          0          0      74720   stm32h7xx_hal_adc.o
       304         22          0          0          0      67295   stm32h7xx_hal_adc_ex.o
       160         12          0          0          0      38742   stm32h7xx_hal_cortex.o
      5984        242          8          0          0      12317   stm32h7xx_hal_dma.o
      2926         48         92          0          0      22700   stm32h7xx_hal_fdcan.o
       550         44          0          0          0       2144   stm32h7xx_hal_gpio.o
        36          4          0          0          0        794   stm32h7xx_hal_msp.o
      1604         38          0          0          0       5693   stm32h7xx_hal_ospi.o
      2626         16          0          0          0      13460   stm32h7xx_hal_pcd.o
       120          6          0          0          0       3095   stm32h7xx_hal_pcd_ex.o
       100         10          0          0          0       1326   stm32h7xx_hal_pwr_ex.o
      2614        128          0          0          0       8493   stm32h7xx_hal_rcc.o
      4618        168          0          0          0      10215   stm32h7xx_hal_rcc_ex.o
       380         14          0          0          0       1551   stm32h7xx_hal_spi.o
      2034        234          0          0          0      13599   stm32h7xx_hal_tim.o
       350         48          0          0          0       3952   stm32h7xx_hal_tim_ex.o
       132         22          0          0         76       1416   stm32h7xx_hal_timebase_tim.o
      3226        160         24          0          0      34034   stm32h7xx_hal_uart.o
       504         10         16          0          0       7132   stm32h7xx_hal_uart_ex.o
       192         90          0          0          0       9540   stm32h7xx_it.o
      2708        118          0          0          0      22808   stm32h7xx_ll_usb.o
         0          0          0          0          0        392   stream_buffer.o
       192         34         16          8          0       1326   system_stm32h7xx.o
      2140        158          0         60        240      26480   tasks.o
       876         80          0          0        304       4624   tim.o
       972         84          0         20        280      29699   timers.o
      1484        118          0          0       1008       5735   usart.o
        84         18          0          0        732       2567   usb_device.o
      1204         36          0        139          0      13403   usbd_cdc.o
        72         16          0         20       4096       3126   usbd_cdc_if.o
       618         24          0          0       1796      16344   usbd_conf.o
       932          0          0          0          0      15123   usbd_core.o
      1384         22          0          1          0      15252   usbd_ctlreq.o
       292        106          0         94        512       6129   usbd_desc.o
       132          0          0          0          0       4432   usbd_ioreq.o

    ----------------------------------------------------------------------
     52960       2970       1280        484      36716    5820881   Object Totals
         0          0         64          0          0          0   (incl. Generated)
        76          0          0          9          2          0   (incl. Padding)

    ----------------------------------------------------------------------

      Code (inc. data)   RO Data    RW Data    ZI Data      Debug   Library Member Name

        90          0          0          0          0          0   __dczerorl2.o
         8          0          0          0          0         68   __main.o
         0          0          0          0          0          0   __rtentry.o
        12          0          0          0          0          0   __rtentry2.o
         6          0          0          0          0          0   __rtentry4.o
        52          8          0          0          0          0   __scatter.o
        26          0          0          0          0          0   __scatter_copy.o
        28          0          0          0          0          0   __scatter_zi.o
        16          0          0          0          0         68   aeabi_memset.o
        18          0          0          0          0         80   exit.o
         6          0          0          0          0        152   heapauxi.o
         0          0          0          0          0          0   indicate_semi.o
        36         10          0          0          0         80   init_aeabi.o
         2          0          0          0          0          0   libinit.o
        10          0          0          0          0          0   libinit2.o
         2          0          0          0          0          0   libshutdown.o
         2          0          0          0          0          0   libshutdown2.o
         8          4          0          0         96         68   libspace.o
       238          0          0          0          0        100   lludivv7m.o
        68          0          0          0          0         68   rt_memclr.o
        78          0          0          0          0         80   rt_memclr_w.o
       138          0          0          0          0         68   rt_memcpy_v6.o
       100          0          0          0          0         80   rt_memcpy_w.o
         2          0          0          0          0          0   rtexit.o
        10          0          0          0          0          0   rtexit2.o
        12          4          0          0          0         68   sys_exit.o
        74          0          0          0          0         80   sys_stackheap_outer.o
         2          0          0          0          0         68   use_no_semi.o
        10          0          0          0          0        116   fpinit.o

    ----------------------------------------------------------------------
      1064         26          0          0         96       1244   Library Totals
        10          0          0          0          0          0   (incl. Padding)

    ----------------------------------------------------------------------

      Code (inc. data)   RO Data    RW Data    ZI Data      Debug   Library Name

      1044         26          0          0         96       1128   c_w.l
        10          0          0          0          0        116   fz_wv.l

    ----------------------------------------------------------------------
      1064         26          0          0         96       1244   Library Totals

    ----------------------------------------------------------------------

==============================================================================


      Code (inc. data)   RO Data    RW Data    ZI Data      Debug   

     54024       2996       1280        484      36812    5779273   Grand Totals
     54024       2996       1280        484      36812    5779273   ELF Image Totals
     54024       2996       1280        484          0          0   ROM Totals

==============================================================================

    Total RO  Size (Code + RO Data)                55304 (  54.01kB)
    Total RW  Size (RW Data + ZI Data)             37296 (  36.42kB)
    Total ROM Size (Code + RO Data + RW Data)      55788 (  54.48kB)

==============================================================================

