Component: ARM Compiler 5.06 update 5 (build 528) Tool: armlink [4d35e2]

==============================================================================

Section Cross References

    startup_stm32h723xx.o(STACK) refers (Special) to heapauxi.o(.text) for __use_two_region_memory
    startup_stm32h723xx.o(HEAP) refers (Special) to heapauxi.o(.text) for __use_two_region_memory
    startup_stm32h723xx.o(RESET) refers (Special) to heapauxi.o(.text) for __use_two_region_memory
    startup_stm32h723xx.o(RESET) refers to startup_stm32h723xx.o(STACK) for __initial_sp
    startup_stm32h723xx.o(RESET) refers to startup_stm32h723xx.o(.text) for Reset_Handler
    startup_stm32h723xx.o(RESET) refers to stm32h7xx_it.o(i.NMI_Handler) for NMI_Handler
    startup_stm32h723xx.o(RESET) refers to stm32h7xx_it.o(i.HardFault_Handler) for HardFault_Handler
    startup_stm32h723xx.o(RESET) refers to stm32h7xx_it.o(i.MemManage_Handler) for MemManage_Handler
    startup_stm32h723xx.o(RESET) refers to stm32h7xx_it.o(i.BusFault_Handler) for BusFault_Handler
    startup_stm32h723xx.o(RESET) refers to stm32h7xx_it.o(i.UsageFault_Handler) for UsageFault_Handler
    startup_stm32h723xx.o(RESET) refers to port.o(.emb_text) for SVC_Handler
    startup_stm32h723xx.o(RESET) refers to stm32h7xx_it.o(i.DebugMon_Handler) for DebugMon_Handler
    startup_stm32h723xx.o(RESET) refers to port.o(i.SysTick_Handler) for SysTick_Handler
    startup_stm32h723xx.o(RESET) refers to stm32h7xx_it.o(i.DMA1_Stream0_IRQHandler) for DMA1_Stream0_IRQHandler
    startup_stm32h723xx.o(RESET) refers to stm32h7xx_it.o(i.FDCAN1_IT0_IRQHandler) for FDCAN1_IT0_IRQHandler
    startup_stm32h723xx.o(RESET) refers to stm32h7xx_it.o(i.FDCAN2_IT0_IRQHandler) for FDCAN2_IT0_IRQHandler
    startup_stm32h723xx.o(RESET) refers to stm32h7xx_it.o(i.FDCAN1_IT1_IRQHandler) for FDCAN1_IT1_IRQHandler
    startup_stm32h723xx.o(RESET) refers to stm32h7xx_it.o(i.FDCAN2_IT1_IRQHandler) for FDCAN2_IT1_IRQHandler
    startup_stm32h723xx.o(RESET) refers to stm32h7xx_it.o(i.USART1_IRQHandler) for USART1_IRQHandler
    startup_stm32h723xx.o(RESET) refers to stm32h7xx_it.o(i.USART2_IRQHandler) for USART2_IRQHandler
    startup_stm32h723xx.o(RESET) refers to stm32h7xx_it.o(i.USART3_IRQHandler) for USART3_IRQHandler
    startup_stm32h723xx.o(RESET) refers to stm32h7xx_it.o(i.OTG_HS_IRQHandler) for OTG_HS_IRQHandler
    startup_stm32h723xx.o(RESET) refers to stm32h7xx_it.o(i.UART7_IRQHandler) for UART7_IRQHandler
    startup_stm32h723xx.o(RESET) refers to stm32h7xx_it.o(i.USART10_IRQHandler) for USART10_IRQHandler
    startup_stm32h723xx.o(RESET) refers to stm32h7xx_it.o(i.FDCAN3_IT0_IRQHandler) for FDCAN3_IT0_IRQHandler
    startup_stm32h723xx.o(RESET) refers to stm32h7xx_it.o(i.FDCAN3_IT1_IRQHandler) for FDCAN3_IT1_IRQHandler
    startup_stm32h723xx.o(RESET) refers to stm32h7xx_it.o(i.TIM23_IRQHandler) for TIM23_IRQHandler
    startup_stm32h723xx.o(.text) refers (Special) to heapauxi.o(.text) for __use_two_region_memory
    startup_stm32h723xx.o(.text) refers to system_stm32h7xx.o(i.SystemInit) for SystemInit
    startup_stm32h723xx.o(.text) refers to __main.o(!!!main) for __main
    startup_stm32h723xx.o(.text) refers to startup_stm32h723xx.o(HEAP) for Heap_Mem
    startup_stm32h723xx.o(.text) refers to startup_stm32h723xx.o(STACK) for Stack_Mem
    main.o(i.HAL_TIM_PeriodElapsedCallback) refers to stm32h7xx_hal.o(i.HAL_IncTick) for HAL_IncTick
    main.o(i.SystemClock_Config) refers to rt_memclr_w.o(.text) for __aeabi_memclr4
    main.o(i.SystemClock_Config) refers to stm32h7xx_hal_pwr_ex.o(i.HAL_PWREx_ConfigSupply) for HAL_PWREx_ConfigSupply
    main.o(i.SystemClock_Config) refers to stm32h7xx_hal_rcc.o(i.HAL_RCC_OscConfig) for HAL_RCC_OscConfig
    main.o(i.SystemClock_Config) refers to stm32h7xx_hal_rcc.o(i.HAL_RCC_ClockConfig) for HAL_RCC_ClockConfig
    main.o(i.SystemClock_Config) refers to stm32h7xx_hal_rcc.o(i.HAL_RCC_MCOConfig) for HAL_RCC_MCOConfig
    main.o(i.main) refers to stm32h7xx_hal.o(i.HAL_Init) for HAL_Init
    main.o(i.main) refers to main.o(i.SystemClock_Config) for SystemClock_Config
    main.o(i.main) refers to gpio.o(i.MX_GPIO_Init) for MX_GPIO_Init
    main.o(i.main) refers to dma.o(i.MX_DMA_Init) for MX_DMA_Init
    main.o(i.main) refers to adc.o(i.MX_ADC1_Init) for MX_ADC1_Init
    main.o(i.main) refers to tim.o(i.MX_TIM12_Init) for MX_TIM12_Init
    main.o(i.main) refers to spi.o(i.MX_SPI1_Init) for MX_SPI1_Init
    main.o(i.main) refers to spi.o(i.MX_SPI6_Init) for MX_SPI6_Init
    main.o(i.main) refers to spi.o(i.MX_SPI2_Init) for MX_SPI2_Init
    main.o(i.main) refers to tim.o(i.MX_TIM3_Init) for MX_TIM3_Init
    main.o(i.main) refers to usart.o(i.MX_USART1_UART_Init) for MX_USART1_UART_Init
    main.o(i.main) refers to usart.o(i.MX_USART2_UART_Init) for MX_USART2_UART_Init
    main.o(i.main) refers to usart.o(i.MX_USART3_UART_Init) for MX_USART3_UART_Init
    main.o(i.main) refers to usart.o(i.MX_UART7_Init) for MX_UART7_Init
[...]
    HAL_DMA_Init                             0x08002449   Thumb Code   922  stm32h7xx_hal_dma.o(i.HAL_DMA_Init)
    HAL_FDCAN_ActivateNotification           0x08002805   Thumb Code   126  stm32h7xx_hal_fdcan.o(i.HAL_FDCAN_ActivateNotification)
    HAL_FDCAN_AddMessageToTxFifoQ            0x0800288d   Thumb Code   102  stm32h7xx_hal_fdcan.o(i.HAL_FDCAN_AddMessageToTxFifoQ)
    HAL_FDCAN_ClockCalibrationCallback       0x080028f3   Thumb Code     2  stm32h7xx_hal_fdcan.o(i.HAL_FDCAN_ClockCalibrationCallback)
    HAL_FDCAN_ConfigFifoWatermark            0x080028f5   Thumb Code    90  stm32h7xx_hal_fdcan.o(i.HAL_FDCAN_ConfigFifoWatermark)
    HAL_FDCAN_ConfigFilter                   0x0800294f   Thumb Code   126  stm32h7xx_hal_fdcan.o(i.HAL_FDCAN_ConfigFilter)
    HAL_FDCAN_ConfigGlobalFilter             0x080029cd   Thumb Code    50  stm32h7xx_hal_fdcan.o(i.HAL_FDCAN_ConfigGlobalFilter)
    HAL_FDCAN_ErrorCallback                  0x080029ff   Thumb Code     2  stm32h7xx_hal_fdcan.o(i.HAL_FDCAN_ErrorCallback)
    HAL_FDCAN_ErrorStatusCallback            0x08002a01   Thumb Code     2  stm32h7xx_hal_fdcan.o(i.HAL_FDCAN_ErrorStatusCallback)
    HAL_FDCAN_GetRxMessage                   0x08002a05   Thumb Code   392  stm32h7xx_hal_fdcan.o(i.HAL_FDCAN_GetRxMessage)
    HAL_FDCAN_HighPriorityMessageCallback    0x08002b91   Thumb Code     2  stm32h7xx_hal_fdcan.o(i.HAL_FDCAN_HighPriorityMessageCallback)
    HAL_FDCAN_IRQHandler                     0x08002b95   Thumb Code   788  stm32h7xx_hal_fdcan.o(i.HAL_FDCAN_IRQHandler)
    HAL_FDCAN_Init                           0x08002eb5   Thumb Code   572  stm32h7xx_hal_fdcan.o(i.HAL_FDCAN_Init)
    HAL_FDCAN_MspInit                        0x080030f9   Thumb Code   430  fdcan.o(i.HAL_FDCAN_MspInit)
    HAL_FDCAN_RxBufferNewMessageCallback     0x080032c5   Thumb Code     2  stm32h7xx_hal_fdcan.o(i.HAL_FDCAN_RxBufferNewMessageCallback)
    HAL_FDCAN_RxFifo0Callback                0x080032c9   Thumb Code    44  communicate.o(i.HAL_FDCAN_RxFifo0Callback)
    HAL_FDCAN_RxFifo1Callback                0x08003301   Thumb Code     2  stm32h7xx_hal_fdcan.o(i.HAL_FDCAN_RxFifo1Callback)
    HAL_FDCAN_Start                          0x08003303   Thumb Code    50  stm32h7xx_hal_fdcan.o(i.HAL_FDCAN_Start)
    HAL_FDCAN_TT_GlobalTimeCallback          0x08003335   Thumb Code     2  stm32h7xx_hal_fdcan.o(i.HAL_FDCAN_TT_GlobalTimeCallback)
    HAL_FDCAN_TT_ScheduleSyncCallback        0x08003337   Thumb Code     2  stm32h7xx_hal_fdcan.o(i.HAL_FDCAN_TT_ScheduleSyncCallback)
    HAL_FDCAN_TT_StopWatchCallback           0x08003339   Thumb Code     2  stm32h7xx_hal_fdcan.o(i.HAL_FDCAN_TT_StopWatchCallback)
    HAL_FDCAN_TT_TimeMarkCallback            0x0800333b   Thumb Code     2  stm32h7xx_hal_fdcan.o(i.HAL_FDCAN_TT_TimeMarkCallback)
    HAL_FDCAN_TimeoutOccurredCallback        0x0800333d   Thumb Code     2  stm32h7xx_hal_fdcan.o(i.HAL_FDCAN_TimeoutOccurredCallback)
    HAL_FDCAN_TimestampWraparoundCallback    0x0800333f   Thumb Code     2  stm32h7xx_hal_fdcan.o(i.HAL_FDCAN_TimestampWraparoundCallback)
    HAL_FDCAN_TxBufferAbortCallback          0x08003341   Thumb Code     2  stm32h7xx_hal_fdcan.o(i.HAL_FDCAN_TxBufferAbortCallback)
    HAL_FDCAN_TxBufferCompleteCallback       0x08003343   Thumb Code     2  stm32h7xx_hal_fdcan.o(i.HAL_FDCAN_TxBufferCompleteCallback)
    HAL_FDCAN_TxEventFifoCallback            0x08003345   Thumb Code     2  stm32h7xx_hal_fdcan.o(i.HAL_FDCAN_TxEventFifoCallback)
    HAL_FDCAN_TxFifoEmptyCallback            0x08003347   Thumb Code     2  stm32h7xx_hal_fdcan.o(i.HAL_FDCAN_TxFifoEmptyCallback)
    HAL_GPIO_Init                            0x08003349   Thumb Code   496  stm32h7xx_hal_gpio.o(i.HAL_GPIO_Init)
    HAL_GPIO_WritePin                        0x08003565   Thumb Code    10  stm32h7xx_hal_gpio.o(i.HAL_GPIO_WritePin)
    HAL_GetTick                              0x08003571   Thumb Code     6  stm32h7xx_hal.o(i.HAL_GetTick)
    HAL_IncTick                              0x0800357d   Thumb Code    12  stm32h7xx_hal.o(i.HAL_IncTick)
    HAL_Init                                 0x0800358d   Thumb Code    74  stm32h7xx_hal.o(i.HAL_Init)
    HAL_InitTick                             0x080035e9   Thumb Code   110  stm32h7xx_hal_timebase_tim.o(i.HAL_InitTick)
    HAL_MspInit                              0x0800366d   Thumb Code    32  stm32h7xx_hal_msp.o(i.HAL_MspInit)
    HAL_NVIC_EnableIRQ                       0x08003691   Thumb Code    26  stm32h7xx_hal_cortex.o(i.HAL_NVIC_EnableIRQ)
    HAL_NVIC_SetPriority                     0x080036ad   Thumb Code    60  stm32h7xx_hal_cortex.o(i.HAL_NVIC_SetPriority)
    HAL_NVIC_SetPriorityGrouping             0x080036ed   Thumb Code    28  stm32h7xx_hal_cortex.o(i.HAL_NVIC_SetPriorityGrouping)
    HAL_OSPIM_Config                         0x08003711   Thumb Code  1048  stm32h7xx_hal_ospi.o(i.HAL_OSPIM_Config)
    HAL_OSPI_Init                            0x08003b29   Thumb Code   258  stm32h7xx_hal_ospi.o(i.HAL_OSPI_Init)
    HAL_OSPI_MspInit                         0x08003c31   Thumb Code   310  octospi.o(i.HAL_OSPI_MspInit)
    HAL_PCDEx_LPM_Callback                   0x08003d81   Thumb Code     2  stm32h7xx_hal_pcd_ex.o(i.HAL_PCDEx_LPM_Callback)
    HAL_PCD_ConnectCallback                  0x08003d83   Thumb Code     8  usbd_conf.o(i.HAL_PCD_ConnectCallback)
    HAL_PCD_DataInStageCallback              0x08003d8b   Thumb Code    18  usbd_conf.o(i.HAL_PCD_DataInStageCallback)
    HAL_PCD_DataOutStageCallback             0x08003d9d   Thumb Code    20  usbd_conf.o(i.HAL_PCD_DataOutStageCallback)
    HAL_PCD_DisconnectCallback               0x08003db1   Thumb Code     8  usbd_conf.o(i.HAL_PCD_DisconnectCallback)
    HAL_PCD_EP_Abort                         0x08003db9   Thumb Code    30  stm32h7xx_hal_pcd.o(i.HAL_PCD_EP_Abort)
    HAL_PCD_EP_ClrStall                      0x08003dd7   Thumb Code    90  stm32h7xx_hal_pcd.o(i.HAL_PCD_EP_ClrStall)
    HAL_PCD_EP_Open                          0x08003e31   Thumb Code    94  stm32h7xx_hal_pcd.o(i.HAL_PCD_EP_Open)
    HAL_PCD_EP_Receive                       0x08003e8f   Thumb Code    52  stm32h7xx_hal_pcd.o(i.HAL_PCD_EP_Receive)
    HAL_PCD_EP_SetStall                      0x08003ec3   Thumb Code   114  stm32h7xx_hal_pcd.o(i.HAL_PCD_EP_SetStall)
    HAL_PCD_EP_Transmit                      0x08003f35   Thumb Code    52  stm32h7xx_hal_pcd.o(i.HAL_PCD_EP_Transmit)
    HAL_PCD_IRQHandler                       0x08003f69   Thumb Code  1428  stm32h7xx_hal_pcd.o(i.HAL_PCD_IRQHandler)
    HAL_PCD_ISOINIncompleteCallback          0x080044fd   Thumb Code     8  usbd_conf.o(i.HAL_PCD_ISOINIncompleteCallback)
    HAL_PCD_ISOOUTIncompleteCallback         0x08004505   Thumb Code     8  usbd_conf.o(i.HAL_PCD_ISOOUTIncompleteCallback)
    HAL_PCD_ResetCallback                    0x0800450d   Thumb Code    44  usbd_conf.o(i.HAL_PCD_ResetCallback)
    HAL_PCD_ResumeCallback                   0x08004539   Thumb Code     8  usbd_conf.o(i.HAL_PCD_ResumeCallback)
    HAL_PCD_SOFCallback                      0x08004541   Thumb Code     8  usbd_conf.o(i.HAL_PCD_SOFCallback)
    HAL_PCD_SetAddress                       0x08004549   Thumb Code    38  stm32h7xx_hal_pcd.o(i.HAL_PCD_SetAddress)
    HAL_PCD_SetupStageCallback               0x0800456f   Thumb Code    14  usbd_conf.o(i.HAL_PCD_SetupStageCallback)
    HAL_PCD_SuspendCallback                  0x0800457d   Thumb Code    44  usbd_conf.o(i.HAL_PCD_SuspendCallback)
    HAL_PWREx_ConfigSupply                   0x080045ad   Thumb Code    78  stm32h7xx_hal_pwr_ex.o(i.HAL_PWREx_ConfigSupply)
    HAL_RCCEx_GetD3PCLK1Freq                 0x08004601   Thumb Code    26  stm32h7xx_hal_rcc_ex.o(i.HAL_RCCEx_GetD3PCLK1Freq)
    HAL_RCCEx_GetPLL1ClockFreq               0x08004625   Thumb Code   298  stm32h7xx_hal_rcc_ex.o(i.HAL_RCCEx_GetPLL1ClockFreq)
    HAL_RCCEx_GetPLL2ClockFreq               0x0800476d   Thumb Code   296  stm32h7xx_hal_rcc_ex.o(i.HAL_RCCEx_GetPLL2ClockFreq)
    HAL_RCCEx_GetPLL3ClockFreq               0x080048b1   Thumb Code   296  stm32h7xx_hal_rcc_ex.o(i.HAL_RCCEx_GetPLL3ClockFreq)
    HAL_RCCEx_GetPeriphCLKFreq               0x080049f5   Thumb Code   648  stm32h7xx_hal_rcc_ex.o(i.HAL_RCCEx_GetPeriphCLKFreq)
    HAL_RCCEx_PeriphCLKConfig                0x08004c91   Thumb Code  2362  stm32h7xx_hal_rcc_ex.o(i.HAL_RCCEx_PeriphCLKConfig)
    HAL_RCC_ClockConfig                      0x080055cd   Thumb Code   580  stm32h7xx_hal_rcc.o(i.HAL_RCC_ClockConfig)
    HAL_RCC_GetClockConfig                   0x08005829   Thumb Code    84  stm32h7xx_hal_rcc.o(i.HAL_RCC_GetClockConfig)
    HAL_RCC_GetHCLKFreq                      0x08005885   Thumb Code    52  stm32h7xx_hal_rcc.o(i.HAL_RCC_GetHCLKFreq)
    HAL_RCC_GetPCLK1Freq                     0x080058c9   Thumb Code    26  stm32h7xx_hal_rcc.o(i.HAL_RCC_GetPCLK1Freq)
    HAL_RCC_GetPCLK2Freq                     0x080058ed   Thumb Code    26  stm32h7xx_hal_rcc.o(i.HAL_RCC_GetPCLK2Freq)
    HAL_RCC_GetSysClockFreq                  0x08005911   Thumb Code   278  stm32h7xx_hal_rcc.o(i.HAL_RCC_GetSysClockFreq)
    HAL_RCC_MCOConfig                        0x08005a49   Thumb Code   130  stm32h7xx_hal_rcc.o(i.HAL_RCC_MCOConfig)
    HAL_RCC_OscConfig                        0x08005add   Thumb Code  1318  stm32h7xx_hal_rcc.o(i.HAL_RCC_OscConfig)
    HAL_RS485Ex_Init                         0x08006005   Thumb Code   136  stm32h7xx_hal_uart_ex.o(i.HAL_RS485Ex_Init)
    HAL_SPI_Init                             0x08006091   Thumb Code   366  stm32h7xx_hal_spi.o(i.HAL_SPI_Init)
    HAL_SPI_MspInit                          0x0800620d   Thumb Code   422  spi.o(i.HAL_SPI_MspInit)
    HAL_TIMEx_Break2Callback                 0x080063d5   Thumb Code     2  stm32h7xx_hal_tim_ex.o(i.HAL_TIMEx_Break2Callback)
    HAL_TIMEx_BreakCallback                  0x080063d7   Thumb Code     2  stm32h7xx_hal_tim_ex.o(i.HAL_TIMEx_BreakCallback)
    HAL_TIMEx_CommutCallback                 0x080063d9   Thumb Code     2  stm32h7xx_hal_tim_ex.o(i.HAL_TIMEx_CommutCallback)
    HAL_TIMEx_ConfigBreakDeadTime            0x080063dd   Thumb Code   150  stm32h7xx_hal_tim_ex.o(i.HAL_TIMEx_ConfigBreakDeadTime)
    HAL_TIMEx_MasterConfigSynchronization    0x0800647d   Thumb Code   146  stm32h7xx_hal_tim_ex.o(i.HAL_TIMEx_MasterConfigSynchronization)
    HAL_TIM_Base_Init                        0x08006535   Thumb Code    98  stm32h7xx_hal_tim.o(i.HAL_TIM_Base_Init)
    HAL_TIM_Base_MspInit                     0x08006597   Thumb Code     2  stm32h7xx_hal_tim.o(i.HAL_TIM_Base_MspInit)
    HAL_TIM_Base_Start_IT                    0x08006599   Thumb Code   118  stm32h7xx_hal_tim.o(i.HAL_TIM_Base_Start_IT)
    HAL_TIM_IC_CaptureCallback               0x08006639   Thumb Code     2  stm32h7xx_hal_tim.o(i.HAL_TIM_IC_CaptureCallback)
    HAL_TIM_IRQHandler                       0x0800663b   Thumb Code   328  stm32h7xx_hal_tim.o(i.HAL_TIM_IRQHandler)
    HAL_TIM_MspPostInit                      0x08006785   Thumb Code   188  tim.o(i.HAL_TIM_MspPostInit)
    HAL_TIM_OC_DelayElapsedCallback          0x0800685d   Thumb Code     2  stm32h7xx_hal_tim.o(i.HAL_TIM_OC_DelayElapsedCallback)
    HAL_TIM_PWM_ConfigChannel                0x0800685f   Thumb Code   292  stm32h7xx_hal_tim.o(i.HAL_TIM_PWM_ConfigChannel)
    HAL_TIM_PWM_Init                         0x08006983   Thumb Code    98  stm32h7xx_hal_tim.o(i.HAL_TIM_PWM_Init)
    HAL_TIM_PWM_MspInit                      0x080069e5   Thumb Code    84  tim.o(i.HAL_TIM_PWM_MspInit)
    HAL_TIM_PWM_PulseFinishedCallback        0x08006a4d   Thumb Code     2  stm32h7xx_hal_tim.o(i.HAL_TIM_PWM_PulseFinishedCallback)
    HAL_TIM_PeriodElapsedCallback            0x08006a51   Thumb Code    14  main.o(i.HAL_TIM_PeriodElapsedCallback)
    HAL_TIM_TriggerCallback                  0x08006a65   Thumb Code     2  stm32h7xx_hal_tim.o(i.HAL_TIM_TriggerCallback)
    HAL_UARTEx_DisableFifoMode               0x08006a67   Thumb Code    64  stm32h7xx_hal_uart_ex.o(i.HAL_UARTEx_DisableFifoMode)
    HAL_UARTEx_RxEventCallback               0x08006aa7   Thumb Code     2  communicate.o(i.HAL_UARTEx_RxEventCallback)
    HAL_UARTEx_RxFifoFullCallback            0x08006aa9   Thumb Code     2  stm32h7xx_hal_uart_ex.o(i.HAL_UARTEx_RxFifoFullCallback)
    HAL_UARTEx_SetRxFifoThreshold            0x08006aab   Thumb Code    76  stm32h7xx_hal_uart_ex.o(i.HAL_UARTEx_SetRxFifoThreshold)
    HAL_UARTEx_SetTxFifoThreshold            0x08006af7   Thumb Code    76  stm32h7xx_hal_uart_ex.o(i.HAL_UARTEx_SetTxFifoThreshold)
    HAL_UARTEx_TxFifoEmptyCallback           0x08006b43   Thumb Code     2  stm32h7xx_hal_uart_ex.o(i.HAL_UARTEx_TxFifoEmptyCallback)
    HAL_UARTEx_WakeupCallback                0x08006b45   Thumb Code     2  stm32h7xx_hal_uart_ex.o(i.HAL_UARTEx_WakeupCallback)
    HAL_UART_ErrorCallback                   0x08006b47   Thumb Code     2  stm32h7xx_hal_uart.o(i.HAL_UART_ErrorCallback)
    HAL_UART_IRQHandler                      0x08006b49   Thumb Code   878  stm32h7xx_hal_uart.o(i.HAL_UART_IRQHandler)
    HAL_UART_Init                            0x08006ed1   Thumb Code   106  stm32h7xx_hal_uart.o(i.HAL_UART_Init)
    HAL_UART_MspInit                         0x08006f3d   Thumb Code   620  usart.o(i.HAL_UART_MspInit)
    HAL_UART_TxCpltCallback                  0x080071d5   Thumb Code     2  stm32h7xx_hal_uart.o(i.HAL_UART_TxCpltCallback)
    HardFault_Handler                        0x080071d7   Thumb Code     2  stm32h7xx_it.o(i.HardFault_Handler)
    MX_ADC1_Init                             0x08007235   Thumb Code   162  adc.o(i.MX_ADC1_Init)
    MX_DMA_Init                              0x080072e9   Thumb Code    40  dma.o(i.MX_DMA_Init)
    MX_FDCAN1_Init                           0x08007315   Thumb Code    92  fdcan.o(i.MX_FDCAN1_Init)
    MX_FDCAN2_Init                           0x08007379   Thumb Code    96  fdcan.o(i.MX_FDCAN2_Init)
    MX_FDCAN3_Init                           0x080073e1   Thumb Code    96  fdcan.o(i.MX_FDCAN3_Init)
    MX_FREERTOS_Init                         0x08007449   Thumb Code    30  freertos.o(i.MX_FREERTOS_Init)
    MX_GPIO_Init                             0x08007471   Thumb Code   360  gpio.o(i.MX_GPIO_Init)
    MX_OCTOSPI2_Init                         0x080075f1   Thumb Code   106  octospi.o(i.MX_OCTOSPI2_Init)
    MX_SPI1_Init                             0x08007665   Thumb Code    86  spi.o(i.MX_SPI1_Init)
    MX_SPI2_Init                             0x080076c5   Thumb Code    90  spi.o(i.MX_SPI2_Init)
    MX_SPI6_Init                             0x08007729   Thumb Code    90  spi.o(i.MX_SPI6_Init)
    MX_TIM12_Init                            0x0800778d   Thumb Code   106  tim.o(i.MX_TIM12_Init)
    MX_TIM1_Init                             0x08007801   Thumb Code   184  tim.o(i.MX_TIM1_Init)
    MX_TIM2_Init                             0x080078c1   Thumb Code   126  tim.o(i.MX_TIM2_Init)
    MX_TIM3_Init                             0x08007945   Thumb Code   108  tim.o(i.MX_TIM3_Init)
    MX_UART7_Init                            0x080079b9   Thumb Code    94  usart.o(i.MX_UART7_Init)
    MX_USART10_UART_Init                     0x08007a21   Thumb Code    94  usart.o(i.MX_USART10_UART_Init)
    MX_USART1_UART_Init                      0x08007a89   Thumb Code    94  usart.o(i.MX_USART1_UART_Init)
    MX_USART2_UART_Init                      0x08007af1   Thumb Code    98  usart.o(i.MX_USART2_UART_Init)
    MX_USART3_UART_Init                      0x08007b5d   Thumb Code    98  usart.o(i.MX_USART3_UART_Init)
    MemManage_Handler                        0x08007bc9   Thumb Code     2  stm32h7xx_it.o(i.MemManage_Handler)
    NMI_Handler                              0x08007bcb   Thumb Code     2  stm32h7xx_it.o(i.NMI_Handler)
    OTG_HS_IRQHandler                        0x08007cf1   Thumb Code     6  stm32h7xx_it.o(i.OTG_HS_IRQHandler)
    SysTick_Handler                          0x080080b9   Thumb Code    38  port.o(i.SysTick_Handler)
    SystemClock_Config                       0x080080e5   Thumb Code   162  main.o(i.SystemClock_Config)
    SystemInit                               0x0800818d   Thumb Code   158  system_stm32h7xx.o(i.SystemInit)
    TIM23_IRQHandler                         0x0800824d   Thumb Code     6  stm32h7xx_it.o(i.TIM23_IRQHandler)
    TIM_Base_SetConfig                       0x08008259   Thumb Code   188  stm32h7xx_hal_tim.o(i.TIM_Base_SetConfig)
    TIM_OC2_SetConfig                        0x080083e1   Thumb Code   126  stm32h7xx_hal_tim.o(i.TIM_OC2_SetConfig)
    UART7_IRQHandler                         0x08008671   Thumb Code     6  stm32h7xx_it.o(i.UART7_IRQHandler)
    UART_AdvFeatureConfig                    0x080086c1   Thumb Code   200  stm32h7xx_hal_uart.o(i.UART_AdvFeatureConfig)
    UART_CheckIdleState                      0x08008789   Thumb Code   170  stm32h7xx_hal_uart.o(i.UART_CheckIdleState)
    UART_SetConfig                           0x0800889d   Thumb Code   914  stm32h7xx_hal_uart.o(i.UART_SetConfig)
    UART_WaitOnFlagUntilTimeout              0x08008c79   Thumb Code   148  stm32h7xx_hal_uart.o(i.UART_WaitOnFlagUntilTimeout)
    USART10_IRQHandler                       0x08008d0d   Thumb Code     6  stm32h7xx_it.o(i.USART10_IRQHandler)
    USART1_IRQHandler                        0x08008d19   Thumb Code     6  stm32h7xx_it.o(i.USART1_IRQHandler)
    USART2_IRQHandler                        0x08008d25   Thumb Code     6  stm32h7xx_it.o(i.USART2_IRQHandler)
    USART3_IRQHandler                        0x08008d31   Thumb Code     6  stm32h7xx_it.o(i.USART3_IRQHandler)
    USBD_ClrClassConfig                      0x08008d3d   Thumb Code    20  usbd_core.o(i.USBD_ClrClassConfig)
    USBD_CoreFindEP                          0x08008d51   Thumb Code     4  usbd_core.o(i.USBD_CoreFindEP)
    USBD_CoreFindIF                          0x08008d55   Thumb Code     4  usbd_core.o(i.USBD_CoreFindIF)
    USBD_CtlContinueRx                       0x08008d59   Thumb Code    16  usbd_ioreq.o(i.USBD_CtlContinueRx)
    USBD_CtlContinueSendData                 0x08008d69   Thumb Code    16  usbd_ioreq.o(i.USBD_CtlContinueSendData)
    USBD_CtlError                            0x08008d79   Thumb Code    22  usbd_ctlreq.o(i.USBD_CtlError)
    USBD_CtlReceiveStatus                    0x08008d8f   Thumb Code    22  usbd_ioreq.o(i.USBD_CtlReceiveStatus)
    USBD_CtlSendData                         0x08008da5   Thumb Code    26  usbd_ioreq.o(i.USBD_CtlSendData)
    USBD_CtlSendStatus                       0x08008dbf   Thumb Code    22  usbd_ioreq.o(i.USBD_CtlSendStatus)
    USBD_Get_USB_Status                      0x08008ecf   Thumb Code    24  usbd_conf.o(i.USBD_Get_USB_Status)
    USBD_LL_ClearStallEP                     0x08008ee7   Thumb Code    18  usbd_conf.o(i.USBD_LL_ClearStallEP)
    USBD_LL_DataInStage                      0x08008ef9   Thumb Code   184  usbd_core.o(i.USBD_LL_DataInStage)
    USBD_LL_DataOutStage                     0x08008fb1   Thumb Code   144  usbd_core.o(i.USBD_LL_DataOutStage)
    USBD_LL_DevConnected                     0x08009041   Thumb Code     4  usbd_core.o(i.USBD_LL_DevConnected)
    USBD_LL_DevDisconnected                  0x08009045   Thumb Code    32  usbd_core.o(i.USBD_LL_DevDisconnected)
    USBD_LL_IsStallEP                        0x08009065   Thumb Code    30  usbd_conf.o(i.USBD_LL_IsStallEP)
    USBD_LL_IsoINIncomplete                  0x08009083   Thumb Code    40  usbd_core.o(i.USBD_LL_IsoINIncomplete)
    USBD_LL_IsoOUTIncomplete                 0x080090ab   Thumb Code    40  usbd_core.o(i.USBD_LL_IsoOUTIncomplete)
    USBD_LL_OpenEP                           0x080090d3   Thumb Code    24  usbd_conf.o(i.USBD_LL_OpenEP)
    USBD_LL_PrepareReceive                   0x080090eb   Thumb Code    18  usbd_conf.o(i.USBD_LL_PrepareReceive)
    USBD_LL_Reset                            0x080090fd   Thumb Code    94  usbd_core.o(i.USBD_LL_Reset)
    USBD_LL_Resume                           0x0800915b   Thumb Code    20  usbd_core.o(i.USBD_LL_Resume)
    USBD_LL_SOF                              0x0800916f   Thumb Code    26  usbd_core.o(i.USBD_LL_SOF)
    USBD_LL_SetSpeed                         0x08009189   Thumb Code     6  usbd_core.o(i.USBD_LL_SetSpeed)
    USBD_LL_SetUSBAddress                    0x0800918f   Thumb Code    18  usbd_conf.o(i.USBD_LL_SetUSBAddress)
    USBD_LL_SetupStage                       0x080091a1   Thumb Code    96  usbd_core.o(i.USBD_LL_SetupStage)
    USBD_LL_StallEP                          0x08009201   Thumb Code    18  usbd_conf.o(i.USBD_LL_StallEP)
    USBD_LL_Suspend                          0x08009213   Thumb Code    26  usbd_core.o(i.USBD_LL_Suspend)
    USBD_LL_Transmit                         0x0800922d   Thumb Code    18  usbd_conf.o(i.USBD_LL_Transmit)
    USBD_ParseSetupRequest                   0x0800923f   Thumb Code    42  usbd_ctlreq.o(i.USBD_ParseSetupRequest)
    USBD_SetClassConfig                      0x08009269   Thumb Code    20  usbd_core.o(i.USBD_SetClassConfig)
    USBD_StdDevReq                           0x08009339   Thumb Code   302  usbd_ctlreq.o(i.USBD_StdDevReq)
    USBD_StdEPReq                            0x08009467   Thumb Code   356  usbd_ctlreq.o(i.USBD_StdEPReq)
    USBD_StdItfReq                           0x080095cb   Thumb Code   116  usbd_ctlreq.o(i.USBD_StdItfReq)
    USB_ActivateEndpoint                     0x08009641   Thumb Code   124  stm32h7xx_ll_usb.o(i.USB_ActivateEndpoint)
    USB_ActivateSetup                        0x080096c1   Thumb Code    28  stm32h7xx_ll_usb.o(i.USB_ActivateSetup)
    USB_EP0_OutStart                         0x080096dd   Thumb Code    84  stm32h7xx_ll_usb.o(i.USB_EP0_OutStart)
    USB_EPClearStall                         0x08009735   Thumb Code    88  stm32h7xx_ll_usb.o(i.USB_EPClearStall)
    USB_EPSetStall                           0x0800978d   Thumb Code    88  stm32h7xx_ll_usb.o(i.USB_EPSetStall)
    USB_EPStartXfer                          0x080097e5   Thumb Code   562  stm32h7xx_ll_usb.o(i.USB_EPStartXfer)
    USB_EPStopXfer                           0x08009a1d   Thumb Code   158  stm32h7xx_ll_usb.o(i.USB_EPStopXfer)
    USB_FlushTxFifo                          0x08009abb   Thumb Code    60  stm32h7xx_ll_usb.o(i.USB_FlushTxFifo)
    USB_GetDevSpeed                          0x08009af7   Thumb Code    26  stm32h7xx_ll_usb.o(i.USB_GetDevSpeed)
    USB_GetMode                              0x08009b11   Thumb Code     8  stm32h7xx_ll_usb.o(i.USB_GetMode)
    USB_ReadDevAllInEpInterrupt              0x08009b19   Thumb Code    14  stm32h7xx_ll_usb.o(i.USB_ReadDevAllInEpInterrupt)
    USB_ReadDevAllOutEpInterrupt             0x08009b27   Thumb Code    14  stm32h7xx_ll_usb.o(i.USB_ReadDevAllOutEpInterrupt)
    USB_ReadDevInEPInterrupt                 0x08009b35   Thumb Code    36  stm32h7xx_ll_usb.o(i.USB_ReadDevInEPInterrupt)
    USB_ReadDevOutEPInterrupt                0x08009b59   Thumb Code    16  stm32h7xx_ll_usb.o(i.USB_ReadDevOutEPInterrupt)
    USB_ReadInterrupts                       0x08009b69   Thumb Code     8  stm32h7xx_ll_usb.o(i.USB_ReadInterrupts)
    USB_ReadPacket                           0x08009b71   Thumb Code    64  stm32h7xx_ll_usb.o(i.USB_ReadPacket)
    USB_SetDevAddress                        0x08009bb1   Thumb Code    34  stm32h7xx_ll_usb.o(i.USB_SetDevAddress)
    USB_SetTurnaroundTime                    0x08009bd5   Thumb Code   158  stm32h7xx_ll_usb.o(i.USB_SetTurnaroundTime)
    USB_WritePacket                          0x08009cbd   Thumb Code    40  stm32h7xx_ll_usb.o(i.USB_WritePacket)
    UsageFault_Handler                       0x08009ce5   Thumb Code     2  stm32h7xx_it.o(i.UsageFault_Handler)
    can_bsp_init()                           0x08009ce9   Thumb Code    58  bsp_fdcan.o(i._Z12can_bsp_initv)
    get_fdcan_dlc(unsigned)                  0x08009d31   Thumb Code    52  bsp_fdcan.o(i._Z13get_fdcan_dlcj)
    fdcanx_receive(FDCAN_HandleTypeDef*, unsigned char*) 0x08009d65   Thumb Code    28  bsp_fdcan.o(i._Z14fdcanx_receiveP19FDCAN_HandleTypeDefPh)
    can_filter_init()                        0x08009d81   Thumb Code   124  bsp_fdcan.o(i._Z15can_filter_initv)
    fdcanx_send_data(FDCAN_HandleTypeDef*, unsigned short, unsigned char*, unsigned) 0x08009e09   Thumb Code    50  bsp_fdcan.o(i._Z16fdcanx_send_dataP19FDCAN_HandleTypeDeftPhj)
    fdcan1_rx_callback()                     0x08009e3d   Thumb Code    18  communicate.o(i._Z18fdcan1_rx_callbackv)
    fdcan2_rx_callback()                     0x08009e59   Thumb Code    18  communicate.o(i._Z18fdcan2_rx_callbackv)
    fdcan3_rx_callback()                     0x08009e75   Thumb Code    36  communicate.o(i._Z18fdcan3_rx_callbackv)
    Can_receive::uint_to_float(int, float, float, int) 0x08009ea5   Thumb Code    40  can_receive.o(i._ZN11Can_receive13uint_to_floatEiffi)
    Can_receive::get_dm_imu_measure(dm_imu_measure_t*, unsigned char*) 0x08009ecd   Thumb Code    94  can_receive.o(i._ZN11Can_receive18get_dm_imu_measureEP16dm_imu_measure_tPh)
    Can_receive::can_cmd_imu_request(unsigned short) 0x08009f3d   Thumb Code    46  can_receive.o(i._ZN11Can_receive19can_cmd_imu_requestEt)
    Can_receive::get_dm_imu_measure_point()  0x08009f75   Thumb Code     4  can_receive.o(i._ZN11Can_receive24get_dm_imu_measure_pointEv)
    Can_receive::init()                      0x08009f79   Thumb Code     4  can_receive.o(i._ZN11Can_receive4initEv)
    Communicate::run()                       0x08009f7d   Thumb Code    22  communicate.o(i._ZN11Communicate3runEv)
    Communicate::init()                      0x08009f99   Thumb Code     6  communicate.o(i._ZN11Communicate4initEv)
    Imu::update()                            0x08009fa5   Thumb Code    40  imu.o(i._ZN3Imu6updateEv)
    Imu::Imu(const dm_imu_measure_t*)        0x08009fcd   Thumb Code     4  imu.o(i._ZN3ImuC1EPK16dm_imu_measure_t)
    Imu::Imu__sub_object(const dm_imu_measure_t*) 0x08009fcd   Thumb Code     0  imu.o(i._ZN3ImuC1EPK16dm_imu_measure_t)
    communicate_Task                         0x0800a011   Thumb Code    26  communicate_task.o(i.communicate_Task)
    main                                     0x0800a031   Thumb Code    94  main.o(i.main)
    osKernelStart                            0x0800a09d   Thumb Code    10  cmsis_os.o(i.osKernelStart)
    osThreadCreate                           0x0800a0a7   Thumb Code    84  cmsis_os.o(i.osThreadCreate)
    pvPortMalloc                             0x0800a8a9   Thumb Code   216  heap_4.o(i.pvPortMalloc)
    pxPortInitialiseStack                    0x0800a985   Thumb Code    42  port.o(i.pxPortInitialiseStack)
    uxListRemove                             0x0800a9b5   Thumb Code    38  list.o(i.uxListRemove)
    vApplicationGetIdleTaskMemory            0x0800a9dd   Thumb Code    18  freertos.o(i.vApplicationGetIdleTaskMemory)
    vApplicationGetTimerTaskMemory           0x0800a9f5   Thumb Code    20  freertos.o(i.vApplicationGetTimerTaskMemory)
    vListInitialise                          0x0800aa0d   Thumb Code    22  list.o(i.vListInitialise)
    vListInitialiseItem                      0x0800aa23   Thumb Code     6  list.o(i.vListInitialiseItem)
    vListInsert                              0x0800aa29   Thumb Code    48  list.o(i.vListInsert)
    vListInsertEnd                           0x0800aa59   Thumb Code    24  list.o(i.vListInsertEnd)
    vPortEnterCritical                       0x0800aa71   Thumb Code    54  port.o(i.vPortEnterCritical)
    vPortExitCritical                        0x0800aab1   Thumb Code    34  port.o(i.vPortExitCritical)
    vPortFree                                0x0800aad9   Thumb Code    94  heap_4.o(i.vPortFree)
    vPortSetupTimerInterrupt                 0x0800ab3d   Thumb Code    32  port.o(i.vPortSetupTimerInterrupt)
    vPortValidateInterruptPriority           0x0800ab61   Thumb Code    74  port.o(i.vPortValidateInterruptPriority)
    vQueueAddToRegistry                      0x0800abb5   Thumb Code    34  queue.o(i.vQueueAddToRegistry)
    vQueueWaitForMessageRestricted           0x0800abdd   Thumb Code    68  queue.o(i.vQueueWaitForMessageRestricted)
    vTaskDelay                               0x0800ac21   Thumb Code    66  tasks.o(i.vTaskDelay)
    vTaskInternalSetTimeOutState             0x0800ac6d   Thumb Code    12  tasks.o(i.vTaskInternalSetTimeOutState)
    vTaskMissedYield                         0x0800ac7d   Thumb Code     8  tasks.o(i.vTaskMissedYield)
    vTaskPlaceOnEventList                    0x0800ac89   Thumb Code    44  tasks.o(i.vTaskPlaceOnEventList)
    vTaskPlaceOnEventListRestricted          0x0800acb9   Thumb Code    52  tasks.o(i.vTaskPlaceOnEventListRestricted)
    vTaskStartScheduler                      0x0800acf1   Thumb Code   118  tasks.o(i.vTaskStartScheduler)
    vTaskSuspendAll                          0x0800ad79   Thumb Code    10  tasks.o(i.vTaskSuspendAll)
    vTaskSwitchContext                       0x0800ad89   Thumb Code    82  tasks.o(i.vTaskSwitchContext)
    xPortStartScheduler                      0x0800ade5   Thumb Code   222  port.o(i.xPortStartScheduler)
    xQueueGenericCreateStatic                0x0800aed9   Thumb Code   102  queue.o(i.xQueueGenericCreateStatic)
    xQueueGenericReset                       0x0800af41   Thumb Code   144  queue.o(i.xQueueGenericReset)
    xQueueGenericSend                        0x0800afd5   Thumb Code   346  queue.o(i.xQueueGenericSend)
    xQueueGenericSendFromISR                 0x0800b135   Thumb Code   190  queue.o(i.xQueueGenericSendFromISR)
    xQueueReceive                            0x0800b1f5   Thumb Code   310  queue.o(i.xQueueReceive)
    xTaskCheckForTimeOut                     0x0800b331   Thumb Code   116  tasks.o(i.xTaskCheckForTimeOut)
    xTaskCreate                              0x0800b3a9   Thumb Code    90  tasks.o(i.xTaskCreate)
    xTaskCreateStatic                        0x0800b403   Thumb Code    86  tasks.o(i.xTaskCreateStatic)
    xTaskGetSchedulerState                   0x0800b459   Thumb Code    22  tasks.o(i.xTaskGetSchedulerState)
    xTaskGetTickCount                        0x0800b475   Thumb Code     6  tasks.o(i.xTaskGetTickCount)
    xTaskIncrementTick                       0x0800b481   Thumb Code   194  tasks.o(i.xTaskIncrementTick)
    xTaskPriorityDisinherit                  0x0800b54d   Thumb Code   150  tasks.o(i.xTaskPriorityDisinherit)
    xTaskRemoveFromEventList                 0x0800b5ed   Thumb Code   108  tasks.o(i.xTaskRemoveFromEventList)
    xTaskResumeAll                           0x0800b661   Thumb Code   184  tasks.o(i.xTaskResumeAll)
    xTimerCreateTimerTask                    0x0800b725   Thumb Code    78  timers.o(i.xTimerCreateTimerTask)
    xTimerGenericCommand                     0x0800b785   Thumb Code    98  timers.o(i.xTimerGenericCommand)
    _fp_init                                 0x0800b7ed   Thumb Code    10  fpinit.o(x$fpl$fpinit)
    __fplib_config_fpu_vfp                   0x0800b7f5   Thumb Code     0  fpinit.o(x$fpl$fpinit)
    __fplib_config_pureend_doubles           0x0800b7f5   Thumb Code     0  fpinit.o(x$fpl$fpinit)
    UARTPrescTable                           0x0800b878   Data          24  stm32h7xx_hal_uart.o(.constdata)
    D1CorePrescTable                         0x0800b8a0   Data          16  system_stm32h7xx.o(.constdata)
    Region$$Table$$Base                      0x0800b8c0   Number         0  anon$$obj.o(Region$$Table)
    Region$$Table$$Limit                     0x0800b8f0   Number         0  anon$$obj.o(Region$$Table)
    SHT$$INIT_ARRAY$$Base                    0x0800b8f0   Number         0  communicate.o(.init_array)
    SHT$$INIT_ARRAY$$Limit                   0x0800b8f4   Number         0  init_aeabi.o(.init_array)
    communicateTaskHandle                    0x24000000   Data           4  freertos.o(.data)
    uwTickFreq                               0x24000008   Data           1  stm32h7xx_hal.o(.data)
    uwTickPrio                               0x2400000c   Data           4  stm32h7xx_hal.o(.data)
    uwTick                                   0x24000010   Data           4  stm32h7xx_hal.o(.data)
    SystemCoreClock                          0x24000014   Data           4  system_stm32h7xx.o(.data)
    SystemD2Clock                            0x24000018   Data           4  system_stm32h7xx.o(.data)
    pxCurrentTCB                             0x2400001c   Data           4  tasks.o(.data)
    a                                        0x2400009c   Data           4  can_receive.o(.data)
    id1                                      0x240000a0   Data           2  communicate.o(.data)
    id2                                      0x240000a2   Data           2  communicate.o(.data)
    id3                                      0x240000a4   Data           2  communicate.o(.data)
    rx_data1                                 0x240000a6   Data           8  communicate.o(.data)
    rx_data2                                 0x240000ae   Data           8  communicate.o(.data)
    rx_data3                                 0x240000b6   Data           8  communicate.o(.data)
    communicate                              0x240000be   Data           1  communicate.o(.data)
    hadc1                                    0x24000778   Data         112  adc.o(.bss)
    hdma_adc1                                0x240007e8   Data         120  adc.o(.bss)
    hfdcan1                                  0x24000860   Data         160  fdcan.o(.bss)
    hfdcan2                                  0x24000900   Data         160  fdcan.o(.bss)
    hfdcan3                                  0x240009a0   Data         160  fdcan.o(.bss)
    hospi2                                   0x24000a40   Data          92  octospi.o(.bss)
    hspi1                                    0x24000a9c   Data         136  spi.o(.bss)
    hspi2                                    0x24000b24   Data         136  spi.o(.bss)
    hspi6                                    0x24000bac   Data         136  spi.o(.bss)
    htim1                                    0x24000c34   Data          76  tim.o(.bss)
    htim2                                    0x24000c80   Data          76  tim.o(.bss)
    htim3                                    0x24000ccc   Data          76  tim.o(.bss)
    htim12                                   0x24000d18   Data          76  tim.o(.bss)
    huart7                                   0x24000d64   Data         148  usart.o(.bss)
    huart1                                   0x24000df8   Data         148  usart.o(.bss)
    huart2                                   0x24000e8c   Data         148  usart.o(.bss)
    huart3                                   0x24000f20   Data         148  usart.o(.bss)
    huart10                                  0x24000fb4   Data         148  usart.o(.bss)
    htim23                                   0x24001048   Data          76  stm32h7xx_hal_timebase_tim.o(.bss)
    hpcd_USB_OTG_HS                          0x240012b4   Data        1252  usbd_conf.o(.bss)
    xQueueRegistry                           0x24001798   Data          64  queue.o(.bss)
    can_receive                              0x240019e0   Data          36  communicate.o(.bss)
    imu                                      0x24001a04   Data          16  communicate.o(.bss)
    __libspace_start                         0x24001a14   Data          96  libspace.o(.bss)
    __temporary_stack_top$libspace           0x24001a74   Data           0  libspace.o(.bss)



==============================================================================

Memory Map of the image

  Image Entry point : 0x080002cd

  Load Region LR_IROM1 (Base: 0x08000000, Size: 0x0000b9b4, Max: 0x00100000, ABSOLUTE)

    Execution Region ER_IROM1 (Exec base: 0x08000000, Load base: 0x08000000, Size: 0x0000b8f4, Max: 0x00100000, ABSOLUTE)

    Exec Addr    Load Addr    Size         Type   Attr      Idx    E Section Name        Object

    0x08000000   0x08000000   0x000002cc   Data   RO            3    RESET               startup_stm32h723xx.o
    0x080002cc   0x080002cc   0x00000008   Code   RO        10887  * !!!main             c_w.l(__main.o)
    0x080002d4   0x080002d4   0x00000034   Code   RO        11062    !!!scatter          c_w.l(__scatter.o)
    0x08000308   0x08000308   0x0000001a   Code   RO        11064    !!handler_copy      c_w.l(__scatter_copy.o)
    0x08000322   0x08000322   0x00000002   PAD
    0x08000324   0x08000324   0x0000001c   Code   RO        11066    !!handler_zi        c_w.l(__scatter_zi.o)
    0x08000340   0x08000340   0x00000002   Code   RO        10985    .ARM.Collect$$libinit$$00000000  c_w.l(libinit.o)
    0x08000342   0x08000342   0x00000004   Code   RO        10902    .ARM.Collect$$libinit$$00000001  c_w.l(libinit2.o)
    0x08000346   0x08000346   0x00000000   Code   RO        10905    .ARM.Collect$$libinit$$00000004  c_w.l(libinit2.o)
    0x08000346   0x08000346   0x00000000   Code   RO        10908    .ARM.Collect$$libinit$$0000000A  c_w.l(libinit2.o)
    0x08000346   0x08000346   0x00000000   Code   RO        10910    .ARM.Collect$$libinit$$0000000C  c_w.l(libinit2.o)
    0x08000346   0x08000346   0x00000000   Code   RO        10912    .ARM.Collect$$libinit$$0000000E  c_w.l(libinit2.o)
    0x08000346   0x08000346   0x00000000   Code   RO        10915    .ARM.Collect$$libinit$$00000011  c_w.l(libinit2.o)
    0x08000346   0x08000346   0x00000000   Code   RO        10917    .ARM.Collect$$libinit$$00000013  c_w.l(libinit2.o)
    0x08000346   0x08000346   0x00000000   Code   RO        10919    .ARM.Collect$$libinit$$00000015  c_w.l(libinit2.o)
    0x08000346   0x08000346   0x00000000   Code   RO        10921    .ARM.Collect$$libinit$$00000017  c_w.l(libinit2.o)
    0x08000346   0x08000346   0x00000000   Code   RO        10923    .ARM.Collect$$libinit$$00000019  c_w.l(libinit2.o)
    0x08000346   0x08000346   0x00000000   Code   RO        10925    .ARM.Collect$$libinit$$0000001B  c_w.l(libinit2.o)
    0x08000346   0x08000346   0x00000000   Code   RO        10927    .ARM.Collect$$libinit$$0000001D  c_w.l(libinit2.o)
    0x08000346   0x08000346   0x00000000   Code   RO        10929    .ARM.Collect$$libinit$$0000001F  c_w.l(libinit2.o)
    0x08000346   0x08000346   0x00000000   Code   RO        10931    .ARM.Collect$$libinit$$00000021  c_w.l(libinit2.o)
    0x08000346   0x08000346   0x00000000   Code   RO        10933    .ARM.Collect$$libinit$$00000023  c_w.l(libinit2.o)
    0x08000346   0x08000346   0x00000000   Code   RO        10935    .ARM.Collect$$libinit$$00000025  c_w.l(libinit2.o)
    0x08000346   0x08000346   0x00000000   Code   RO        10939    .ARM.Collect$$libinit$$0000002C  c_w.l(libinit2.o)
    0x08000346   0x08000346   0x00000000   Code   RO        10941    .ARM.Collect$$libinit$$0000002E  c_w.l(libinit2.o)
    0x08000346   0x08000346   0x00000000   Code   RO        10943    .ARM.Collect$$libinit$$00000030  c_w.l(libinit2.o)
    0x08000346   0x08000346   0x00000004   Code   RO        10944    .ARM.Collect$$libinit$$00000031  c_w.l(libinit2.o)
    0x0800034a   0x0800034a   0x00000000   Code   RO        10945    .ARM.Collect$$libinit$$00000032  c_w.l(libinit2.o)
    0x0800034a   0x0800034a   0x00000002   Code   RO        10946    .ARM.Collect$$libinit$$00000033  c_w.l(libinit2.o)
    0x0800034c   0x0800034c   0x00000002   Code   RO        11029    .ARM.Collect$$libshutdown$$00000000  c_w.l(libshutdown.o)
    0x0800034e   0x0800034e   0x00000000   Code   RO        11045    .ARM.Collect$$libshutdown$$00000002  c_w.l(libshutdown2.o)
    0x0800034e   0x0800034e   0x00000000   Code   RO        11047    .ARM.Collect$$libshutdown$$00000004  c_w.l(libshutdown2.o)
    0x0800034e   0x0800034e   0x00000000   Code   RO        11050    .ARM.Collect$$libshutdown$$00000007  c_w.l(libshutdown2.o)
    0x0800034e   0x0800034e   0x00000000   Code   RO        11053    .ARM.Collect$$libshutdown$$0000000A  c_w.l(libshutdown2.o)
    0x0800034e   0x0800034e   0x00000000   Code   RO        11055    .ARM.Collect$$libshutdown$$0000000C  c_w.l(libshutdown2.o)
    0x0800034e   0x0800034e   0x00000000   Code   RO        11058    .ARM.Collect$$libshutdown$$0000000F  c_w.l(libshutdown2.o)
    0x0800034e   0x0800034e   0x00000002   Code   RO        11059    .ARM.Collect$$libshutdown$$00000010  c_w.l(libshutdown2.o)
    0x08000350   0x08000350   0x00000000   Code   RO        10895    .ARM.Collect$$rtentry$$00000000  c_w.l(__rtentry.o)
    0x08000350   0x08000350   0x00000000   Code   RO        10948    .ARM.Collect$$rtentry$$00000002  c_w.l(__rtentry2.o)
    0x08000350   0x08000350   0x00000006   Code   RO        10960    .ARM.Collect$$rtentry$$00000004  c_w.l(__rtentry4.o)
    0x08000356   0x08000356   0x00000000   Code   RO        10950    .ARM.Collect$$rtentry$$00000009  c_w.l(__rtentry2.o)
    0x08000356   0x08000356   0x00000004   Code   RO        10951    .ARM.Collect$$rtentry$$0000000A  c_w.l(__rtentry2.o)
    0x0800035a   0x0800035a   0x00000000   Code   RO        10953    .ARM.Collect$$rtentry$$0000000C  c_w.l(__rtentry2.o)
    0x0800035a   0x0800035a   0x00000008   Code   RO        10954    .ARM.Collect$$rtentry$$0000000D  c_w.l(__rtentry2.o)
    0x08000362   0x08000362   0x00000002   Code   RO        10991    .ARM.Collect$$rtexit$$00000000  c_w.l(rtexit.o)
    0x08000364   0x08000364   0x00000000   Code   RO        11011    .ARM.Collect$$rtexit$$00000002  c_w.l(rtexit2.o)
    0x08000364   0x08000364   0x00000004   Code   RO        11012    .ARM.Collect$$rtexit$$00000003  c_w.l(rtexit2.o)
    0x08000368   0x08000368   0x00000006   Code   RO        11013    .ARM.Collect$$rtexit$$00000004  c_w.l(rtexit2.o)
    0x0800036e   0x0800036e   0x00000002   PAD
    0x08000370   0x08000370   0x000000be   Code   RO         9209    .emb_text           port.o
    0x0800042e   0x0800042e   0x00000002   PAD
    0x08000430   0x08000430   0x00000040   Code   RO            4    .text               startup_stm32h723xx.o
    0x08000470   0x08000470   0x000000ee   Code   RO        10873    .text               c_w.l(lludivv7m.o)
    0x0800055e   0x0800055e   0x0000008a   Code   RO        10875    .text               c_w.l(rt_memcpy_v6.o)
    0x080005e8   0x080005e8   0x00000064   Code   RO        10877    .text               c_w.l(rt_memcpy_w.o)
    0x0800064c   0x0800064c   0x00000010   Code   RO        10881    .text               c_w.l(aeabi_memset.o)
    0x0800065c   0x0800065c   0x0000004e   Code   RO        10883    .text               c_w.l(rt_memclr_w.o)
    0x080006aa   0x080006aa   0x00000006   Code   RO        10885    .text               c_w.l(heapauxi.o)
    0x080006b0   0x080006b0   0x00000024   Code   RO        10892    .text               c_w.l(init_aeabi.o)
    0x080006d4   0x080006d4   0x00000044   Code   RO        10900    .text               c_w.l(rt_memclr.o)
    0x08000718   0x08000718   0x0000004a   Code   RO        10968    .text               c_w.l(sys_stackheap_outer.o)
    0x08000762   0x08000762   0x00000012   Code   RO        10970    .text               c_w.l(exit.o)
    0x08000774   0x08000774   0x00000008   Code   RO        10988    .text               c_w.l(libspace.o)
    0x0800077c   0x0800077c   0x0000000c   Code   RO        11005    .text               c_w.l(sys_exit.o)
    0x08000788   0x08000788   0x00000002   Code   RO        11007    .text               c_w.l(use_no_semi.o)
    0x0800078a   0x0800078a   0x00000000   Code   RO        11009    .text               c_w.l(indicate_semi.o)
    0x0800078a   0x0800078a   0x00000002   PAD
    0x0800078c   0x0800078c   0x000000e4   Code   RO         4396    i.ADC_ConfigureBoostMode  stm32h7xx_hal_adc.o
    0x08000870   0x08000870   0x00000002   Code   RO          764    i.BusFault_Handler  stm32h7xx_it.o
    0x08000872   0x08000872   0x00000002   PAD
    0x08000874   0x08000874   0x0000000c   Code   RO          765    i.DMA1_Stream0_IRQHandler  stm32h7xx_it.o
    0x08000880   0x08000880   0x000000b4   Code   RO         2602    i.DMA_CalcBaseAndBitshift  stm32h7xx_hal_dma.o
    0x08000934   0x08000934   0x0000009c   Code   RO         2603    i.DMA_CalcDMAMUXChannelBaseAndMask  stm32h7xx_hal_dma.o
    0x080009d0   0x080009d0   0x00000074   Code   RO         2604    i.DMA_CalcDMAMUXRequestGenBaseAndMask  stm32h7xx_hal_dma.o
    0x08000a44   0x08000a44   0x00000054   Code   RO         2605    i.DMA_CheckFifoParam  stm32h7xx_hal_dma.o
    0x08000a98   0x08000a98   0x00000002   Code   RO          766    i.DebugMon_Handler  stm32h7xx_it.o
    0x08000a9a   0x08000a9a   0x00000004   Code   RO           13    i.Error_Handler     main.o
    0x08000a9e   0x08000a9e   0x00000002   PAD
    0x08000aa0   0x08000aa0   0x0000000c   Code   RO          767    i.FDCAN1_IT0_IRQHandler  stm32h7xx_it.o
    0x08000aac   0x08000aac   0x0000000c   Code   RO          768    i.FDCAN1_IT1_IRQHandler  stm32h7xx_it.o
    0x08000ab8   0x08000ab8   0x0000000c   Code   RO          769    i.FDCAN2_IT0_IRQHandler  stm32h7xx_it.o
    0x08000ac4   0x08000ac4   0x0000000c   Code   RO          770    i.FDCAN2_IT1_IRQHandler  stm32h7xx_it.o
    0x08000ad0   0x08000ad0   0x0000000c   Code   RO          771    i.FDCAN3_IT0_IRQHandler  stm32h7xx_it.o
    0x08000adc   0x08000adc   0x0000000c   Code   RO          772    i.FDCAN3_IT1_IRQHandler  stm32h7xx_it.o
    0x08000ae8   0x08000ae8   0x000001c8   Code   RO         4862    i.FDCAN_CalcultateRamBlockAddresses  stm32h7xx_hal_fdcan.o
    0x08000cb0   0x08000cb0   0x0000006c   Code   RO         4863    i.FDCAN_CopyMessageToRAM  stm32h7xx_hal_fdcan.o
    0x08000d1c   0x08000d1c   0x00000128   Code   RO         4648    i.HAL_ADCEx_MultiModeConfigChannel  stm32h7xx_hal_adc_ex.o
    0x08000e44   0x08000e44   0x0000059c   Code   RO         4404    i.HAL_ADC_ConfigChannel  stm32h7xx_hal_adc.o
    0x080013e0   0x080013e0   0x000002a8   Code   RO         4413    i.HAL_ADC_Init      stm32h7xx_hal_adc.o
    0x08001688   0x08001688   0x000000f4   Code   RO          416    i.HAL_ADC_MspInit   adc.o
    0x0800177c   0x0800177c   0x00000360   Code   RO         2607    i.HAL_DMA_Abort     stm32h7xx_hal_dma.o
    0x08001adc   0x08001adc   0x00000284   Code   RO         2608    i.HAL_DMA_Abort_IT  stm32h7xx_hal_dma.o
    0x08001d60   0x08001d60   0x000006e8   Code   RO         2612    i.HAL_DMA_IRQHandler  stm32h7xx_hal_dma.o
    0x08002448   0x08002448   0x000003bc   Code   RO         2613    i.HAL_DMA_Init      stm32h7xx_hal_dma.o
    0x08002804   0x08002804   0x00000088   Code   RO         4865    i.HAL_FDCAN_ActivateNotification  stm32h7xx_hal_fdcan.o
    0x0800288c   0x0800288c   0x00000066   Code   RO         4867    i.HAL_FDCAN_AddMessageToTxFifoQ  stm32h7xx_hal_fdcan.o
    0x080028f2   0x080028f2   0x00000002   Code   RO         4868    i.HAL_FDCAN_ClockCalibrationCallback  stm32h7xx_hal_fdcan.o
    0x080028f4   0x080028f4   0x0000005a   Code   RO         4871    i.HAL_FDCAN_ConfigFifoWatermark  stm32h7xx_hal_fdcan.o
    0x0800294e   0x0800294e   0x0000007e   Code   RO         4872    i.HAL_FDCAN_ConfigFilter  stm32h7xx_hal_fdcan.o
    0x080029cc   0x080029cc   0x00000032   Code   RO         4873    i.HAL_FDCAN_ConfigGlobalFilter  stm32h7xx_hal_fdcan.o
    0x080029fe   0x080029fe   0x00000002   Code   RO         4894    i.HAL_FDCAN_ErrorCallback  stm32h7xx_hal_fdcan.o
    0x08002a00   0x08002a00   0x00000002   Code   RO         4895    i.HAL_FDCAN_ErrorStatusCallback  stm32h7xx_hal_fdcan.o
    0x08002a02   0x08002a02   0x00000002   PAD
    0x08002a04   0x08002a04   0x0000018c   Code   RO         4906    i.HAL_FDCAN_GetRxMessage  stm32h7xx_hal_fdcan.o
    0x08002b90   0x08002b90   0x00000002   Code   RO         4912    i.HAL_FDCAN_HighPriorityMessageCallback  stm32h7xx_hal_fdcan.o
    0x08002b92   0x08002b92   0x00000002   PAD
    0x08002b94   0x08002b94   0x00000320   Code   RO         4913    i.HAL_FDCAN_IRQHandler  stm32h7xx_hal_fdcan.o
    0x08002eb4   0x08002eb4   0x00000244   Code   RO         4914    i.HAL_FDCAN_Init    stm32h7xx_hal_fdcan.o
    0x080030f8   0x080030f8   0x000001cc   Code   RO          482    i.HAL_FDCAN_MspInit  fdcan.o
    0x080032c4   0x080032c4   0x00000002   Code   RO         4923    i.HAL_FDCAN_RxBufferNewMessageCallback  stm32h7xx_hal_fdcan.o
    0x080032c6   0x080032c6   0x00000002   PAD
    0x080032c8   0x080032c8   0x00000038   Code   RO        10412    i.HAL_FDCAN_RxFifo0Callback  communicate.o
    0x08003300   0x08003300   0x00000002   Code   RO         4925    i.HAL_FDCAN_RxFifo1Callback  stm32h7xx_hal_fdcan.o
    0x08003302   0x08003302   0x00000032   Code   RO         4926    i.HAL_FDCAN_Start   stm32h7xx_hal_fdcan.o
    0x08003334   0x08003334   0x00000002   Code   RO         4948    i.HAL_FDCAN_TT_GlobalTimeCallback  stm32h7xx_hal_fdcan.o
    0x08003336   0x08003336   0x00000002   Code   RO         4949    i.HAL_FDCAN_TT_ScheduleSyncCallback  stm32h7xx_hal_fdcan.o
    0x08003338   0x08003338   0x00000002   Code   RO         4954    i.HAL_FDCAN_TT_StopWatchCallback  stm32h7xx_hal_fdcan.o
    0x0800333a   0x0800333a   0x00000002   Code   RO         4955    i.HAL_FDCAN_TT_TimeMarkCallback  stm32h7xx_hal_fdcan.o
    0x0800333c   0x0800333c   0x00000002   Code   RO         4956    i.HAL_FDCAN_TimeoutOccurredCallback  stm32h7xx_hal_fdcan.o
    0x0800333e   0x0800333e   0x00000002   Code   RO         4957    i.HAL_FDCAN_TimestampWraparoundCallback  stm32h7xx_hal_fdcan.o
    0x08003340   0x08003340   0x00000002   Code   RO         4958    i.HAL_FDCAN_TxBufferAbortCallback  stm32h7xx_hal_fdcan.o
    0x08003342   0x08003342   0x00000002   Code   RO         4959    i.HAL_FDCAN_TxBufferCompleteCallback  stm32h7xx_hal_fdcan.o
    0x08003344   0x08003344   0x00000002   Code   RO         4960    i.HAL_FDCAN_TxEventFifoCallback  stm32h7xx_hal_fdcan.o
    0x08003346   0x08003346   0x00000002   Code   RO         4961    i.HAL_FDCAN_TxFifoEmptyCallback  stm32h7xx_hal_fdcan.o
    0x08003348   0x08003348   0x0000021c   Code   RO         2455    i.HAL_GPIO_Init     stm32h7xx_hal_gpio.o
    0x08003564   0x08003564   0x0000000a   Code   RO         2459    i.HAL_GPIO_WritePin  stm32h7xx_hal_gpio.o
    0x0800356e   0x0800356e   0x00000002   PAD
    0x08003570   0x08003570   0x0000000c   Code   RO         3473    i.HAL_GetTick       stm32h7xx_hal.o
    0x0800357c   0x0800357c   0x00000010   Code   RO         3479    i.HAL_IncTick       stm32h7xx_hal.o
    0x0800358c   0x0800358c   0x0000005c   Code   RO         3480    i.HAL_Init          stm32h7xx_hal.o
    0x080035e8   0x080035e8   0x00000084   Code   RO          930    i.HAL_InitTick      stm32h7xx_hal_timebase_tim.o
    0x0800366c   0x0800366c   0x00000024   Code   RO          906    i.HAL_MspInit       stm32h7xx_hal_msp.o
    0x08003690   0x08003690   0x0000001a   Code   RO         3305    i.HAL_NVIC_EnableIRQ  stm32h7xx_hal_cortex.o
    0x080036aa   0x080036aa   0x00000002   PAD
    0x080036ac   0x080036ac   0x00000040   Code   RO         3311    i.HAL_NVIC_SetPriority  stm32h7xx_hal_cortex.o
    0x080036ec   0x080036ec   0x00000024   Code   RO         3312    i.HAL_NVIC_SetPriorityGrouping  stm32h7xx_hal_cortex.o
    0x08003710   0x08003710   0x00000418   Code   RO         5480    i.HAL_OSPIM_Config  stm32h7xx_hal_ospi.o
    0x08003b28   0x08003b28   0x00000108   Code   RO         5498    i.HAL_OSPI_Init     stm32h7xx_hal_ospi.o
    0x08003c30   0x08003c30   0x00000150   Code   RO          537    i.HAL_OSPI_MspInit  octospi.o
    0x08003d80   0x08003d80   0x00000002   Code   RO         1611    i.HAL_PCDEx_LPM_Callback  stm32h7xx_hal_pcd_ex.o
    0x08003d82   0x08003d82   0x00000008   Code   RO         1166    i.HAL_PCD_ConnectCallback  usbd_conf.o
    0x08003d8a   0x08003d8a   0x00000012   Code   RO         1167    i.HAL_PCD_DataInStageCallback  usbd_conf.o
    0x08003d9c   0x08003d9c   0x00000014   Code   RO         1168    i.HAL_PCD_DataOutStageCallback  usbd_conf.o
    0x08003db0   0x08003db0   0x00000008   Code   RO         1169    i.HAL_PCD_DisconnectCallback  usbd_conf.o
    0x08003db8   0x08003db8   0x0000001e   Code   RO         1382    i.HAL_PCD_EP_Abort  stm32h7xx_hal_pcd.o
    0x08003dd6   0x08003dd6   0x0000005a   Code   RO         1384    i.HAL_PCD_EP_ClrStall  stm32h7xx_hal_pcd.o
    0x08003e30   0x08003e30   0x0000005e   Code   RO         1387    i.HAL_PCD_EP_Open   stm32h7xx_hal_pcd.o
    0x08003e8e   0x08003e8e   0x00000034   Code   RO         1388    i.HAL_PCD_EP_Receive  stm32h7xx_hal_pcd.o
    0x08003ec2   0x08003ec2   0x00000072   Code   RO         1389    i.HAL_PCD_EP_SetStall  stm32h7xx_hal_pcd.o
    0x08003f34   0x08003f34   0x00000034   Code   RO         1390    i.HAL_PCD_EP_Transmit  stm32h7xx_hal_pcd.o
    0x08003f68   0x08003f68   0x00000594   Code   RO         1392    i.HAL_PCD_IRQHandler  stm32h7xx_hal_pcd.o
    0x080044fc   0x080044fc   0x00000008   Code   RO         1170    i.HAL_PCD_ISOINIncompleteCallback  usbd_conf.o
    0x08004504   0x08004504   0x00000008   Code   RO         1171    i.HAL_PCD_ISOOUTIncompleteCallback  usbd_conf.o
    0x0800450c   0x0800450c   0x0000002c   Code   RO         1174    i.HAL_PCD_ResetCallback  usbd_conf.o
    0x08004538   0x08004538   0x00000008   Code   RO         1175    i.HAL_PCD_ResumeCallback  usbd_conf.o
    0x08004540   0x08004540   0x00000008   Code   RO         1176    i.HAL_PCD_SOFCallback  usbd_conf.o
    0x08004548   0x08004548   0x00000026   Code   RO         1401    i.HAL_PCD_SetAddress  stm32h7xx_hal_pcd.o
    0x0800456e   0x0800456e   0x0000000e   Code   RO         1177    i.HAL_PCD_SetupStageCallback  usbd_conf.o
    0x0800457c   0x0800457c   0x00000030   Code   RO         1178    i.HAL_PCD_SuspendCallback  usbd_conf.o
    0x080045ac   0x080045ac   0x00000054   Code   RO         3056    i.HAL_PWREx_ConfigSupply  stm32h7xx_hal_pwr_ex.o
    0x08004600   0x08004600   0x00000024   Code   RO         2098    i.HAL_RCCEx_GetD3PCLK1Freq  stm32h7xx_hal_rcc_ex.o
    0x08004624   0x08004624   0x00000148   Code   RO         2099    i.HAL_RCCEx_GetPLL1ClockFreq  stm32h7xx_hal_rcc_ex.o
    0x0800476c   0x0800476c   0x00000144   Code   RO         2100    i.HAL_RCCEx_GetPLL2ClockFreq  stm32h7xx_hal_rcc_ex.o
    0x080048b0   0x080048b0   0x00000144   Code   RO         2101    i.HAL_RCCEx_GetPLL3ClockFreq  stm32h7xx_hal_rcc_ex.o
    0x080049f4   0x080049f4   0x0000029c   Code   RO         2103    i.HAL_RCCEx_GetPeriphCLKFreq  stm32h7xx_hal_rcc_ex.o
    0x08004c90   0x08004c90   0x0000093a   Code   RO         2107    i.HAL_RCCEx_PeriphCLKConfig  stm32h7xx_hal_rcc_ex.o
    0x080055ca   0x080055ca   0x00000002   PAD
    0x080055cc   0x080055cc   0x0000025c   Code   RO         1983    i.HAL_RCC_ClockConfig  stm32h7xx_hal_rcc.o
    0x08005828   0x08005828   0x0000005c   Code   RO         1987    i.HAL_RCC_GetClockConfig  stm32h7xx_hal_rcc.o
    0x08005884   0x08005884   0x00000044   Code   RO         1988    i.HAL_RCC_GetHCLKFreq  stm32h7xx_hal_rcc.o
    0x080058c8   0x080058c8   0x00000024   Code   RO         1990    i.HAL_RCC_GetPCLK1Freq  stm32h7xx_hal_rcc.o
    0x080058ec   0x080058ec   0x00000024   Code   RO         1991    i.HAL_RCC_GetPCLK2Freq  stm32h7xx_hal_rcc.o
    0x08005910   0x08005910   0x00000138   Code   RO         1992    i.HAL_RCC_GetSysClockFreq  stm32h7xx_hal_rcc.o
    0x08005a48   0x08005a48   0x00000094   Code   RO         1993    i.HAL_RCC_MCOConfig  stm32h7xx_hal_rcc.o
    0x08005adc   0x08005adc   0x00000526   Code   RO         1995    i.HAL_RCC_OscConfig  stm32h7xx_hal_rcc.o
    0x08006002   0x08006002   0x00000002   PAD
    0x08006004   0x08006004   0x0000008c   Code   RO         7516    i.HAL_RS485Ex_Init  stm32h7xx_hal_uart_ex.o
    0x08006090   0x08006090   0x0000017c   Code   RO         5760    i.HAL_SPI_Init      stm32h7xx_hal_spi.o
    0x0800620c   0x0800620c   0x000001c8   Code   RO          579    i.HAL_SPI_MspInit   spi.o
    0x080063d4   0x080063d4   0x00000002   Code   RO         6794    i.HAL_TIMEx_Break2Callback  stm32h7xx_hal_tim_ex.o
    0x080063d6   0x080063d6   0x00000002   Code   RO         6795    i.HAL_TIMEx_BreakCallback  stm32h7xx_hal_tim_ex.o
    0x080063d8   0x080063d8   0x00000002   Code   RO         6796    i.HAL_TIMEx_CommutCallback  stm32h7xx_hal_tim_ex.o
    0x080063da   0x080063da   0x00000002   PAD
    0x080063dc   0x080063dc   0x000000a0   Code   RO         6798    i.HAL_TIMEx_ConfigBreakDeadTime  stm32h7xx_hal_tim_ex.o
    0x0800647c   0x0800647c   0x000000b8   Code   RO         6817    i.HAL_TIMEx_MasterConfigSynchronization  stm32h7xx_hal_tim_ex.o
    0x08006534   0x08006534   0x00000062   Code   RO         6080    i.HAL_TIM_Base_Init  stm32h7xx_hal_tim.o
    0x08006596   0x08006596   0x00000002   Code   RO         6082    i.HAL_TIM_Base_MspInit  stm32h7xx_hal_tim.o
    0x08006598   0x08006598   0x000000a0   Code   RO         6085    i.HAL_TIM_Base_Start_IT  stm32h7xx_hal_tim.o
    0x08006638   0x08006638   0x00000002   Code   RO         6114    i.HAL_TIM_IC_CaptureCallback  stm32h7xx_hal_tim.o
    0x0800663a   0x0800663a   0x00000148   Code   RO         6128    i.HAL_TIM_IRQHandler  stm32h7xx_hal_tim.o
    0x08006782   0x08006782   0x00000002   PAD
    0x08006784   0x08006784   0x000000d8   Code   RO          632    i.HAL_TIM_MspPostInit  tim.o
    0x0800685c   0x0800685c   0x00000002   Code   RO         6131    i.HAL_TIM_OC_DelayElapsedCallback  stm32h7xx_hal_tim.o
    0x0800685e   0x0800685e   0x00000124   Code   RO         6152    i.HAL_TIM_PWM_ConfigChannel  stm32h7xx_hal_tim.o
    0x08006982   0x08006982   0x00000062   Code   RO         6155    i.HAL_TIM_PWM_Init  stm32h7xx_hal_tim.o
    0x080069e4   0x080069e4   0x00000068   Code   RO          634    i.HAL_TIM_PWM_MspInit  tim.o
    0x08006a4c   0x08006a4c   0x00000002   Code   RO         6158    i.HAL_TIM_PWM_PulseFinishedCallback  stm32h7xx_hal_tim.o
    0x08006a4e   0x08006a4e   0x00000002   PAD
    0x08006a50   0x08006a50   0x00000014   Code   RO           14    i.HAL_TIM_PeriodElapsedCallback  main.o
    0x08006a64   0x08006a64   0x00000002   Code   RO         6171    i.HAL_TIM_TriggerCallback  stm32h7xx_hal_tim.o
    0x08006a66   0x08006a66   0x00000040   Code   RO         7517    i.HAL_UARTEx_DisableFifoMode  stm32h7xx_hal_uart_ex.o
    0x08006aa6   0x08006aa6   0x00000002   Code   RO        10413    i.HAL_UARTEx_RxEventCallback  communicate.o
    0x08006aa8   0x08006aa8   0x00000002   Code   RO         7525    i.HAL_UARTEx_RxFifoFullCallback  stm32h7xx_hal_uart_ex.o
    0x08006aaa   0x08006aaa   0x0000004c   Code   RO         7526    i.HAL_UARTEx_SetRxFifoThreshold  stm32h7xx_hal_uart_ex.o
    0x08006af6   0x08006af6   0x0000004c   Code   RO         7527    i.HAL_UARTEx_SetTxFifoThreshold  stm32h7xx_hal_uart_ex.o
    0x08006b42   0x08006b42   0x00000002   Code   RO         7529    i.HAL_UARTEx_TxFifoEmptyCallback  stm32h7xx_hal_uart_ex.o
    0x08006b44   0x08006b44   0x00000002   Code   RO         7530    i.HAL_UARTEx_WakeupCallback  stm32h7xx_hal_uart_ex.o
    0x08006b46   0x08006b46   0x00000002   Code   RO         7122    i.HAL_UART_ErrorCallback  stm32h7xx_hal_uart.o
    0x08006b48   0x08006b48   0x00000388   Code   RO         7125    i.HAL_UART_IRQHandler  stm32h7xx_hal_uart.o
    0x08006ed0   0x08006ed0   0x0000006a   Code   RO         7126    i.HAL_UART_Init     stm32h7xx_hal_uart.o
    0x08006f3a   0x08006f3a   0x00000002   PAD
    0x08006f3c   0x08006f3c   0x00000298   Code   RO          699    i.HAL_UART_MspInit  usart.o
    0x080071d4   0x080071d4   0x00000002   Code   RO         7138    i.HAL_UART_TxCpltCallback  stm32h7xx_hal_uart.o
    0x080071d6   0x080071d6   0x00000002   Code   RO          773    i.HardFault_Handler  stm32h7xx_it.o
    0x080071d8   0x080071d8   0x0000000c   Code   RO         4425    i.LL_ADC_GetOffsetChannel  stm32h7xx_hal_adc.o
    0x080071e4   0x080071e4   0x00000008   Code   RO         4426    i.LL_ADC_INJ_IsConversionOngoing  stm32h7xx_hal_adc.o
    0x080071ec   0x080071ec   0x00000008   Code   RO         4427    i.LL_ADC_REG_IsConversionOngoing  stm32h7xx_hal_adc.o
    0x080071f4   0x080071f4   0x00000008   Code   RO         4658    i.LL_ADC_REG_IsConversionOngoing  stm32h7xx_hal_adc_ex.o
    0x080071fc   0x080071fc   0x0000001e   Code   RO         4430    i.LL_ADC_SetChannelSamplingTime  stm32h7xx_hal_adc.o
    0x0800721a   0x0800721a   0x00000002   PAD
    0x0800721c   0x0800721c   0x00000018   Code   RO         4431    i.LL_ADC_SetOffsetState  stm32h7xx_hal_adc.o
    0x08007234   0x08007234   0x000000b4   Code   RO          417    i.MX_ADC1_Init      adc.o
    0x080072e8   0x080072e8   0x0000002c   Code   RO          457    i.MX_DMA_Init       dma.o
    0x08007314   0x08007314   0x00000064   Code   RO          483    i.MX_FDCAN1_Init    fdcan.o
    0x08007378   0x08007378   0x00000068   Code   RO          484    i.MX_FDCAN2_Init    fdcan.o
    0x080073e0   0x080073e0   0x00000068   Code   RO          485    i.MX_FDCAN3_Init    fdcan.o
    0x08007448   0x08007448   0x00000028   Code   RO          319    i.MX_FREERTOS_Init  freertos.o
    0x08007470   0x08007470   0x00000180   Code   RO          291    i.MX_GPIO_Init      gpio.o
    0x080075f0   0x080075f0   0x00000074   Code   RO          538    i.MX_OCTOSPI2_Init  octospi.o
    0x08007664   0x08007664   0x00000060   Code   RO          580    i.MX_SPI1_Init      spi.o
    0x080076c4   0x080076c4   0x00000064   Code   RO          581    i.MX_SPI2_Init      spi.o
    0x08007728   0x08007728   0x00000064   Code   RO          582    i.MX_SPI6_Init      spi.o
    0x0800778c   0x0800778c   0x00000074   Code   RO          635    i.MX_TIM12_Init     tim.o
    0x08007800   0x08007800   0x000000c0   Code   RO          636    i.MX_TIM1_Init      tim.o
    0x080078c0   0x080078c0   0x00000084   Code   RO          637    i.MX_TIM2_Init      tim.o
    0x08007944   0x08007944   0x00000074   Code   RO          638    i.MX_TIM3_Init      tim.o
    0x080079b8   0x080079b8   0x00000068   Code   RO          700    i.MX_UART7_Init     usart.o
    0x08007a20   0x08007a20   0x00000068   Code   RO          701    i.MX_USART10_UART_Init  usart.o
    0x08007a88   0x08007a88   0x00000068   Code   RO          702    i.MX_USART1_UART_Init  usart.o
    0x08007af0   0x08007af0   0x0000006c   Code   RO          703    i.MX_USART2_UART_Init  usart.o
    0x08007b5c   0x08007b5c   0x0000006c   Code   RO          704    i.MX_USART3_UART_Init  usart.o
    0x08007bc8   0x08007bc8   0x00000002   Code   RO          774    i.MemManage_Handler  stm32h7xx_it.o
    0x08007bca   0x08007bca   0x00000002   Code   RO          775    i.NMI_Handler       stm32h7xx_it.o
    0x08007bcc   0x08007bcc   0x000000dc   Code   RO         5516    i.OSPIM_GetConfig   stm32h7xx_hal_ospi.o
    0x08007ca8   0x08007ca8   0x00000048   Code   RO         5522    i.OSPI_WaitFlagStateUntilTimeout  stm32h7xx_hal_ospi.o
    0x08007cf0   0x08007cf0   0x0000000c   Code   RO          776    i.OTG_HS_IRQHandler  stm32h7xx_it.o
    0x08007cfc   0x08007cfc   0x000000cc   Code   RO         1407    i.PCD_EP_OutXfrComplete_int  stm32h7xx_hal_pcd.o
    0x08007dc8   0x08007dc8   0x000000a2   Code   RO         1408    i.PCD_WriteEmptyTxFifo  stm32h7xx_hal_pcd.o
    0x08007e6a   0x08007e6a   0x00000002   PAD
    0x08007e6c   0x08007e6c   0x00000120   Code   RO         2110    i.RCCEx_PLL2_Config  stm32h7xx_hal_rcc_ex.o
    0x08007f8c   0x08007f8c   0x00000120   Code   RO         2111    i.RCCEx_PLL3_Config  stm32h7xx_hal_rcc_ex.o
    0x080080ac   0x080080ac   0x0000000a   Code   RO         9448    i.SWAPBYTE          usbd_ctlreq.o
    0x080080b6   0x080080b6   0x00000002   PAD
    0x080080b8   0x080080b8   0x0000002c   Code   RO         9210    i.SysTick_Handler   port.o
    0x080080e4   0x080080e4   0x000000a8   Code   RO           15    i.SystemClock_Config  main.o
    0x0800818c   0x0800818c   0x000000c0   Code   RO         7636    i.SystemInit        system_stm32h7xx.o
    0x0800824c   0x0800824c   0x0000000c   Code   RO          777    i.TIM23_IRQHandler  stm32h7xx_it.o
    0x08008258   0x08008258   0x000000e4   Code   RO         6173    i.TIM_Base_SetConfig  stm32h7xx_hal_tim.o
    0x0800833c   0x0800833c   0x000000a4   Code   RO         6186    i.TIM_OC1_SetConfig  stm32h7xx_hal_tim.o
    0x080083e0   0x080083e0   0x00000098   Code   RO         6187    i.TIM_OC2_SetConfig  stm32h7xx_hal_tim.o
    0x08008478   0x08008478   0x00000098   Code   RO         6188    i.TIM_OC3_SetConfig  stm32h7xx_hal_tim.o
    0x08008510   0x08008510   0x00000078   Code   RO         6189    i.TIM_OC4_SetConfig  stm32h7xx_hal_tim.o
    0x08008588   0x08008588   0x00000074   Code   RO         6190    i.TIM_OC5_SetConfig  stm32h7xx_hal_tim.o
    0x080085fc   0x080085fc   0x00000074   Code   RO         6191    i.TIM_OC6_SetConfig  stm32h7xx_hal_tim.o
    0x08008670   0x08008670   0x0000000c   Code   RO          778    i.UART7_IRQHandler  stm32h7xx_it.o
    0x0800867c   0x0800867c   0x00000044   Code   RO         7531    i.UARTEx_SetNbDataToProcess  stm32h7xx_hal_uart_ex.o
    0x080086c0   0x080086c0   0x000000c8   Code   RO         7140    i.UART_AdvFeatureConfig  stm32h7xx_hal_uart.o
    0x08008788   0x08008788   0x000000aa   Code   RO         7141    i.UART_CheckIdleState  stm32h7xx_hal_uart.o
    0x08008832   0x08008832   0x00000014   Code   RO         7142    i.UART_DMAAbortOnError  stm32h7xx_hal_uart.o
    0x08008846   0x08008846   0x00000002   PAD
    0x08008848   0x08008848   0x00000054   Code   RO         7152    i.UART_EndRxTransfer  stm32h7xx_hal_uart.o
    0x0800889c   0x0800889c   0x000003dc   Code   RO         7158    i.UART_SetConfig    stm32h7xx_hal_uart.o
    0x08008c78   0x08008c78   0x00000094   Code   RO         7165    i.UART_WaitOnFlagUntilTimeout  stm32h7xx_hal_uart.o
    0x08008d0c   0x08008d0c   0x0000000c   Code   RO          779    i.USART10_IRQHandler  stm32h7xx_it.o
    0x08008d18   0x08008d18   0x0000000c   Code   RO          780    i.USART1_IRQHandler  stm32h7xx_it.o
    0x08008d24   0x08008d24   0x0000000c   Code   RO          781    i.USART2_IRQHandler  stm32h7xx_it.o
    0x08008d30   0x08008d30   0x0000000c   Code   RO          782    i.USART3_IRQHandler  stm32h7xx_it.o
    0x08008d3c   0x08008d3c   0x00000014   Code   RO         9289    i.USBD_ClrClassConfig  usbd_core.o
    0x08008d50   0x08008d50   0x00000004   Code   RO         9290    i.USBD_CoreFindEP   usbd_core.o
    0x08008d54   0x08008d54   0x00000004   Code   RO         9291    i.USBD_CoreFindIF   usbd_core.o
    0x08008d58   0x08008d58   0x00000010   Code   RO         9526    i.USBD_CtlContinueRx  usbd_ioreq.o
    0x08008d68   0x08008d68   0x00000010   Code   RO         9527    i.USBD_CtlContinueSendData  usbd_ioreq.o
    0x08008d78   0x08008d78   0x00000016   Code   RO         9449    i.USBD_CtlError     usbd_ctlreq.o
    0x08008d8e   0x08008d8e   0x00000016   Code   RO         9529    i.USBD_CtlReceiveStatus  usbd_ioreq.o
    0x08008da4   0x08008da4   0x0000001a   Code   RO         9530    i.USBD_CtlSendData  usbd_ioreq.o
    0x08008dbe   0x08008dbe   0x00000016   Code   RO         9531    i.USBD_CtlSendStatus  usbd_ioreq.o
    0x08008dd4   0x08008dd4   0x000000fa   Code   RO         9450    i.USBD_GetDescriptor  usbd_ctlreq.o
    0x08008ece   0x08008ece   0x00000018   Code   RO         1179    i.USBD_Get_USB_Status  usbd_conf.o
    0x08008ee6   0x08008ee6   0x00000012   Code   RO         1180    i.USBD_LL_ClearStallEP  usbd_conf.o
    0x08008ef8   0x08008ef8   0x000000b8   Code   RO         9296    i.USBD_LL_DataInStage  usbd_core.o
    0x08008fb0   0x08008fb0   0x00000090   Code   RO         9297    i.USBD_LL_DataOutStage  usbd_core.o
    0x08009040   0x08009040   0x00000004   Code   RO         9298    i.USBD_LL_DevConnected  usbd_core.o
    0x08009044   0x08009044   0x00000020   Code   RO         9299    i.USBD_LL_DevDisconnected  usbd_core.o
    0x08009064   0x08009064   0x0000001e   Code   RO         1187    i.USBD_LL_IsStallEP  usbd_conf.o
    0x08009082   0x08009082   0x00000028   Code   RO         9300    i.USBD_LL_IsoINIncomplete  usbd_core.o
    0x080090aa   0x080090aa   0x00000028   Code   RO         9301    i.USBD_LL_IsoOUTIncomplete  usbd_core.o
    0x080090d2   0x080090d2   0x00000018   Code   RO         1188    i.USBD_LL_OpenEP    usbd_conf.o
    0x080090ea   0x080090ea   0x00000012   Code   RO         1189    i.USBD_LL_PrepareReceive  usbd_conf.o
    0x080090fc   0x080090fc   0x0000005e   Code   RO         9302    i.USBD_LL_Reset     usbd_core.o
    0x0800915a   0x0800915a   0x00000014   Code   RO         9303    i.USBD_LL_Resume    usbd_core.o
    0x0800916e   0x0800916e   0x0000001a   Code   RO         9304    i.USBD_LL_SOF       usbd_core.o
    0x08009188   0x08009188   0x00000006   Code   RO         9305    i.USBD_LL_SetSpeed  usbd_core.o
    0x0800918e   0x0800918e   0x00000012   Code   RO         1190    i.USBD_LL_SetUSBAddress  usbd_conf.o
    0x080091a0   0x080091a0   0x00000060   Code   RO         9306    i.USBD_LL_SetupStage  usbd_core.o
    0x08009200   0x08009200   0x00000012   Code   RO         1191    i.USBD_LL_StallEP   usbd_conf.o
    0x08009212   0x08009212   0x0000001a   Code   RO         9307    i.USBD_LL_Suspend   usbd_core.o
    0x0800922c   0x0800922c   0x00000012   Code   RO         1194    i.USBD_LL_Transmit  usbd_conf.o
    0x0800923e   0x0800923e   0x0000002a   Code   RO         9453    i.USBD_ParseSetupRequest  usbd_ctlreq.o
    0x08009268   0x08009268   0x00000014   Code   RO         9310    i.USBD_SetClassConfig  usbd_core.o
    0x0800927c   0x0800927c   0x000000bc   Code   RO         9454    i.USBD_SetConfig    usbd_ctlreq.o
    0x08009338   0x08009338   0x0000012e   Code   RO         9455    i.USBD_StdDevReq    usbd_ctlreq.o
    0x08009466   0x08009466   0x00000164   Code   RO         9456    i.USBD_StdEPReq     usbd_ctlreq.o
    0x080095ca   0x080095ca   0x00000074   Code   RO         9457    i.USBD_StdItfReq    usbd_ctlreq.o
    0x0800963e   0x0800963e   0x00000002   PAD
    0x08009640   0x08009640   0x00000080   Code   RO         1678    i.USB_ActivateEndpoint  stm32h7xx_ll_usb.o
    0x080096c0   0x080096c0   0x0000001c   Code   RO         1680    i.USB_ActivateSetup  stm32h7xx_ll_usb.o
    0x080096dc   0x080096dc   0x00000058   Code   RO         1693    i.USB_EP0_OutStart  stm32h7xx_ll_usb.o
    0x08009734   0x08009734   0x00000058   Code   RO         1694    i.USB_EPClearStall  stm32h7xx_ll_usb.o
    0x0800978c   0x0800978c   0x00000058   Code   RO         1695    i.USB_EPSetStall    stm32h7xx_ll_usb.o
    0x080097e4   0x080097e4   0x00000238   Code   RO         1696    i.USB_EPStartXfer   stm32h7xx_ll_usb.o
    0x08009a1c   0x08009a1c   0x0000009e   Code   RO         1697    i.USB_EPStopXfer    stm32h7xx_ll_usb.o
    0x08009aba   0x08009aba   0x0000003c   Code   RO         1700    i.USB_FlushTxFifo   stm32h7xx_ll_usb.o
    0x08009af6   0x08009af6   0x0000001a   Code   RO         1702    i.USB_GetDevSpeed   stm32h7xx_ll_usb.o
    0x08009b10   0x08009b10   0x00000008   Code   RO         1704    i.USB_GetMode       stm32h7xx_ll_usb.o
    0x08009b18   0x08009b18   0x0000000e   Code   RO         1712    i.USB_ReadDevAllInEpInterrupt  stm32h7xx_ll_usb.o
    0x08009b26   0x08009b26   0x0000000e   Code   RO         1713    i.USB_ReadDevAllOutEpInterrupt  stm32h7xx_ll_usb.o
    0x08009b34   0x08009b34   0x00000024   Code   RO         1714    i.USB_ReadDevInEPInterrupt  stm32h7xx_ll_usb.o
    0x08009b58   0x08009b58   0x00000010   Code   RO         1715    i.USB_ReadDevOutEPInterrupt  stm32h7xx_ll_usb.o
    0x08009b68   0x08009b68   0x00000008   Code   RO         1716    i.USB_ReadInterrupts  stm32h7xx_ll_usb.o
    0x08009b70   0x08009b70   0x00000040   Code   RO         1717    i.USB_ReadPacket    stm32h7xx_ll_usb.o
    0x08009bb0   0x08009bb0   0x00000022   Code   RO         1720    i.USB_SetDevAddress  stm32h7xx_ll_usb.o
    0x08009bd2   0x08009bd2   0x00000002   PAD
    0x08009bd4   0x08009bd4   0x000000e8   Code   RO         1722    i.USB_SetTurnaroundTime  stm32h7xx_ll_usb.o
    0x08009cbc   0x08009cbc   0x00000028   Code   RO         1725    i.USB_WritePacket   stm32h7xx_ll_usb.o
    0x08009ce4   0x08009ce4   0x00000002   Code   RO          783    i.UsageFault_Handler  stm32h7xx_it.o
    0x08009ce6   0x08009ce6   0x00000002   PAD
    0x08009ce8   0x08009ce8   0x00000048   Code   RO        10270    i._Z12can_bsp_initv  bsp_fdcan.o
    0x08009d30   0x08009d30   0x00000034   Code   RO        10271    i._Z13get_fdcan_dlcj  bsp_fdcan.o
    0x08009d64   0x08009d64   0x0000001c   Code   RO        10272    i._Z14fdcanx_receiveP19FDCAN_HandleTypeDefPh  bsp_fdcan.o
    0x08009d80   0x08009d80   0x00000088   Code   RO        10273    i._Z15can_filter_initv  bsp_fdcan.o
    0x08009e08   0x08009e08   0x00000032   Code   RO        10274    i._Z16fdcanx_send_dataP19FDCAN_HandleTypeDeftPhj  bsp_fdcan.o
    0x08009e3a   0x08009e3a   0x00000002   PAD
    0x08009e3c   0x08009e3c   0x0000001c   Code   RO        10414    i._Z18fdcan1_rx_callbackv  communicate.o
    0x08009e58   0x08009e58   0x0000001c   Code   RO        10415    i._Z18fdcan2_rx_callbackv  communicate.o
    0x08009e74   0x08009e74   0x00000030   Code   RO        10416    i._Z18fdcan3_rx_callbackv  communicate.o
    0x08009ea4   0x08009ea4   0x00000028   Code   RO         9693    i._ZN11Can_receive13uint_to_floatEiffi  can_receive.o
    0x08009ecc   0x08009ecc   0x00000070   Code   RO         9695    i._ZN11Can_receive18get_dm_imu_measureEP16dm_imu_measure_tPh  can_receive.o
    0x08009f3c   0x08009f3c   0x00000038   Code   RO         9696    i._ZN11Can_receive19can_cmd_imu_requestEt  can_receive.o
    0x08009f74   0x08009f74   0x00000004   Code   RO         9698    i._ZN11Can_receive24get_dm_imu_measure_pointEv  can_receive.o
    0x08009f78   0x08009f78   0x00000004   Code   RO         9700    i._ZN11Can_receive4initEv  can_receive.o
    0x08009f7c   0x08009f7c   0x0000001c   Code   RO        10417    i._ZN11Communicate3runEv  communicate.o
    0x08009f98   0x08009f98   0x0000000c   Code   RO        10418    i._ZN11Communicate4initEv  communicate.o
    0x08009fa4   0x08009fa4   0x00000028   Code   RO        10491    i._ZN3Imu6updateEv  imu.o
    0x08009fcc   0x08009fcc   0x00000004   Code   RO        10492    i._ZN3ImuC1EPK16dm_imu_measure_t  imu.o
    0x08009fd0   0x08009fd0   0x00000022   Code   RO         3318    i.__NVIC_SetPriority  stm32h7xx_hal_cortex.o
    0x08009ff2   0x08009ff2   0x00000002   PAD
    0x08009ff4   0x08009ff4   0x0000001c   Code   RO        10419    i.__sti___15_communicate_cpp_imu  communicate.o
    0x0800a010   0x0800a010   0x00000020   Code   RO        10038    i.communicate_Task  communicate_task.o
    0x0800a030   0x0800a030   0x0000005e   Code   RO           16    i.main              main.o
    0x0800a08e   0x0800a08e   0x0000000e   Code   RO         8775    i.makeFreeRtosPriority  cmsis_os.o
    0x0800a09c   0x0800a09c   0x0000000a   Code   RO         8780    i.osKernelStart     cmsis_os.o
    0x0800a0a6   0x0800a0a6   0x00000054   Code   RO         8814    i.osThreadCreate    cmsis_os.o
    0x0800a0fa   0x0800a0fa   0x00000002   PAD
    0x0800a0fc   0x0800a0fc   0x00000070   Code   RO         8240    i.prvAddCurrentTaskToDelayedList  tasks.o
    0x0800a16c   0x0800a16c   0x000000d0   Code   RO         8241    i.prvAddNewTaskToReadyList  tasks.o
    0x0800a23c   0x0800a23c   0x00000058   Code   RO         8605    i.prvCheckForValidListAndQueue  timers.o
    0x0800a294   0x0800a294   0x00000026   Code   RO         7837    i.prvCopyDataFromQueue  queue.o
    0x0800a2ba   0x0800a2ba   0x0000006c   Code   RO         7838    i.prvCopyDataToQueue  queue.o
    0x0800a326   0x0800a326   0x00000034   Code   RO         8242    i.prvDeleteTCB      tasks.o
    0x0800a35a   0x0800a35a   0x00000002   PAD
    0x0800a35c   0x0800a35c   0x00000050   Code   RO         9154    i.prvHeapInit       heap_4.o
    0x0800a3ac   0x0800a3ac   0x00000060   Code   RO         8243    i.prvIdleTask       tasks.o
    0x0800a40c   0x0800a40c   0x00000022   Code   RO         7840    i.prvInitialiseNewQueue  queue.o
    0x0800a42e   0x0800a42e   0x000000b0   Code   RO         8244    i.prvInitialiseNewTask  tasks.o
    0x0800a4de   0x0800a4de   0x00000002   PAD
    0x0800a4e0   0x0800a4e0   0x0000004c   Code   RO         9155    i.prvInsertBlockIntoFreeList  heap_4.o
    0x0800a52c   0x0800a52c   0x0000003c   Code   RO         8607    i.prvInsertTimerInActiveList  timers.o
    0x0800a568   0x0800a568   0x0000001c   Code   RO         7841    i.prvIsQueueEmpty   queue.o
    0x0800a584   0x0800a584   0x000000f8   Code   RO         8608    i.prvProcessReceivedCommands  timers.o
    0x0800a67c   0x0800a67c   0x000000c0   Code   RO         8609    i.prvProcessTimerOrBlockTask  timers.o
    0x0800a73c   0x0800a73c   0x00000020   Code   RO         8246    i.prvResetNextTaskUnblockTime  tasks.o
    0x0800a75c   0x0800a75c   0x00000028   Code   RO         8610    i.prvSampleTimeNow  timers.o
    0x0800a784   0x0800a784   0x0000006c   Code   RO         8611    i.prvSwitchTimerLists  timers.o
    0x0800a7f0   0x0800a7f0   0x00000028   Code   RO         9211    i.prvTaskExitError  port.o
    0x0800a818   0x0800a818   0x00000024   Code   RO         8612    i.prvTimerTask      timers.o
    0x0800a83c   0x0800a83c   0x0000006a   Code   RO         7842    i.prvUnlockQueue    queue.o
    0x0800a8a6   0x0800a8a6   0x00000002   PAD
    0x0800a8a8   0x0800a8a8   0x000000dc   Code   RO         9156    i.pvPortMalloc      heap_4.o
    0x0800a984   0x0800a984   0x00000030   Code   RO         9212    i.pxPortInitialiseStack  port.o
    0x0800a9b4   0x0800a9b4   0x00000026   Code   RO         7797    i.uxListRemove      list.o
    0x0800a9da   0x0800a9da   0x00000002   PAD
    0x0800a9dc   0x0800a9dc   0x00000018   Code   RO          321    i.vApplicationGetIdleTaskMemory  freertos.o
    0x0800a9f4   0x0800a9f4   0x00000018   Code   RO          322    i.vApplicationGetTimerTaskMemory  freertos.o
    0x0800aa0c   0x0800aa0c   0x00000016   Code   RO         7798    i.vListInitialise   list.o
    0x0800aa22   0x0800aa22   0x00000006   Code   RO         7799    i.vListInitialiseItem  list.o
    0x0800aa28   0x0800aa28   0x00000030   Code   RO         7800    i.vListInsert       list.o
    0x0800aa58   0x0800aa58   0x00000018   Code   RO         7801    i.vListInsertEnd    list.o
    0x0800aa70   0x0800aa70   0x00000040   Code   RO         9214    i.vPortEnterCritical  port.o
    0x0800aab0   0x0800aab0   0x00000028   Code   RO         9215    i.vPortExitCritical  port.o
    0x0800aad8   0x0800aad8   0x00000064   Code   RO         9157    i.vPortFree         heap_4.o
    0x0800ab3c   0x0800ab3c   0x00000024   Code   RO         9216    i.vPortSetupTimerInterrupt  port.o
    0x0800ab60   0x0800ab60   0x00000054   Code   RO         9217    i.vPortValidateInterruptPriority  port.o
    0x0800abb4   0x0800abb4   0x00000028   Code   RO         7848    i.vQueueAddToRegistry  queue.o
    0x0800abdc   0x0800abdc   0x00000044   Code   RO         7852    i.vQueueWaitForMessageRestricted  queue.o
    0x0800ac20   0x0800ac20   0x0000004c   Code   RO         8259    i.vTaskDelay        tasks.o
    0x0800ac6c   0x0800ac6c   0x00000010   Code   RO         8264    i.vTaskInternalSetTimeOutState  tasks.o
    0x0800ac7c   0x0800ac7c   0x0000000c   Code   RO         8265    i.vTaskMissedYield  tasks.o
    0x0800ac88   0x0800ac88   0x00000030   Code   RO         8267    i.vTaskPlaceOnEventList  tasks.o
    0x0800acb8   0x0800acb8   0x00000038   Code   RO         8268    i.vTaskPlaceOnEventListRestricted  tasks.o
    0x0800acf0   0x0800acf0   0x00000088   Code   RO         8276    i.vTaskStartScheduler  tasks.o
    0x0800ad78   0x0800ad78   0x00000010   Code   RO         8278    i.vTaskSuspendAll   tasks.o
    0x0800ad88   0x0800ad88   0x0000005c   Code   RO         8279    i.vTaskSwitchContext  tasks.o
    0x0800ade4   0x0800ade4   0x000000f4   Code   RO         9218    i.xPortStartScheduler  port.o
    0x0800aed8   0x0800aed8   0x00000066   Code   RO         7858    i.xQueueGenericCreateStatic  queue.o
    0x0800af3e   0x0800af3e   0x00000002   PAD
    0x0800af40   0x0800af40   0x00000094   Code   RO         7859    i.xQueueGenericReset  queue.o
    0x0800afd4   0x0800afd4   0x00000160   Code   RO         7860    i.xQueueGenericSend  queue.o
    0x0800b134   0x0800b134   0x000000be   Code   RO         7861    i.xQueueGenericSendFromISR  queue.o
    0x0800b1f2   0x0800b1f2   0x00000002   PAD
    0x0800b1f4   0x0800b1f4   0x0000013c   Code   RO         7870    i.xQueueReceive     queue.o
    0x0800b330   0x0800b330   0x00000078   Code   RO         8281    i.xTaskCheckForTimeOut  tasks.o
    0x0800b3a8   0x0800b3a8   0x0000005a   Code   RO         8282    i.xTaskCreate       tasks.o
    0x0800b402   0x0800b402   0x00000056   Code   RO         8283    i.xTaskCreateStatic  tasks.o
    0x0800b458   0x0800b458   0x0000001c   Code   RO         8287    i.xTaskGetSchedulerState  tasks.o
    0x0800b474   0x0800b474   0x0000000c   Code   RO         8288    i.xTaskGetTickCount  tasks.o
    0x0800b480   0x0800b480   0x000000cc   Code   RO         8290    i.xTaskIncrementTick  tasks.o
    0x0800b54c   0x0800b54c   0x000000a0   Code   RO         8293    i.xTaskPriorityDisinherit  tasks.o
    0x0800b5ec   0x0800b5ec   0x00000074   Code   RO         8295    i.xTaskRemoveFromEventList  tasks.o
    0x0800b660   0x0800b660   0x000000c4   Code   RO         8296    i.xTaskResumeAll    tasks.o
    0x0800b724   0x0800b724   0x00000060   Code   RO         8621    i.xTimerCreateTimerTask  timers.o
    0x0800b784   0x0800b784   0x00000068   Code   RO         8622    i.xTimerGenericCommand  timers.o
    0x0800b7ec   0x0800b7ec   0x0000000a   Code   RO        10966    x$fpl$fpinit        fz_wv.l(fpinit.o)
    0x0800b7f6   0x0800b7f6   0x00000002   PAD
    0x0800b7f8   0x0800b7f8   0x0000001c   Data   RO          332    .constdata          freertos.o
    0x0800b814   0x0800b814   0x00000008   Data   RO         2619    .constdata          stm32h7xx_hal_dma.o
    0x0800b81c   0x0800b81c   0x0000005c   Data   RO         4962    .constdata          stm32h7xx_hal_fdcan.o
    0x0800b878   0x0800b878   0x00000018   Data   RO         7166    .constdata          stm32h7xx_hal_uart.o
    0x0800b890   0x0800b890   0x00000010   Data   RO         7532    .constdata          stm32h7xx_hal_uart_ex.o
    0x0800b8a0   0x0800b8a0   0x00000010   Data   RO         7637    .constdata          system_stm32h7xx.o
    0x0800b8b0   0x0800b8b0   0x00000010   Data   RO          333    .conststring        freertos.o
    0x0800b8c0   0x0800b8c0   0x00000030   Data   RO        11060    Region$$Table       anon$$obj.o
    0x0800b8f0   0x0800b8f0   0x00000004   Data   RO        10431    .init_array         communicate.o
    0x0800b8f4   0x0800b8f0   0x00000000   Data   RO        10890    .init_array         c_w.l(init_aeabi.o)


    Execution Region RW_IRAM1 (Exec base: 0x20000000, Load base: 0x0800b8f4, Size: 0x00003c00, Max: 0x00020000, ABSOLUTE)

    Exec Addr    Load Addr    Size         Type   Attr      Idx    E Section Name        Object

    0x20000000        -       0x00003c00   Zero   RW         9162    .bss                heap_4.o


    Execution Region RW_IRAM2 (Exec base: 0x24000000, Load base: 0x0800b8f4, Size: 0x00002478, Max: 0x00020000, ABSOLUTE)

    Exec Addr    Load Addr    Size         Type   Attr      Idx    E Section Name        Object

    0x24000000   0x0800b8f4   0x00000004   Data   RW          339    .data               freertos.o
    0x24000004   0x0800b8f8   0x00000004   Data   RW          487    .data               fdcan.o
    0x24000008   0x0800b8fc   0x0000000c   Data   RW         3504    .data               stm32h7xx_hal.o
    0x24000014   0x0800b908   0x00000008   Data   RW         7638    .data               system_stm32h7xx.o
    0x2400001c   0x0800b910   0x0000003c   Data   RW         8299    .data               tasks.o
    0x24000058   0x0800b94c   0x00000014   Data   RW         8630    .data               timers.o
    0x2400006c   0x0800b960   0x00000020   Data   RW         9163    .data               heap_4.o
    0x2400008c   0x0800b980   0x0000000c   Data   RW         9219    .data               port.o
    0x24000098   0x0800b98c   0x00000001   Data   RW         9458    .data               usbd_ctlreq.o
    0x24000099   0x0800b98d   0x00000003   PAD
    0x2400009c   0x0800b990   0x00000004   Data   RW         9710    .data               can_receive.o
    0x240000a0   0x0800b994   0x0000001e   Data   RW        10429    .data               communicate.o
    0x240000be   0x0800b9b2   0x00000001   Data   RW        10430    .data               communicate.o
    0x240000bf   0x0800b9b3   0x00000001   PAD
    0x240000c0        -       0x000006b8   Zero   RW          331    .bss                freertos.o
    0x24000778        -       0x000000e8   Zero   RW          418    .bss                adc.o
    0x24000860        -       0x000001e0   Zero   RW          486    .bss                fdcan.o
    0x24000a40        -       0x0000005c   Zero   RW          539    .bss                octospi.o
    0x24000a9c        -       0x00000198   Zero   RW          583    .bss                spi.o
    0x24000c34        -       0x00000130   Zero   RW          639    .bss                tim.o
    0x24000d64        -       0x000002e4   Zero   RW          705    .bss                usart.o
    0x24001048        -       0x0000004c   Zero   RW          933    .bss                stm32h7xx_hal_timebase_tim.o
    0x24001094        -       0x00000704   Zero   RW         1197    .bss                usbd_conf.o
    0x24001798        -       0x00000040   Zero   RW         7874    .bss                queue.o
    0x240017d8        -       0x000000f0   Zero   RW         8298    .bss                tasks.o
    0x240018c8        -       0x00000118   Zero   RW         8629    .bss                timers.o
    0x240019e0        -       0x00000034   Zero   RW        10428    .bss                communicate.o
    0x24001a14        -       0x00000060   Zero   RW        10989    .bss                c_w.l(libspace.o)
    0x24001a74   0x0800b9b3   0x00000004   PAD
    0x24001a78        -       0x00000200   Zero   RW            2    HEAP                startup_stm32h723xx.o
    0x24001c78        -       0x00000800   Zero   RW            1    STACK               startup_stm32h723xx.o


==============================================================================

Image component sizes


      Code (inc. data)   RO Data    RW Data    ZI Data      Debug   Object Name

       424         44          0          0        232       1967   adc.o
       338         34          0          0          0       3561   bsp_fdcan.o
       216         28          0          4          0     934836   can_receive.o
       108          0          0          0          0      22459   cmsis_os.o
       230         62          4         31         52       5127   communicate.o
        32          6          0          0          0     969072   communicate_task.o
        44          4          0          0          0        742   dma.o
         0          0          0          0          0      19728   event_groups.o
       768         54          0          4        480       3349   fdcan.o
        88         20         44          4       1720       8088   freertos.o
       384         24          0          0          0       1123   gpio.o
       476         24          0         32      15360       4775   heap_4.o
        44          0          0          0          0        948   imu.o
       138          0          0          0          0       3458   list.o
       286         12          0          0          0    1348792   main.o
       452         36          0          0         92       1995   octospi.o
       790         84          0         12          0      11681   port.o
      1530         22          0          0         64      17236   queue.o
       752         64          0          0        408       3335   spi.o
        64         26        716          0       2560        828   startup_stm32h723xx.o
       120         28          0         12          0      22134   stm32h7xx_hal.o
      2426        156          0          0          0      74720   stm32h7xx_hal_adc.o
       304         22          0          0          0      67295   stm32h7xx_hal_adc_ex.o
       160         12          0          0          0      38742   stm32h7xx_hal_cortex.o
      4768        176          8          0          0       9655   stm32h7xx_hal_dma.o
      2926         48         92          0          0      22700   stm32h7xx_hal_fdcan.o
       550         44          0          0          0       2144   stm32h7xx_hal_gpio.o
        36          4          0          0          0        794   stm32h7xx_hal_msp.o
      1604         38          0          0          0       5693   stm32h7xx_hal_ospi.o
      2264         16          0          0          0      10406   stm32h7xx_hal_pcd.o
         2          0          0          0          0       1023   stm32h7xx_hal_pcd_ex.o
        84          6          0          0          0        773   stm32h7xx_hal_pwr_ex.o
      2614        128          0          0          0       8493   stm32h7xx_hal_rcc.o
      4618        168          0          0          0      10215   stm32h7xx_hal_rcc_ex.o
       380         14          0          0          0       1551   stm32h7xx_hal_spi.o
      2034        234          0          0          0      13599   stm32h7xx_hal_tim.o
       350         48          0          0          0       3952   stm32h7xx_hal_tim_ex.o
       132         22          0          0         76       1416   stm32h7xx_hal_timebase_tim.o
      2624        148         24          0          0      29147   stm32h7xx_hal_uart.o
       430         10         16          0          0       6245   stm32h7xx_hal_uart_ex.o
       180         84          0          0          0       9078   stm32h7xx_it.o
      1698         88          0          0          0      15370   stm32h7xx_ll_usb.o
         0          0          0          0          0        392   stream_buffer.o
       192         34         16          8          0       1326   system_stm32h7xx.o
      2140        158          0         60        240      26480   tasks.o
       876         80          0          0        304       4624   tim.o
       972         84          0         20        280      29699   timers.o
      1192         94          0          0        740       4846   usart.o
       360          4          0          0       1796      12650   usbd_conf.o
       760          0          0          0          0      11708   usbd_core.o
      1286         22          0          1          0      13887   usbd_ctlreq.o
       102          0          0          0          0       3736   usbd_ioreq.o

    ----------------------------------------------------------------------
     45408       2514        968        192      24404    3827593   Object Totals
         0          0         48          0          0          0   (incl. Generated)
        60          0          0          4          0          0   (incl. Padding)

    ----------------------------------------------------------------------

      Code (inc. data)   RO Data    RW Data    ZI Data      Debug   Library Member Name

         8          0          0          0          0         68   __main.o
         0          0          0          0          0          0   __rtentry.o
        12          0          0          0          0          0   __rtentry2.o
         6          0          0          0          0          0   __rtentry4.o
        52          8          0          0          0          0   __scatter.o
        26          0          0          0          0          0   __scatter_copy.o
        28          0          0          0          0          0   __scatter_zi.o
        16          0          0          0          0         68   aeabi_memset.o
        18          0          0          0          0         80   exit.o
         6          0          0          0          0        152   heapauxi.o
         0          0          0          0          0          0   indicate_semi.o
        36         10          0          0          0         80   init_aeabi.o
         2          0          0          0          0          0   libinit.o
        10          0          0          0          0          0   libinit2.o
         2          0          0          0          0          0   libshutdown.o
         2          0          0          0          0          0   libshutdown2.o
         8          4          0          0         96         68   libspace.o
       238          0          0          0          0        100   lludivv7m.o
        68          0          0          0          0         68   rt_memclr.o
        78          0          0          0          0         80   rt_memclr_w.o
       138          0          0          0          0         68   rt_memcpy_v6.o
       100          0          0          0          0         80   rt_memcpy_w.o
         2          0          0          0          0          0   rtexit.o
        10          0          0          0          0          0   rtexit2.o
        12          4          0          0          0         68   sys_exit.o
        74          0          0          0          0         80   sys_stackheap_outer.o
         2          0          0          0          0         68   use_no_semi.o
        10          0          0          0          0        116   fpinit.o

    ----------------------------------------------------------------------
       972         26          0          0        100       1244   Library Totals
         8          0          0          0          4          0   (incl. Padding)

    ----------------------------------------------------------------------

      Code (inc. data)   RO Data    RW Data    ZI Data      Debug   Library Name

       954         26          0          0         96       1128   c_w.l
        10          0          0          0          0        116   fz_wv.l

    ----------------------------------------------------------------------
       972         26          0          0        100       1244   Library Totals

    ----------------------------------------------------------------------

==============================================================================


      Code (inc. data)   RO Data    RW Data    ZI Data      Debug   

     46380       2540        968        192      24504    3795817   Grand Totals
     46380       2540        968        192      24504    3795817   ELF Image Totals
     46380       2540        968        192          0          0   ROM Totals

==============================================================================

    Total RO  Size (Code + RO Data)                47348 (  46.24kB)
    Total RW  Size (RW Data + ZI Data)             24696 (  24.12kB)
    Total ROM Size (Code + RO Data + RW Data)      47540 (  46.43kB)

==============================================================================

