<html>
<body>
<pre>
<h1>µVision Build Log</h1>
<h2>Tool Versions:</h2>
IDE-Version: ¦ÌVision V5.24.2.0
Copyright (C) 2017 ARM Ltd and ARM Germany GmbH. All rights reserved.
License Information: 11 3058650751@qq.com, 1, LIC=21E4T-R2YH9-KPHZY-IAL21-1FV8K-UCIBY
 
Tool Versions:
Toolchain:       MDK-ARM Plus  Version: 5.24.1
Toolchain Path:  D:\keil_mdk\ARM\ARMCC\Bin
C Compiler:      Armcc.exe V5.06 update 5 (build 528)
Assembler:       Armasm.exe V5.06 update 5 (build 528)
Linker/Locator:  ArmLink.exe V5.06 update 5 (build 528)
Library Manager: ArmAr.exe V5.06 update 5 (build 528)
Hex Converter:   FromElf.exe V5.06 update 5 (build 528)
CPU DLL:         SARMCM3.DLL V5.24.1
Dialog DLL:      DCM.DLL V1.16.0.0
Target DLL:      CMSIS_AGDI.dll V1.28.3.0
Dialog DLL:      TCM.DLL V1.32.0.0
 
<h2>Project:</h2>
D:\GitHub\blance_car\MDK-ARM\blance_car.uvprojx
Project File Date:  12/07/2025

<h2>Output:</h2>
*** Using Compiler 'V5.06 update 5 (build 528)', folder: 'D:\keil_mdk\ARM\ARMCC\Bin'
Build target 'blance_car'
compiling balance_task.cpp...
compiling Motor.cpp...
..\user_code\device\Motor.cpp(14): warning:  #1299-D: members and base-classes will be initialized in declaration order, not in member initialisation list order
      speed_pid(speed_parm != NULL ? 
..\user_code\device\Motor.cpp(16): warning:  #1299-D: members and base-classes will be initialized in declaration order, not in member initialisation list order
      encode_angle_pid(encode_parm != NULL ? 
..\user_code\device\Motor.cpp(18): warning:  #1299-D: members and base-classes will be initialized in declaration order, not in member initialisation list order
      gyro_angle_pid(gyro_parm != NULL ? 
..\user_code\device\Motor.cpp: 3 warnings, 0 errors
compiling car.cpp...
compiling communicate.cpp...
linking...
Program Size: Code=47592 RO-data=1012 RW-data=216 ZI-data=25096  
FromELF: creating hex file...
"blance_car\blance_car.axf" - 0 Error(s), 3 Warning(s).

<h2>Software Packages used:</h2>

Package Vendor: ARM
                http://www.keil.com/pack/ARM.CMSIS.5.0.1.pack
                ARM.CMSIS.5.0.1
                CMSIS (Cortex Microcontroller Software Interface Standard)
   * Component: CORE Version: 5.0.1

Package Vendor: Keil
                https://www.keil.com/pack/Keil.STM32H7xx_DFP.3.1.1.pack
                Keil.STM32H7xx_DFP.3.1.1
                STMicroelectronics STM32H7 Series Device Support and Examples

<h2>Collection of Component include folders:</h2>
  .\RTE\_blance_car
  D:\keil_mdk\ARM\PACK\ARM\CMSIS\5.0.1\CMSIS\Include
  D:\keil_mdk\ARM\PACK\Keil\STM32H7xx_DFP\3.1.1\Drivers\CMSIS\Device\ST\STM32H7xx\Include

<h2>Collection of Component Files used:</h2>

   * Component: ARM::CMSIS:CORE:5.0.1
Build Time Elapsed:  00:00:34
</pre>
</body>
</html>
